******************************************************************************
               TMS320C6x Linker Unix v6.1.17                   
******************************************************************************
>> Linked Tue Jun  6 11:30:33 2017

OUTPUT FILE NAME:   <Release/pool_notify.out>
ENTRY POINT SYMBOL: "_c_int00"  address: 87e36e80


MEMORY CONFIGURATION

         name            origin    length      used     unused   attr    fill
----------------------  --------  ---------  --------  --------  ----  --------
  IRAM                  107f8000   00010000  00000000  00010000  RWIX
  CACHE_L2              10808000   00008000  00000000  00008000  RWIX
  CACHE_L1P             10e04000   00004000  00000000  00004000  RWIX
  L1DSRAM               10f04000   00004000  00000000  00004000  RWIX
  CACHE_L1D             10f10000   00008000  00000000  00008000  RWIX
  RESET_VECTOR          87e00000   00000080  00000000  00000080  RWIX
  DDR2                  87e00080   000fff80  00037ec9  000c80b7  RWIX
  DSPLINKMEM            87f00000   00030000  00000000  00030000  RWIX
  POOLMEM               87f30000   000d0000  00000000  000d0000  RWIX


SECTION ALLOCATION MAP

 output                                  attributes/
section   page    origin      length       input sections
--------  ----  ----------  ----------   ----------------
.vers      0    00000000    00000040     COPY SECTION
                  00000000    00000040     pool_notifycfg.obj (.vers)

.pinit     0    87e00080    00000000     UNINITIALIZED

.prd       0    87e00080    00000000     UNINITIALIZED

.data      0    87e00080    00000000     UNINITIALIZED

.hst       0    87e00080    00000000     UNINITIALIZED

.pip       0    87e00080    00000000     UNINITIALIZED

.DDR2$heap 
*          0    87e00080    00020000     UNINITIALIZED
                  87e00080    00020000     --HOLE--

.text      0    87e20080    0000a9e0     
                  87e20080    00003060     dsplinkringio.lib : _ringio.obj (.text)
                  87e230e0    000019a0     task.obj (.text)
                  87e24a80    00001800     dspMeanshift.obj (.text)
                  87e26280    00000e60     dsplinkmpcs.lib : mpcs.obj (.text)
                  87e270e0    00000d40     dsplink.lib : ips.obj (.text)
                  87e27e20    000005a0                 : dsplink.obj (.text)
                  87e283c0    00000540     dsplinkpool.lib : sma_pool.obj (.text)
                  87e28900    00000500     rts64plus.lib : divf.obj (.text:__divf)
                  87e28e00    00000460     dsplinkmpcs.lib : _mpcs.obj (.text)
                  87e29260    00000200     rts64plus.lib : mpyf.obj (.text:__mpyf)
                  87e29460    00000200     dsplinkmplist.lib : _mplist.obj (.text)
                  87e29660    000001c0     dsplink.lib : hal_interrupt.obj (.text:DSPLINK_init)
                  87e29820    00000140     IQmath_c64x+.lib : IQNsqrt.obj (.text)
                  87e29960    00000120     dsplinknotify.lib : notify.obj (.text)
                  87e29a80    00000100     IQmath_c64x+.lib : IQNdiv.obj (.text)
                  87e29b80    00000100     dsp_main.obj (.text)
                  87e29c80    00000100     dsplink.lib : hal_interrupt.obj (.text)
                  87e29d80    000000e0                 : shm_drv.obj (.text:DSPLINK_init)
                  87e29e60    000000e0     rts64plus.lib : cmpd.obj (.text:__cmpd)
                  87e29f40    000000e0                   : atoi.obj (.text:_atoi)
                  87e2a020    000000e0                   : memset.obj (.text:_memset)
                  87e2a100    000000c0     dsplink.lib : dsplink.obj (.text:DSPLINK_init)
                  87e2a1c0    000000c0     rts64plus.lib : divu.obj (.text:__divu)
                  87e2a280    000000c0     bios.a64P : tsk_stup.o64P (.text)
                  87e2a340    000000c0     dsplinknotify.lib : _notify.obj (.text)
                  87e2a400    000000a0     dsplink.lib : dsplinkips.obj (.text:DSPLINK_init)
                  87e2a4a0    000000a0     dsplinkpool.lib : dsplinkpool.obj (.text:DSPLINK_init)
                  87e2a540    000000a0     rts64plus.lib : frcmpyf_div.obj (.text:__frcmpyf_div)
                  87e2a5e0    000000a0                   : remu.obj (.text:__remu)
                  87e2a680    000000a0                   : memcpy64.obj (.text:_memcpy)
                  87e2a720    00000080                   : cmpf.obj (.text:__cmpf)
                  87e2a7a0    00000080                   : fixfu.obj (.text:__fixfu)
                  87e2a820    00000060                   : cvtfd.obj (.text:__cvtfd)
                  87e2a880    00000060                   : frcmpyf.obj (.text:__frcmpyf)
                  87e2a8e0    00000040     dsplinkdata.lib : dsplinkdata.obj (.text:DSPLINK_init)
                  87e2a920    00000040     dsplinkmsg.lib : dsplinkmqt.obj (.text:DSPLINK_init)
                  87e2a960    00000040     rts64plus.lib : fltuf.obj (.text:__fltuf)
                  87e2a9a0    00000040     dsplink.lib : hal.obj (.text)
                  87e2a9e0    00000020     rts64plus.lib : divf.obj (.text:___isnanf)
                  87e2aa00    00000020                   : _lock.obj (.text:__nop)
                  87e2aa20    00000020                   : _lock.obj (.text:__register_lock)
                  87e2aa40    00000020                   : _lock.obj (.text:__register_unlock)

.far       0    87e2aa60    000054da     UNINITIALIZED
                  87e2aa60    00004ef8     dspMeanshift.obj (.far)
                  87e2f958    00000168     IQmath_RAM_c64x+.lib : IQmathTables.obj (.far)
                  87e2fac0    00000120     dsplink.lib : ips.obj (.far)
                  87e2fbe0    000000d8     bios.a64P : knl.o64P (.far)
                  87e2fcb8    00000080     dsplinkpool.lib : dsplinkpool.obj (.far)
                  87e2fd38    0000005c     bios.a64P : tsk.o64P (.far)
                  87e2fd94    00000004     bios3430.a64P : bcache_wait.o64P (.far)
                  87e2fd98    00000054     bios.a64P : obj_init.o64P (.far)
                  87e2fdec    00000050               : tsk_stup.o64P (.far)
                  87e2fe3c    00000004     bios3430.a64P : clk2430_data.o64P (.far)
                  87e2fe40    00000020     bios.a64P : sys.o64P (.far)
                  87e2fe60    00000020     pool_notify_config.obj (.far)
                  87e2fe80    00000014     dsplink.lib : hal_interrupt.obj (.far)
                  87e2fe94    00000014     task.obj (.far)
                  87e2fea8    00000010     bios.a64P : exc.o64P (.far)
                  87e2feb8    00000010               : knl_tick.o64P (.far)
                  87e2fec8    0000000c               : hwi_disp.o64P (.far)
                  87e2fed4    0000000c               : utl_putc.o64P (.far)
                  87e2fee0    0000000c     bios3430.a64P : bcache_table.o64P (.far)
                  87e2feec    00000008     dsp_main.obj (.far)
                  87e2fef4    00000008     dsplinkmpcs.lib : _mpcs.obj (.far)
                  87e2fefc    00000008     dsplinkmplist.lib : _mplist.obj (.far)
                  87e2ff04    00000008     dsplinknotify.lib : _notify.obj (.far)
                  87e2ff0c    00000008     dsplinkringio.lib : ringio.obj (.far)
                  87e2ff14    00000008     rts64plus.lib : _lock.obj (.far)
                  87e2ff1c    00000004     dsplink.lib : shm_drv.obj (.far)
                  87e2ff20    00000008     rts64plus.lib : divf.obj (.far)
                  87e2ff28    00000004     dsplinkdata.lib : dsplinkdata.obj (.far)
                  87e2ff2c    00000004     dsplinkmpcs.lib : mpcs.obj (.far)
                  87e2ff30    00000004     dsplinkmsg.lib : dsplinkmqt.obj (.far)
                  87e2ff34    00000004     pool_notifycfg.obj (.far)
                  87e2ff38    00000002     dsplink.lib : dsplink.obj (.far)

.idl       0    87e2ff3c    00000004     UNINITIALIZED
                  87e2ff3c    00000004     pool_notifycfg.obj (.idl)

.bios      0    87e2ff40    000043c0     
                  87e2ff40    00000520     bios.a64P : exc.o64P (.bios)
                  87e30460    000004e0               : hwi_disp_asm.o64P (.bios)
                  87e30940    000004c0               : swi.o64P (.bios)
                  87e30e00    00000380               : prd.o64P (.bios)
                  87e31180    00000340               : tsk_crea.o64P (.bios)
                  87e314c0    00000240               : knl_run.o64P (.bios)
                  87e31700    00000200               : sem_pend.o64P (.bios)
                  87e31900    00000200     bios3430.a64P : clk2430.o64P (.bios)
                  87e31b00    000001e0     bios.a64P : mem_allo.o64P (.bios:.near)
                  87e31ce0    000001e0               : c62_plug.o64P (.bios)
                  87e31ec0    000001e0               : exc_asm.o64P (.bios)
                  87e320a0    000001e0               : knl_tick.o64P (.bios)
                  87e32280    000001c0               : mem_free.o64P (.bios:.near)
                  87e32440    000001c0               : sem_dopo.o64P (.bios)
                  87e32600    000001c0     bios3430.a64P : clk.o64P (.bios)
                  87e327c0    000001a0     bios.a64P : tsk_setu.o64P (.bios)
                  87e32960    00000180               : knl_swit.o64P (.bios)
                  87e32ae0    00000140               : autoinit.o64P (.bios)
                  87e32c20    00000140               : knl_read.o64P (.bios)
                  87e32d60    00000140               : tsk_exit.o64P (.bios)
                  87e32ea0    00000140     bios3430.a64P : bcache_init.o64P (.bios)
                  87e32fe0    00000140                   : clk2430_reconfig.o64P (.bios)
                  87e33120    00000120     bios.a64P : gbl_cacheinit64P.o64P (.bios)
                  87e33240    00000120               : knl_chec.o64P (.bios)
                  87e33360    00000120               : tsk_stup.o64P (.bios)
                  87e33480    00000100     bios3430.a64P : bcache_block.o64P (.bios)
                  87e33580    000000e0     bios.a64P : sem_post_asm.o64P (.bios)
                  87e33660    000000c0               : knl_exit.o64P (.bios)
                  87e33720    000000a0               : knl_star.o64P (.bios)
                  87e337c0    000000a0               : sem_post.o64P (.bios)
                  87e33860    000000a0               : sys_exit.o64P (.bios)
                  87e33900    00000080               : hwi_disp.o64P (.bios)
                  87e33980    00000080               : hwi_eventmap64P.o64P (.bios)
                  87e33a00    00000080               : knl_ipos.o64P (.bios)
                  87e33a80    00000080               : knl_post.o64P (.bios)
                  87e33b00    00000080               : lck.o64P (.bios)
                  87e33b80    00000080               : log.o64P (.bios)
                  87e33c00    00000080               : obj_crea.o64P (.bios)
                  87e33c80    00000080     bios3430.a64P : bcache_all.o64P (.bios)
                  87e33d00    00000080                   : bcache_wait.o64P (.bios)
                  87e33d80    00000060     bios.a64P : mem_vall.o64P (.bios:.near)
                  87e33de0    00000060               : sys_erro.o64P (.bios:.near)
                  87e33e40    00000060               : fxn.o64P (.bios)
                  87e33ea0    00000060               : hwi_c.o64P (.bios)
                  87e33f00    00000060               : obj_dele.o64P (.bios)
                  87e33f60    00000060               : sem_pend_counting.o64P (.bios)
                  87e33fc0    00000060               : sts.o64P (.bios)
                  87e34020    00000060               : swi_disable.o64P (.bios)
                  87e34080    00000060               : sys_abor.o64P (.bios)
                  87e340e0    00000060               : utl_putc.o64P (.bios)
                  87e34140    00000040               : c62_c.o64P (.bios)
                  87e34180    00000040               : que_get.o64P (.bios)
                  87e341c0    00000040               : utl_doab.o64P (.bios)
                  87e34200    00000020               : fxn_c.o64P (.bios)
                  87e34220    00000020               : gbl_vers.o64P (.bios)
                  87e34240    00000020               : hook_setenv.o64P (.bios)
                  87e34260    00000020               : idl.o64P (.bios)
                  87e34280    00000020               : sts_set.o64P (.bios)
                  87e342a0    00000020               : utl_doer.o64P (.bios)
                  87e342c0    00000020               : utl_halt.o64P (.bios)
                  87e342e0    00000020     bios3430.a64P : clk2430_gethtime.o64P (.bios)

.stack     0    87e34300    00001000     UNINITIALIZED
                  87e34300    00001000     --HOLE--

.cinit     0    87e35300    00000d6c     
                  87e35300    0000030c     pool_notifycfg.obj (.cinit)
                  87e3560c    00000004     --HOLE-- [fill = 0]
                  87e35610    0000026c     bios.a64P : biosdata.o64P (.cinit)
                  87e3587c    00000004     --HOLE-- [fill = 0]
                  87e35880    000001a4               : knl.o64P (.cinit)
                  87e35a24    00000004     --HOLE-- [fill = 0]
                  87e35a28    00000188     IQmath_RAM_c64x+.lib : IQmathTables.obj (.cinit)
                  87e35bb0    000000b0     bios.a64P : swi.o64P (.cinit)
                  87e35c60    00000070               : tsk.o64P (.cinit)
                  87e35cd0    00000060               : tsk_stup.o64P (.cinit)
                  87e35d30    0000003c               : exc.o64P (.cinit)
                  87e35d6c    00000004     --HOLE-- [fill = 0]
                  87e35d70    00000036     pool_notify_config.obj (.cinit)
                  87e35da6    00000002     --HOLE-- [fill = 0]
                  87e35da8    00000034     bios.a64P : hwi.o64P (.cinit)
                  87e35ddc    00000004     --HOLE-- [fill = 0]
                  87e35de0    0000002c               : utl_putc.o64P (.cinit)
                  87e35e0c    00000004     --HOLE-- [fill = 0]
                  87e35e10    0000002c     dspMeanshift.obj (.cinit)
                  87e35e3c    00000004     --HOLE-- [fill = 0]
                  87e35e40    00000028     dsplink.lib : ips.obj (.cinit)
                  87e35e68    00000024     bios.a64P : obj_init.o64P (.cinit)
                  87e35e8c    00000004     --HOLE-- [fill = 0]
                  87e35e90    0000001c               : exc_asm.o64P (.cinit)
                  87e35eac    00000004     --HOLE-- [fill = 0]
                  87e35eb0    0000001c               : sys.o64P (.cinit)
                  87e35ecc    00000004     --HOLE-- [fill = 0]
                  87e35ed0    0000001c     dsplinkmpcs.lib : _mpcs.obj (.cinit)
                  87e35eec    00000004     --HOLE-- [fill = 0]
                  87e35ef0    0000001c     dsplinkmplist.lib : _mplist.obj (.cinit)
                  87e35f0c    00000004     --HOLE-- [fill = 0]
                  87e35f10    0000001c     dsplinknotify.lib : _notify.obj (.cinit)
                  87e35f2c    00000004     --HOLE-- [fill = 0]
                  87e35f30    0000001c     dsplinkringio.lib : ringio.obj (.cinit)
                  87e35f4c    00000004     --HOLE-- [fill = 0]
                  87e35f50    0000001c     rts64plus.lib : _lock.obj (.cinit)
                  87e35f6c    00000004     --HOLE-- [fill = 0]
                  87e35f70    0000001c     task.obj (.cinit)
                  87e35f8c    00000004     --HOLE-- [fill = 0]
                  87e35f90    00000018     bios.a64P : knl_tick.o64P (.cinit)
                  87e35fa8    00000014               : hwi_disp.o64P (.cinit)
                  87e35fbc    00000004     --HOLE-- [fill = 0]
                  87e35fc0    00000014     bios3430.a64P : bcache_table.o64P (.cinit)
                  87e35fd4    00000004     --HOLE-- [fill = 0]
                  87e35fd8    00000010     rts64plus.lib : divf.obj (.cinit)
                  87e35fe8    0000000c     bios.a64P : knl_star.o64P (.cinit)
                  87e35ff4    00000004     --HOLE-- [fill = 0]
                  87e35ff8    0000000c               : knl_swit.o64P (.cinit)
                  87e36004    00000004     --HOLE-- [fill = 0]
                  87e36008    0000000c               : pool.o64P (.cinit)
                  87e36014    00000004     --HOLE-- [fill = 0]
                  87e36018    0000000c     bios3430.a64P : bcache_wait.o64P (.cinit)
                  87e36024    00000004     --HOLE-- [fill = 0]
                  87e36028    0000000c     dsplink.lib : shm_drv.obj (.cinit)
                  87e36034    00000004     --HOLE-- [fill = 0]
                  87e36038    0000000c     dsplinkmsg.lib : dsplinkmqt.obj (.cinit)
                  87e36044    00000004     --HOLE-- [fill = 0]
                  87e36048    0000000a     bios.a64P : pool_init.o64P (.cinit)
                  87e36052    00000006     --HOLE-- [fill = 0]
                  87e36058    0000000a     dsplink.lib : dsplink.obj (.cinit)
                  87e36062    00000006     --HOLE-- [fill = 0]
                  87e36068    00000004     (.pad.cinit) [fill = 0]

.idlcal    0    87e3606c    00000004     UNINITIALIZED
                  87e3606c    00000004     pool_notifycfg.obj (.idlcal)

.const     0    87e36070    00000a0d     
                  87e36070    00000404     IQmath_RAM_c64x+.lib : IQmathTables.obj (.const:_IQdivTable)
                  87e36474    00000004     bios.a64P : mem_allo.o64P (.const)
                  87e36478    00000204     IQmath_RAM_c64x+.lib : IQmathTables.obj (.const:_IQisqrtTable)
                  87e3667c    00000193     bios.a64P : exc.o64P (.const)
                  87e3680f    00000001     --HOLE-- [fill = 0]
                  87e36810    00000101     rts64plus.lib : ctype.obj (.const:__ctypes_)
                  87e36911    0000004e     bios.a64P : pool_init.o64P (.const)
                  87e3695f    0000004e               : tsk_stup.o64P (.const)
                  87e369ad    00000023               : utl_doab.o64P (.const)
                  87e369d0    00000022               : utl_doer.o64P (.const)
                  87e369f2    00000019     dsplinkmplist.lib : _mplist.obj (.const:.string)
                  87e36a0b    00000019     dsplinkringio.lib : _ringio.obj (.const:.string)
                  87e36a24    00000012     dsplinkmpcs.lib : _mpcs.obj (.const:.string)
                  87e36a36    00000012                     : mpcs.obj (.const:.string)
                  87e36a48    00000012     dsplinkpool.lib : sma_pool.obj (.const:.string)
                  87e36a5a    00000002     --HOLE-- [fill = 0]
                  87e36a5c    00000010                     : sma_pool.obj (.const)
                  87e36a6c    0000000b     dsplink.lib : dsplink.obj (.const:.string)
                  87e36a77    00000004     bios.a64P : mem_free.o64P (.const)
                  87e36a7b    00000001     --HOLE-- [fill = 0]
                  87e36a7c    00000001               : tsk.o64P (.const)

.printf    0    87e36a7d    0000001a     COPY SECTION
                  87e36a7d    0000001a     pool_notifycfg.obj (.printf)

.sysinit   0    87e36a80    000005e0     
                  87e36a80    000002e0     pool_notifycfg.obj (.sysinit)
                  87e36d60    00000120     bios.a64P : pool_init.o64P (.sysinit)
                  87e36e80    000000c0               : boot.o64P (.sysinit)
                  87e36f40    000000a0               : mem_init.o64P (.sysinit)
                  87e36fe0    00000060               : tsk_init.o64P (.sysinit)
                  87e37040    00000020               : obj_init.o64P (.sysinit)

.TSK_idle$stk 
*          0    87e37060    00000400     UNINITIALIZED
                  87e37060    00000400     pool_notifycfg.obj (.TSK_idle$stk)

.bss       0    87e37460    00000336     UNINITIALIZED
                  87e37460    00000100     bios.a64P : hwi_disp_asm.o64P (.bss)
                  87e37560    000000cc               : biosdata.o64P (.bss)
                  87e3762c    0000009c               : swi.o64P (.bss)
                  87e376c8    00000048               : knl.o64P (.bss)
                  87e37710    00000020               : exc_asm.o64P (.bss)
                  87e37730    00000018               : hwi.o64P (.bss)
                  87e37748    00000010               : exc.o64P (.bss)
                  87e37758    00000010     pool_notifycfg.obj (.bss)
                  87e37768    0000000c     bios.a64P : tsk.o64P (.bss)
                  87e37774    00000008               : clk_data.o64P (.bss)
                  87e3777c    00000008               : sys.o64P (.bss)
                  87e37784    00000004               : clk_data2.o64P (.bss)
                  87e37788    00000004               : knl_star.o64P (.bss)
                  87e3778c    00000004               : mem_asm.o64P (.bss)
                  87e37790    00000004               : pool.o64P (.bss)
                  87e37794    00000002               : pool_init.o64P (.bss)

.tsk       0    87e37798    00000060     UNINITIALIZED
                  87e37798    00000060     pool_notifycfg.obj (.tsk)

.clk       0    87e377f8    00000008     UNINITIALIZED
                  87e377f8    00000008     pool_notifycfg.obj (.clk)

.hwi_vec   0    87e37800    00000200     
                  87e37800    00000200     pool_notifycfg.obj (.hwi_vec)

.trace     0    87e37a00    00000200     
                  87e37a00    00000200     --HOLE-- [fill = 00000000]

.LOG_system$buf 
*          0    87e37c00    00000100     UNINITIALIZED
                  87e37c00    00000100     pool_notifycfg.obj (.LOG_system$buf)

.data:DSPLINK_shmBaseAddress 
*          0    87e37d00    00000084     
                  87e37d00    00000084     dsplink.lib : dsplink.obj (.data:DSPLINK_shmBaseAddress) [fill = c3f05000]

.args      0    87e37d84    00000050     
                  87e37d84    00000050     --HOLE-- [fill = 0]

.swi       0    87e37dd4    0000002c     UNINITIALIZED
                  87e37dd4    0000002c     pool_notifycfg.obj (.swi)

.trace$buf 
*          0    87e37e00    00000080     UNINITIALIZED
                  87e37e00    00000080     pool_notifycfg.obj (.trace$buf)

.switch    0    87e37e80    0000003c     
                  87e37e80    0000002c     task.obj (.switch)
                  87e37eac    00000010     dsplinkringio.lib : _ringio.obj (.switch)

.gblinit   0    87e37ebc    00000034     
                  87e37ebc    00000034     pool_notifycfg.obj (.gblinit)

.log       0    87e37ef0    00000030     
                  87e37ef0    00000030     pool_notifycfg.obj (.log)

.sts       0    87e37f20    00000010     
                  87e37f20    00000010     pool_notifycfg.obj (.sts)

.sys       0    87e37f30    00000010     UNINITIALIZED
                  87e37f30    00000010     pool_notifycfg.obj (.sys)

.trcdata   0    87e37f40    0000000c     
                  87e37f40    0000000c     bios.a64P : trc.o64P (.trcdata)

.mem       0    87e37f4c    00000004     UNINITIALIZED
                  87e37f4c    00000004     pool_notifycfg.obj (.mem)


GLOBAL SYMBOLS: SORTED ALPHABETICALLY BY Name 

address    name
--------   ----
87e37460   $bss
87e37460   .bss
87e00080   .data
87e20080   .text
87e36a80   BIOS_init
87e36ccc   BIOS_start
00000000   BUF$
00000001   BUF_ENABLED
ffffffff   CACHE_L1D
ffffffff   CACHE_L1P
ffffffff   CACHE_L2
00000001   CLK$
87e377f8   CLK_A_TABBEG
00000001   CLK_CALDIV
00000001   CLK_CALMULT
00050910   CLK_COUNTSPMS
00000005   CLK_COUNTSPMSHIGH
87e37588   CLK_D_idletime
87e37584   CLK_D_isrhook
87e37580   CLK_D_tabbeg
87e3757c   CLK_D_timefxn
00000001   CLK_ENABLEHTIME
87e32600   CLK_F_getltime
87e32610   CLK_F_isr
87e32760   CLK_F_itime
87e30460   CLK_HOOKFXN
00000001   CLK_HTIMEDIV
00000001   CLK_HTIMEMULT
00050910   CLK_HTIMEPERLTIME
00004b00   CLK_INPUTCLK
00004000   CLK_INTBIT
00000001   CLK_LTIMEDIV
00050910   CLK_LTIMEMULT
000003e8   CLK_MICROSECS
00004b00   CLK_PRD
00000000   CLK_PRDHIGH
49038000   CLK_REGS
00000000   CLK_RESETTIMER
87e37578   CLK_R_time
00000020   CLK_TCR
00000000   CLK_TDDR
00000000   CLK_TDDRHIGH
87e342e0   CLK_TIMEFXN
00000000   CLK_TIMERNUM
00000005   CLK_TIMMODE
00000001   CLK_USETIMER
87e377fc   CLK_null
87e37764   DDR2
87e00080   DDR2$B
00020000   DDR2$L
00000000   DEV$
00000000   DGN$
00000000   DHL$
00000000   DHL_gChannelsAvailable
00000000   DIO$
00000000   DIO_NUMSWIBASE
00000000   DIO_NUMTSKBASE
00000000   DIO_STATIC
00000000   DPI$
ffffffff   DSPLINKMEM
00000000   ECM$
00000000   ECM_ENABLE
ffffffff   ECM_EVTMASK0
ffffffff   ECM_EVTMASK1
ffffffff   ECM_EVTMASK2
ffffffff   ECM_EVTMASK3
0000000a   EVENT10
00000064   EVENT100
00000065   EVENT101
00000066   EVENT102
00000067   EVENT103
00000068   EVENT104
00000069   EVENT105
0000006a   EVENT106
0000006b   EVENT107
0000006c   EVENT108
0000006d   EVENT109
0000000b   EVENT11
0000006e   EVENT110
0000006f   EVENT111
00000070   EVENT112
00000071   EVENT113
00000072   EVENT114
00000073   EVENT115
00000074   EVENT116
00000075   EVENT117
00000076   EVENT118
00000077   EVENT119
0000000c   EVENT12
00000078   EVENT120
00000079   EVENT121
0000007a   EVENT122
0000007b   EVENT123
0000007c   EVENT124
0000007d   EVENT125
0000007e   EVENT126
0000007f   EVENT127
0000000d   EVENT13
0000000e   EVENT14
0000000f   EVENT15
00000010   EVENT16
00000011   EVENT17
00000012   EVENT18
00000013   EVENT19
00000014   EVENT20
00000015   EVENT21
00000016   EVENT22
00000017   EVENT23
00000018   EVENT24
00000019   EVENT25
0000001a   EVENT26
0000001b   EVENT27
0000001c   EVENT28
0000001d   EVENT29
0000001e   EVENT30
0000001f   EVENT31
00000020   EVENT32
00000021   EVENT33
00000022   EVENT34
00000023   EVENT35
00000024   EVENT36
00000025   EVENT37
00000026   EVENT38
00000027   EVENT39
00000004   EVENT4
00000028   EVENT40
00000029   EVENT41
0000002a   EVENT42
0000002b   EVENT43
0000002c   EVENT44
0000002d   EVENT45
0000002e   EVENT46
0000002f   EVENT47
00000030   EVENT48
00000031   EVENT49
00000005   EVENT5
00000032   EVENT50
00000033   EVENT51
00000034   EVENT52
00000035   EVENT53
00000036   EVENT54
00000037   EVENT55
00000038   EVENT56
00000039   EVENT57
0000003a   EVENT58
0000003b   EVENT59
00000006   EVENT6
0000003c   EVENT60
0000003d   EVENT61
0000003e   EVENT62
0000003f   EVENT63
00000040   EVENT64
00000041   EVENT65
00000042   EVENT66
00000043   EVENT67
00000044   EVENT68
00000045   EVENT69
00000007   EVENT7
00000046   EVENT70
00000047   EVENT71
00000048   EVENT72
00000049   EVENT73
0000004a   EVENT74
0000004b   EVENT75
0000004c   EVENT76
0000004d   EVENT77
0000004e   EVENT78
0000004f   EVENT79
00000008   EVENT8
00000050   EVENT80
00000051   EVENT81
00000052   EVENT82
00000053   EVENT83
00000054   EVENT84
00000055   EVENT85
00000056   EVENT86
00000057   EVENT87
00000058   EVENT88
00000059   EVENT89
00000009   EVENT9
0000005a   EVENT90
0000005b   EVENT91
0000005c   EVENT92
0000005d   EVENT93
0000005e   EVENT94
0000005f   EVENT95
00000060   EVENT96
00000061   EVENT97
00000062   EVENT98
00000063   EVENT99
87e33e40   FXN_F_nop
87e33e44   FXN_F_run
87e33e80   FXN_F_zero
00000001   GBL$
00005205   GBL_A_VERSION
00000000   GBL_BCACHEREADADDR0
00000000   GBL_BCACHEREADADDR1
00000000   GBL_BCACHEREADADDR2
00000000   GBL_BIGENDIAN
00000000   GBL_CACHE
00000000   GBL_CALLCSLCFGINIT
00004e20   GBL_CLKIN
00000d66   GBL_CLKTYPE
00001963   GBL_DSPSUBTYPE
0000003e   GBL_DSPTYPE
00000000   GBL_ENABLEINST
00000000   GBL_ENABLE_SK
00000042   GBL_FOOTPRINT
00050910   GBL_FREQ
00000000   GBL_GEMTRUECOMPEN
00000007   GBL_L1DMODE
00000003   GBL_L1PMODE
00000001   GBL_L2CONFIGURE
00000000   GBL_L2MAR0_31
00000080   GBL_L2MAR128_159
00000000   GBL_L2MAR160_191
00000000   GBL_L2MAR192_223
00000000   GBL_L2MAR224_255
00000000   GBL_L2MAR32_63
00000000   GBL_L2MAR64_95
00000000   GBL_L2MAR96_127
00000001   GBL_L2MODE
00000000   GBL_NULL
00000000   GBL_PROCID
00000000   GBL_ROM
00000000   GBL_SUPPORTCSL
00004000   GBL_TRCMASKVALUE
00000000   GBL_USERINIT
87e34200   GBL_USERINITFXN
00000001   GBL_boot
87e37f48   GBL_initdone
87e34300   GBL_stackbeg
87e352ff   GBL_stackend
00000000   GIO$
87e34200   GIO_CREATEFXN
87e34200   GIO_DELETEFXN
87e34200   GIO_PENDFXN
87e34200   GIO_POSTFXN
00000000   HOOK$
00000000   HOOK_KNLID
00000000   HST$
87e00080   HST_A_TABBEG
87e00080   HST_A_TABEND
00000000   HST_DSM
87e37764   HST_DSMBUFSEG
00000400   HST_DSMMEMSIZE
87e375f4   HST_D_chanmask
87e375f8   HST_D_tabbeg
87e375fc   HST_D_tabend
00000100   HST_MAXFRAMEALLOWED
00000000   HST_MAXFRAMESET
00000001   HST_NONE
00000000   HST_RTDX
00000001   HWI$
87e37800   HWI_A_VECS
00004000   HWI_CFGDISPATCHED
87e37740   HWI_D_bss
87e37744   HWI_D_ccmask
87e37730   HWI_D_spsave
00000001   HWI_ENABLE_EXC
87e30460   HWI_F_dispatch
00000000   HWI_GENERATE_RESET_VEC
0000000a   HWI_INT10
00000000   HWI_INT10$hwi
0000000b   HWI_INT11
00000000   HWI_INT11$hwi
0000000c   HWI_INT12
00000000   HWI_INT12$hwi
0000000d   HWI_INT13
00000000   HWI_INT13$hwi
0000000e   HWI_INT14
00000000   HWI_INT14$hwi
0000000f   HWI_INT15
00000000   HWI_INT15$hwi
00000004   HWI_INT4
00000000   HWI_INT4$hwi
00000005   HWI_INT5
00000000   HWI_INT5$hwi
00000006   HWI_INT6
00000000   HWI_INT6$hwi
00000007   HWI_INT7
00000000   HWI_INT7$hwi
00000008   HWI_INT8
00000000   HWI_INT8$hwi
00000009   HWI_INT9
00000000   HWI_INT9$hwi
07060504   HWI_INTRMUX1
0a0a0908   HWI_INTRMUX2
34330d0b   HWI_INTRMUX3
00000001   HWI_NMI
00000000   HWI_NMI$hwi
00000000   HWI_POLARITYMASK
00000002   HWI_RESERVED0
00000000   HWI_RESERVED0$hwi
00000003   HWI_RESERVED1
00000000   HWI_RESERVED1$hwi
00000000   HWI_RESET
00000000   HWI_RESET$hwi
00000000   HWI_ZEROTAB
00000000   IDL$
87e3606c   IDL_A_CALBEG
87e2ff3c   IDL_A_TABBEG
00000000   IDL_CALIBRERROR
00000000   IDL_CALIBRFXN
87e37568   IDL_D_calbeg
87e37564   IDL_D_calibrate
87e37560   IDL_D_tabbeg
87e2ff3c   IDL_END
87e3606c   IDL_END$
87e34260   IDL_F_loop
00000000   IDL_USECLKIDLTIME
ffffffff   IRAM
00000001   ISRC$
87e32ab8   KNL_glue
87e37dd4   KNL_swi
00000001   KNL_swi$dorta
00000000   KNL_swi$ord
00000000   KNL_swi$pri
87e37f24   KNL_swi$sts
87e36a8d   KNL_swi$sts$avgfmt
00000002   KNL_swi$sts$filter
00000001   KNL_swi$sts$filtmaxmult
00000001   KNL_swi$sts$filtsummult
87e36a7d   KNL_swi$sts$maxfmt
87e37f20   KNL_swi$sts$stsobj
87e36a85   KNL_swi$sts$sumfmt
00000000   KNL_swi$sts$unittype
00000000   KNL_swi$swi
ffffffff   L1DSRAM
00000001   LCK$
00000001   LOG$
87e37ef0   LOG_A_TABBEG
87e37f20   LOG_A_TABEND
00000002   LOG_A_TABLEN
87e3756c   LOG_D_system
00000001   LOG_ENABLED
87e33b80   LOG_F_event
87e37ef0   LOG_system
87e37c00   LOG_system$buf
00000000   LOG_system$datatype
00000000   LOG_system$log
00000040   LOG_system$size
00000000   MBX$
00000001   MEM$
87e37764   MEM_MALLOCSEG
00000000   MEM_NULL
87e37764   MEM_SEGZERO
00000000   MEM_USEMPC
00000001   MEM_gNumHeap
00000000   MSGQ$
00000000   MSGQ_USEMSGQ
00000000   OBJ$
00000000   PIP$
87e00080   PIP_A_TABBEG
87e00080   PIP_A_TABEND
00000000   PIP_A_TABLEN
87e37570   PIP_D_tabbeg
87e37574   PIP_D_tablen
00000064   PIP_OBJSIZE
00000000   PIP_gNextId
00000000   PIP_gNumEmbed
00000001   POOL$
ffffffff   POOLMEM
00000001   POOL_USEPOOL
00000001   PRD$
87e00080   PRD_A_TABBEG
87e00080   PRD_A_TABEND
00000000   PRD_A_TABLEN
87e375b0   PRD_D_cur
87e375b4   PRD_D_elapsed
87e375b8   PRD_D_prevtim
87e375bc   PRD_D_scalar
87e375c0   PRD_D_swihandle
87e375c4   PRD_D_tabbeg
87e375c8   PRD_D_tablen
87e375cc   PRD_D_thook
87e375ac   PRD_D_tick
87e30e00   PRD_F_swi
87e31084   PRD_F_tick
00000001   PRD_SCALAR
00000000   PRD_SWIHANDLE
87e3226c   PRD_THOOKFXN
87e377f8   PRD_clock
00000001   PWRM$
00000000   PWRM_PWRM_CAPSMASK
0000000a   PWRM_PWRM_CLKTICKSPERSLOT
00000000   PWRM_PWRM_ENABLE
00000000   PWRM_PWRM_LOADENABLE
00000001   PWRM_PWRM_NUMSLOTS
00000000   PWRM_PWRM_RESOURCETRACKING
00000000   PWRM_PWRM_SCALING
87e34200   PWRM_PWRM_SHAREDRESOURCEFXN
87e34200   PWRM_PWRM_SLOTHOOKFXN
00000000   PWRM_PWRM_TIMERIDNUM
00000000   PWRM_PWRM_TIMERINTRMASK
00000000   PWRM_PWRM_TIMERWUGENMASK
00000000   PWRM_PWRM_USERRESOURCES
00000000   PWRM_PWRM_USETIMER
00000001   QUE$
ffffffff   RESET_VECTOR
87e375d0   RTA_D_fromHost
87e375d8   RTA_D_logval
87e375e8   RTA_D_stsval
87e375d4   RTA_D_toHost
00000000   RTDX$
00000408   RTDX_BUFMEMSIZE
87e37764   RTDX_DATAMEMSEG
00000000   RTDX_MODE
00000000   RTDX_USERTDX
00000000   RTDX_USERTEXECUTION
00000000   SEM$
00000000   SIO$
00000000   STS$
87e37f20   STS_A_TABBEG
87e37f30   STS_A_TABEND
87e33fec   STS_F_add
87e33fc0   STS_F_delta
87e34008   STS_F_reset
00000001   SWI$
87e37dd4   SWI_A_TABBEG
87e37e00   SWI_A_TABEND
00000001   SWI_A_TABLEN
87e37644   SWI_D_curfxn
87e37634   SWI_D_curmask
87e37640   SWI_D_curmbox
87e37638   SWI_D_curset
87e37630   SWI_D_execaddr
87e3764c   SWI_D_inswi
87e3763c   SWI_D_lock
87e37648   SWI_D_rdybeg
87e37650   SWI_D_rdytab
87e3762c   SWI_D_runaddr
00000000   SWI_EHOOKFXN
87e30b24   SWI_EXECFXN
87e30940   SWI_F_enable
87e30b24   SWI_F_exec
87e30b4c   SWI_F_iexec
87e309b0   SWI_F_post
87e30bcc   SWI_F_run
00000000   SWI_IHOOKFXN
87e30bcc   SWI_RUNFXN
00000001   SYS$
87e37f30   SYS$config
87e341c0   SYS_ABORTFXN
87e342a0   SYS_ERRORFXN
87e342c0   SYS_EXITFXN
87e340e0   SYS_PUTCFXN
87e37f44   TRC_R_mask
87e37f40   TRC_cinit
00000001   TSK$
00000000   TSK_NUM_HOOKS
00000001   TSK_PRIORITY
00000000   TSK_READYFXN
87e37764   TSK_STACKSEG
00000400   TSK_STACKSIZE
00000000   TSK_SWITCHFXN
87e34200   TSK_VCREATEFXN
87e34200   TSK_VDELETEFXN
87e34200   TSK_VEXITFXN
87e377a4   TSK_idle
00000000   TSK_idle$ord
00000000   TSK_idle$pri
87e37060   TSK_idle$stack
87e373f8   TSK_idle$stkptr
00000000   TSK_idle$tsk
00000000   UDEV$
87e32f34   _BCACHE_bootInit
87e32fb4   _BCACHE_getMar
87e32f64   _BCACHE_getSize
87e33570   _BCACHE_inv
87e33cf0   _BCACHE_invL1pAll
87e32f34   _BCACHE_setCacheToSram
87e32ee4   _BCACHE_setMar
87e32ea0   _BCACHE_setSize
87e33d00   _BCACHE_wait
87e33560   _BCACHE_wb
87e33ce0   _BCACHE_wbAll
87e3354c   _BCACHE_wbInv
87e33ccc   _BCACHE_wbInvAll
87e36a80   _BIOS_init
87e36ccc   _BIOS_start
87e3416c   _C62_clearIFR
87e34140   _C62_disableIER
87e31ce8   _C62_dispatchPlug
87e34158   _C62_enableIER
87e31ce0   _C62_plug
87e3416c   _C64_clearIFR
87e34140   _C64_disableIER
87e31ce8   _C64_dispatchPlug
87e34158   _C64_enableIER
87e31ce0   _C64_plug
ffffffff   _CACHE_L1D
ffffffff   _CACHE_L1P
ffffffff   _CACHE_L2
00050910   _CLK_COUNTSPMS
87e37774   _CLK_DFLTMICROSECS
87e375a8   _CLK_D_countspms
87e3759c   _CLK_D_dirty
87e37778   _CLK_D_microseconds
87e375a0   _CLK_D_prd
87e375a4   _CLK_D_tddr
87e32760   _CLK_F_itime
00004b00   _CLK_PRD
49038000   _CLK_REGS
00000000   _CLK_TDDR
00000000   _CLK_TIMERNUM
00000001   _CLK_USETIMER
87e342e0   _CLK_gethtime
49038000   _CLK_gptimer
87e2ff34   _CLK_gptimer_enablemask
87e3758c   _CLK_htimeDiv
87e37590   _CLK_htimeMult
87e37784   _CLK_htimePerLtime
87e2fe3c   _CLK_inputClock
87e32760   _CLK_itime
87e37594   _CLK_ltimeDiv
87e37598   _CLK_ltimeMult
87e3300c   _CLK_reconfig
87e31964   _CLK_start
87e31900   _CLK_stop
87e25fcc   _CalcWeight
87e37764   _DDR2
87e00080   _DDR2_base
00020000   _DDR2_length
87e2ff28   _DSPLINKDATA_ctrlPtr
87e2a8e0   _DSPLINKDATA_init
87e2a400   _DSPLINKIPS_init
ffffffff   _DSPLINKMEM
87e2ff30   _DSPLINKMQT_ctrlPtr
87e2a920   _DSPLINKMQT_init
87e2fcb8   _DSPLINKPOOL_ctrlPtr
87e2a4a0   _DSPLINKPOOL_init
87e2a100   _DSPLINK_init
87e37d00   _DSPLINK_shmBaseAddress
87e37d08   _DSPLINK_shmBaseAddress_pad
0000000a   _EVENT10
00000064   _EVENT100
00000065   _EVENT101
00000066   _EVENT102
00000067   _EVENT103
00000068   _EVENT104
00000069   _EVENT105
0000006a   _EVENT106
0000006b   _EVENT107
0000006c   _EVENT108
0000006d   _EVENT109
0000000b   _EVENT11
0000006e   _EVENT110
0000006f   _EVENT111
00000070   _EVENT112
00000071   _EVENT113
00000072   _EVENT114
00000073   _EVENT115
00000074   _EVENT116
00000075   _EVENT117
00000076   _EVENT118
00000077   _EVENT119
0000000c   _EVENT12
00000078   _EVENT120
00000079   _EVENT121
0000007a   _EVENT122
0000007b   _EVENT123
0000007c   _EVENT124
0000007d   _EVENT125
0000007e   _EVENT126
0000007f   _EVENT127
0000000d   _EVENT13
0000000e   _EVENT14
0000000f   _EVENT15
00000010   _EVENT16
00000011   _EVENT17
00000012   _EVENT18
00000013   _EVENT19
00000014   _EVENT20
00000015   _EVENT21
00000016   _EVENT22
00000017   _EVENT23
00000018   _EVENT24
00000019   _EVENT25
0000001a   _EVENT26
0000001b   _EVENT27
0000001c   _EVENT28
0000001d   _EVENT29
0000001e   _EVENT30
0000001f   _EVENT31
00000020   _EVENT32
00000021   _EVENT33
00000022   _EVENT34
00000023   _EVENT35
00000024   _EVENT36
00000025   _EVENT37
00000026   _EVENT38
00000027   _EVENT39
00000004   _EVENT4
00000028   _EVENT40
00000029   _EVENT41
0000002a   _EVENT42
0000002b   _EVENT43
0000002c   _EVENT44
0000002d   _EVENT45
0000002e   _EVENT46
0000002f   _EVENT47
00000030   _EVENT48
00000031   _EVENT49
00000005   _EVENT5
00000032   _EVENT50
00000033   _EVENT51
00000034   _EVENT52
00000035   _EVENT53
00000036   _EVENT54
00000037   _EVENT55
00000038   _EVENT56
00000039   _EVENT57
0000003a   _EVENT58
0000003b   _EVENT59
00000006   _EVENT6
0000003c   _EVENT60
0000003d   _EVENT61
0000003e   _EVENT62
0000003f   _EVENT63
00000040   _EVENT64
00000041   _EVENT65
00000042   _EVENT66
00000043   _EVENT67
00000044   _EVENT68
00000045   _EVENT69
00000007   _EVENT7
00000046   _EVENT70
00000047   _EVENT71
00000048   _EVENT72
00000049   _EVENT73
0000004a   _EVENT74
0000004b   _EVENT75
0000004c   _EVENT76
0000004d   _EVENT77
0000004e   _EVENT78
0000004f   _EVENT79
00000008   _EVENT8
00000050   _EVENT80
00000051   _EVENT81
00000052   _EVENT82
00000053   _EVENT83
00000054   _EVENT84
00000055   _EVENT85
00000056   _EVENT86
00000057   _EVENT87
00000058   _EVENT88
00000059   _EVENT89
00000009   _EVENT9
0000005a   _EVENT90
0000005b   _EVENT91
0000005c   _EVENT92
0000005d   _EVENT93
0000005e   _EVENT94
0000005f   _EVENT95
00000060   _EVENT96
00000061   _EVENT97
00000062   _EVENT98
00000063   _EVENT99
87e30430   _EXC_clearLastStatus
87e31ec0   _EXC_dispatch
87e302b4   _EXC_exceptionHandler
87e37748   _EXC_exceptionHook
87e30280   _EXC_external
87e37750   _EXC_externalHook
87e30260   _EXC_getLastStatus
87e30220   _EXC_init
87e2ff74   _EXC_internal
87e3774c   _EXC_internalHook
87e2ff40   _EXC_nmi
87e37754   _EXC_nmiHook
87e37718   _EXC_returnPtr
87e32084   _EXC_setReturnPtr
87e2fea8   _EXC_status
87e37710   _EXC_sysTrapTable
87e25cc4   _Epanechnikov_kernel
87e34200   _FXN_F_nop
87e33e44   _FXN_F_run
87e33e80   _FXN_F_zero
00000000   _GBL_CACHE
87e33184   _GBL_cacheInit64P
87e37604   _GBL_clkIn
87e37608   _GBL_freq
87e34220   _GBL_getVersion
87e37600   _GBL_procId
87e2a9c8   _HAL_exit
87e2a9a0   _HAL_init
87e29d58   _HAL_intClear
87e29d2c   _HAL_intDisable
87e29d00   _HAL_intEnable
87e29780   _HAL_intInit
87e29660   _HAL_intRegister
87e29cf0   _HAL_intSend
87e29c80   _HAL_intWaitClear
87e259cc   _HC_Epanechnikov_kernel
87e25868   _HC_pdf_representation_target
87e34240   _HOOK_setenv
87e00080   _HST_A_TABBEG
87e00080   _HST_A_TABEND
87e2fec8   _HWI_ATTRS
00004000   _HWI_CFGDISPATCHED
87e3773c   _HWI_D_inhwi
87e37730   _HWI_D_spsave
87e30460   _HWI_F_dispatch
0000000a   _HWI_INT10
0000000b   _HWI_INT11
0000000c   _HWI_INT12
0000000d   _HWI_INT13
0000000e   _HWI_INT14
0000000f   _HWI_INT15
00000004   _HWI_INT4
00000005   _HWI_INT5
00000006   _HWI_INT6
00000007   _HWI_INT7
00000008   _HWI_INT8
00000009   _HWI_INT9
00000001   _HWI_NMI
00000002   _HWI_RESERVED0
00000003   _HWI_RESERVED1
00000000   _HWI_RESET
87e352f8   _HWI_STKBOTTOM
87e34300   _HWI_STKTOP
87e37730   _HWI_data
87e33ea0   _HWI_disable
87e33900   _HWI_dispatchPlug
87e37460   _HWI_dispatchTab
87e33eb8   _HWI_enable
87e33980   _HWI_eventMap
87e33ecc   _HWI_restore
87e34260   _IDL_loop
87e27c58   _IPS_clearReserved
87e27ba4   _IPS_exit
87e27a40   _IPS_init
87e274b8   _IPS_isNotReserved
87e27834   _IPS_notify
87e274e0   _IPS_register
87e27490   _IPS_setReserved
87e270e0   _IPS_unregister
87e36070   _IQdivTable
87e2fa48   _IQexpTableCoeff
87e2f958   _IQexpTableMinMax
87e36478   _IQisqrtTable
87e2fa98   _IQlogTableCoeff
87e2fa70   _IQlog_TableCoeff
ffffffff   _IRAM
87e376d0   _KNL_alarm
87e33240   _KNL_check
87e376f4   _KNL_curqueue
87e376e4   _KNL_curtask
87e376ec   _KNL_curtime
87e2fc80   _KNL_dummy
87e336a0   _KNL_enter
87e33660   _KNL_exit
87e33308   _KNL_idle
87e3770c   _KNL_idlefxn
87e376d8   _KNL_inactive
87e33a00   _KNL_ipost
87e33330   _KNL_max
87e376f8   _KNL_maxqueue
87e33a80   _KNL_post
87e376e8   _KNL_prevtask
87e376dc   _KNL_priority
87e2fbe0   _KNL_queues
87e32c20   _KNL_ready
87e314c0   _KNL_run
87e32960   _KNL_saveIsrFrame
87e376e0   _KNL_set
87e376d4   _KNL_setpri
87e33720   _KNL_start
87e37dd4   _KNL_swi
87e376f0   _KNL_swiptr
87e32a0c   _KNL_switch
87e37700   _KNL_tcreatefxn
87e37704   _KNL_tdeletefxn
87e3226c   _KNL_tick
87e37708   _KNL_treadyfxn
87e376fc   _KNL_tswitchfxn
87e376c8   _KNL_wFlag
87e376cc   _KNL_wList
ffffffff   _L1DSRAM
87e33b20   _LCK_pend
87e33b00   _LCK_post
87e37ef0   _LOG_A_TABBEG
87e37f20   _LOG_A_TABEND
00000002   _LOG_A_TABLEN
87e3756c   _LOG_D_system
87e33b80   _LOG_event
87e37ef0   _LOG_system
87e3778c   _MEM
87e3760c   _MEM_D_NUMSEGMENTS
87e37614   _MEM_D_freelist
87e37618   _MEM_D_lockaddr
87e37610   _MEM_D_memtab
87e3761c   _MEM_D_unlockaddr
87e31b00   _MEM_alloc
87e32280   _MEM_free
87e36f40   _MEM_init
87e37758   _MEM_memtab
87e33d80   _MEM_valloc
87e2feec   _MPCSXFER_BufferSize
87e2fef0   _MPCSXFER_NumIterations
87e27014   _MPCS_close
87e26ac4   _MPCS_create
87e2fef8   _MPCS_csObj
87e2fef4   _MPCS_ctrlPtr
87e26600   _MPCS_delete
87e2640c   _MPCS_enter
87e291f4   _MPCS_exit
87e29074   _MPCS_init
87e262e0   _MPCS_leave
87e26280   _MPCS_open
87e2fefc   _MPLIST_ctrlPtr
87e295e0   _MPLIST_exit
87e29460   _MPLIST_init
87e2ff00   _MPLIST_mpcsObj
87e2ff04   _NOTIFY_ctrlPtr
87e2a340   _NOTIFY_init
87e29a14   _NOTIFY_notify
87e2ff08   _NOTIFY_numIps
87e299b4   _NOTIFY_register
87e29960   _NOTIFY_unregister
87e33c00   _OBJ_create
87e33f00   _OBJ_delete
87e37040   _OBJ_init
87e2fdd0   _OBJ_segtab
87e2fd98   _OBJ_table
87e00080   _PIP_A_TABBEG
87e00080   _PIP_A_TABEND
87e37790   _POOL
ffffffff   _POOLMEM
87e2fe78   _POOL_config
87e36d60   _POOL_init
87e28324   _POOL_open
87e375ac   _PRD_D_tick
87e377f8   _PRD_clock
87e34180   _QUE_get
87e341a8   _QUE_put
ffffffff   _RESET_VECTOR
87e2ff0c   _RingIO_ctrlPtr
87e23038   _RingIO_exit
87e22eb8   _RingIO_init
87e2ff10   _RingIO_mpcsObj
87e33f60   _SEM_pend
87e31700   _SEM_pendEnterKnl
87e33580   _SEM_post
87e33580   _SEM_postBinary
87e337c0   _SEM_postEnterKnl
87e29d94   _SHMDRV_handshake
87e29d80   _SHMDRV_init
87e36a5c   _SMAPOOL_FXNS
87e2870c   _SMAPOOL_alloc
87e28510   _SMAPOOL_free
87e284f8   _SMAPOOL_init
87e283c0   _SMAPOOL_open
87e37f20   _STS_A_TABBEG
87e37f30   _STS_A_TABEND
87e33fec   _STS_add
87e33fc0   _STS_delta
87e34008   _STS_reset
87e34280   _STS_set
87e37644   _SWI_D_curfxn
87e37634   _SWI_D_curmask
87e37638   _SWI_D_curset
87e37630   _SWI_D_execaddr
87e3764c   _SWI_D_inswi
87e3763c   _SWI_D_lock
87e37648   _SWI_D_rdybeg
87e3762c   _SWI_D_runaddr
87e3762c   _SWI_data
87e34020   _SWI_disable
87e34044   _SWI_enable
87e309b0   _SWI_post
87e37620   _SYS
87e37a00   _SYS_PUTCBEG
87e37bff   _SYS_PUTCEND
87e34080   _SYS_abort
87e33de0   _SYS_error
87e33860   _SYS_exit
87e2fe40   _SYS_exitStack
87e3777c   _SYS_exitStackPtr
87e37780   _SYS_exitStackTop
87e2fe60   _SamplePoolParams
87e37f44   _TRC_R_mask
87e37770   _TSK
87e2fd38   _TSK_ATTRS
87e2fd54   _TSK_config
87e31180   _TSK_create
87e32d60   _TSK_exit
87e377a4   _TSK_idle
87e36fe0   _TSK_init
87e37768   _TSK_nTasks
87e3776c   _TSK_pid
87e327c0   _TSK_setup
87e33404   _TSK_startup
87e2fd74   _TSK_timerSem
87e24840   _Task_create
87e247b4   _Task_delete
87e23db8   _Task_execute
87e341c0   _UTL_doAbort
87e342a0   _UTL_doError
87e340e0   _UTL_doPutc
87e342c0   _UTL_halt
87e2fd94   __BCACHE_emifAddr
87e2fee0   __BCACHE_readTable
87e3277c   __CLK_lat1beg
87e327a0   __CLK_lat1end
87e27e20   __DSPLINK_init
87e37628   __HOOK_NUMHOOKS
87e37624   __HOOK_knlId
87e30460   __HWI_lat1beg
87e305e8   __HWI_lat1end
87e305e8   __HWI_lat2beg
87e307c4   __HWI_lat2end1
87e30750   __HWI_lat2end2
87e307e0   __HWI_lat3beg
87e30780   __HWI_lat3end2
87e29a80   __IQNdiv
87e29820   __IQNsqrt
87e3328c   __KNL_lat1beg
87e33308   __KNL_lat1end
87e33b80   __LOG_lat1beg
87e2fe14   __MEM_mutex
87e28e00   __MPCS_open
48004000   __PWRM_CM_BASEADDR
5d000000   __PWRM_IVAMMU_BASEADDR
48306000   __PWRM_PRM_BASEADDR
48002000   __PWRM_SCM_BASEADDR
00000000   __PWRM_TIMERBASEADDR
00000020   __PWRM_TIMERINPUTCLK
00000000   __PWRM_TIMERINTRMASK
0000000a   __PWRM_TIMERPERIOD
00000000   __PWRM_USETIMER
87e34180   __QUE_lat1beg
87e341a0   __QUE_lat1end
87e341a8   __QUE_lat2beg
87e341b4   __QUE_lat2end
87e22cac   __RingIO_callNotifier
87e22bc8   __RingIO_checkNotifier
87e22674   __RingIO_getContiguousDataSize
87e21660   __RingIO_getFirstAcquiredAttr
87e20334   __RingIO_getFirstAttr
87e208a4   __RingIO_initInstance
87e21710   __RingIO_invalidateDataBuffer
87e22790   __RingIO_readerAcquire
87e224c8   __RingIO_readerCancel
87e21fb0   __RingIO_readerFlush
87e21be8   __RingIO_readerGetvAttribute
87e217ec   __RingIO_readerRelease
87e20434   __RingIO_releaseAttribute
87e20e68   __RingIO_updateAttributes
87e21424   __RingIO_writerAcquire
87e21038   __RingIO_writerCancel
87e20964   __RingIO_writerFlush
87e20518   __RingIO_writerRelease
87e20080   __RingIO_writerSetvAttribute
87e32440   __SEM_dopost
00001000   __STACK_SIZE
87e30ab8   __SWI_lat1beg
87e30b64   __SWI_lat1end
87e30b68   __SWI_lat2beg
87e30bc8   __SWI_lat2end
87e30940   __SWI_lat3beg
87e309ac   __SWI_lat3end
87e2fdec   __TSK_mutex
ffffffff   ___TI_pprof_out_hndl
ffffffff   ___TI_prof_data_size
ffffffff   ___TI_prof_data_start
ffffffff   ___binit__
87e37460   ___bss__
ffffffff   ___c_args__
87e35300   ___cinit__
87e00080   ___data__
87e00080   ___edata__
87e37796   ___end__
87e2aa60   ___etext__
ffffffff   ___pinit__
87e20080   ___text__
87e32ae0   __auto_init
87e29e60   __cmpd
87e2a720   __cmpf
87e36810   __ctypes_
87e2a820   __cvtfd
87e28900   __divf
87e2a1c0   __divu
87e2a7a0   __fixfu
87e2a960   __fltuf
87e2a880   __frcmpyf
87e2a540   __frcmpyf_div
87e2ff14   __lock
87e29260   __mpyf
87e2aa00   __nop
87e2aa20   __register_lock
87e2aa40   __register_unlock
87e2a5e0   __remu
87e34300   __stack
87e2ff18   __unlock
87e29f40   _atoi
87e2aa60   _binWidth
87e36e80   _c_int00
87e2aa62   _cfgMaxIter
87e2fe94   _dspColor
87e2fe9c   _dspRectangle
87e2fe98   _dspResFrame
87e2fea0   _function
87e257a4   _initTarget
87e25578   _initWeight
87e2aa68   _kernel
87e29b80   _main
87e2a680   _memcpy
87e2a020   _memset
87e230e0   _mult_dsp
87e2542c   _pdf_representation
87e252d0   _pdf_representation_target
87e2fe68   _pool_notify_Pools
87e25184   _retCandidate
87e24f0c   _retEpan
87e24a80   _retModel
87e2f918   _target_candidate
87e2f858   _target_model
87e37f08   _trace
ffffffff   binit
87e35300   cinit
87e00080   edata
87e37796   end
87e2aa60   etext
87e37800   hwi0
87e37820   hwi1
87e37940   hwi10
87e37960   hwi11
87e37980   hwi12
87e379a0   hwi13
87e379c0   hwi14
87e379e0   hwi15
87e37840   hwi2
87e37860   hwi3
87e37880   hwi4
87e378a0   hwi5
87e378c0   hwi6
87e378e0   hwi7
87e37900   hwi8
87e37920   hwi9
ffffffff   pinit
87e37f08   trace
87e37e00   trace$buf
00000001   trace$datatype
00000000   trace$log
00000020   trace$size


GLOBAL SYMBOLS: SORTED BY Symbol Address 

address    name
--------   ----
00000000   BUF$
00000000   CLK_PRDHIGH
00000000   CLK_RESETTIMER
00000000   CLK_TDDR
00000000   CLK_TDDRHIGH
00000000   CLK_TIMERNUM
00000000   DEV$
00000000   DGN$
00000000   DHL$
00000000   DHL_gChannelsAvailable
00000000   DIO$
00000000   DIO_NUMSWIBASE
00000000   DIO_NUMTSKBASE
00000000   DIO_STATIC
00000000   DPI$
00000000   ECM$
00000000   ECM_ENABLE
00000000   GBL_BCACHEREADADDR0
00000000   GBL_BCACHEREADADDR1
00000000   GBL_BCACHEREADADDR2
00000000   GBL_BIGENDIAN
00000000   GBL_CACHE
00000000   GBL_CALLCSLCFGINIT
00000000   GBL_ENABLEINST
00000000   GBL_ENABLE_SK
00000000   GBL_GEMTRUECOMPEN
00000000   GBL_L2MAR0_31
00000000   GBL_L2MAR160_191
00000000   GBL_L2MAR192_223
00000000   GBL_L2MAR224_255
00000000   GBL_L2MAR32_63
00000000   GBL_L2MAR64_95
00000000   GBL_L2MAR96_127
00000000   GBL_NULL
00000000   GBL_PROCID
00000000   GBL_ROM
00000000   GBL_SUPPORTCSL
00000000   GBL_USERINIT
00000000   GIO$
00000000   HOOK$
00000000   HOOK_KNLID
00000000   HST$
00000000   HST_DSM
00000000   HST_MAXFRAMESET
00000000   HST_RTDX
00000000   HWI_GENERATE_RESET_VEC
00000000   HWI_INT10$hwi
00000000   HWI_INT11$hwi
00000000   HWI_INT12$hwi
00000000   HWI_INT13$hwi
00000000   HWI_INT14$hwi
00000000   HWI_INT15$hwi
00000000   HWI_INT4$hwi
00000000   HWI_INT5$hwi
00000000   HWI_INT6$hwi
00000000   HWI_INT7$hwi
00000000   HWI_INT8$hwi
00000000   HWI_INT9$hwi
00000000   HWI_NMI$hwi
00000000   HWI_POLARITYMASK
00000000   HWI_RESERVED0$hwi
00000000   HWI_RESERVED1$hwi
00000000   HWI_RESET
00000000   HWI_RESET$hwi
00000000   HWI_ZEROTAB
00000000   IDL$
00000000   IDL_CALIBRERROR
00000000   IDL_CALIBRFXN
00000000   IDL_USECLKIDLTIME
00000000   KNL_swi$ord
00000000   KNL_swi$pri
00000000   KNL_swi$sts$unittype
00000000   KNL_swi$swi
00000000   LOG_system$datatype
00000000   LOG_system$log
00000000   MBX$
00000000   MEM_NULL
00000000   MEM_USEMPC
00000000   MSGQ$
00000000   MSGQ_USEMSGQ
00000000   OBJ$
00000000   PIP$
00000000   PIP_A_TABLEN
00000000   PIP_gNextId
00000000   PIP_gNumEmbed
00000000   PRD_A_TABLEN
00000000   PRD_SWIHANDLE
00000000   PWRM_PWRM_CAPSMASK
00000000   PWRM_PWRM_ENABLE
00000000   PWRM_PWRM_LOADENABLE
00000000   PWRM_PWRM_RESOURCETRACKING
00000000   PWRM_PWRM_SCALING
00000000   PWRM_PWRM_TIMERIDNUM
00000000   PWRM_PWRM_TIMERINTRMASK
00000000   PWRM_PWRM_TIMERWUGENMASK
00000000   PWRM_PWRM_USERRESOURCES
00000000   PWRM_PWRM_USETIMER
00000000   RTDX$
00000000   RTDX_MODE
00000000   RTDX_USERTDX
00000000   RTDX_USERTEXECUTION
00000000   SEM$
00000000   SIO$
00000000   STS$
00000000   SWI_EHOOKFXN
00000000   SWI_IHOOKFXN
00000000   TSK_NUM_HOOKS
00000000   TSK_READYFXN
00000000   TSK_SWITCHFXN
00000000   TSK_idle$ord
00000000   TSK_idle$pri
00000000   TSK_idle$tsk
00000000   UDEV$
00000000   _CLK_TDDR
00000000   _CLK_TIMERNUM
00000000   _GBL_CACHE
00000000   _HWI_RESET
00000000   __PWRM_TIMERBASEADDR
00000000   __PWRM_TIMERINTRMASK
00000000   __PWRM_USETIMER
00000000   trace$log
00000001   BUF_ENABLED
00000001   CLK$
00000001   CLK_CALDIV
00000001   CLK_CALMULT
00000001   CLK_ENABLEHTIME
00000001   CLK_HTIMEDIV
00000001   CLK_HTIMEMULT
00000001   CLK_LTIMEDIV
00000001   CLK_USETIMER
00000001   GBL$
00000001   GBL_L2CONFIGURE
00000001   GBL_L2MODE
00000001   GBL_boot
00000001   HST_NONE
00000001   HWI$
00000001   HWI_ENABLE_EXC
00000001   HWI_NMI
00000001   ISRC$
00000001   KNL_swi$dorta
00000001   KNL_swi$sts$filtmaxmult
00000001   KNL_swi$sts$filtsummult
00000001   LCK$
00000001   LOG$
00000001   LOG_ENABLED
00000001   MEM$
00000001   MEM_gNumHeap
00000001   POOL$
00000001   POOL_USEPOOL
00000001   PRD$
00000001   PRD_SCALAR
00000001   PWRM$
00000001   PWRM_PWRM_NUMSLOTS
00000001   QUE$
00000001   SWI$
00000001   SWI_A_TABLEN
00000001   SYS$
00000001   TSK$
00000001   TSK_PRIORITY
00000001   _CLK_USETIMER
00000001   _HWI_NMI
00000001   trace$datatype
00000002   HWI_RESERVED0
00000002   KNL_swi$sts$filter
00000002   LOG_A_TABLEN
00000002   _HWI_RESERVED0
00000002   _LOG_A_TABLEN
00000003   GBL_L1PMODE
00000003   HWI_RESERVED1
00000003   _HWI_RESERVED1
00000004   EVENT4
00000004   HWI_INT4
00000004   _EVENT4
00000004   _HWI_INT4
00000005   CLK_COUNTSPMSHIGH
00000005   CLK_TIMMODE
00000005   EVENT5
00000005   HWI_INT5
00000005   _EVENT5
00000005   _HWI_INT5
00000006   EVENT6
00000006   HWI_INT6
00000006   _EVENT6
00000006   _HWI_INT6
00000007   EVENT7
00000007   GBL_L1DMODE
00000007   HWI_INT7
00000007   _EVENT7
00000007   _HWI_INT7
00000008   EVENT8
00000008   HWI_INT8
00000008   _EVENT8
00000008   _HWI_INT8
00000009   EVENT9
00000009   HWI_INT9
00000009   _EVENT9
00000009   _HWI_INT9
0000000a   EVENT10
0000000a   HWI_INT10
0000000a   PWRM_PWRM_CLKTICKSPERSLOT
0000000a   _EVENT10
0000000a   _HWI_INT10
0000000a   __PWRM_TIMERPERIOD
0000000b   EVENT11
0000000b   HWI_INT11
0000000b   _EVENT11
0000000b   _HWI_INT11
0000000c   EVENT12
0000000c   HWI_INT12
0000000c   _EVENT12
0000000c   _HWI_INT12
0000000d   EVENT13
0000000d   HWI_INT13
0000000d   _EVENT13
0000000d   _HWI_INT13
0000000e   EVENT14
0000000e   HWI_INT14
0000000e   _EVENT14
0000000e   _HWI_INT14
0000000f   EVENT15
0000000f   HWI_INT15
0000000f   _EVENT15
0000000f   _HWI_INT15
00000010   EVENT16
00000010   _EVENT16
00000011   EVENT17
00000011   _EVENT17
00000012   EVENT18
00000012   _EVENT18
00000013   EVENT19
00000013   _EVENT19
00000014   EVENT20
00000014   _EVENT20
00000015   EVENT21
00000015   _EVENT21
00000016   EVENT22
00000016   _EVENT22
00000017   EVENT23
00000017   _EVENT23
00000018   EVENT24
00000018   _EVENT24
00000019   EVENT25
00000019   _EVENT25
0000001a   EVENT26
0000001a   _EVENT26
0000001b   EVENT27
0000001b   _EVENT27
0000001c   EVENT28
0000001c   _EVENT28
0000001d   EVENT29
0000001d   _EVENT29
0000001e   EVENT30
0000001e   _EVENT30
0000001f   EVENT31
0000001f   _EVENT31
00000020   CLK_TCR
00000020   EVENT32
00000020   _EVENT32
00000020   __PWRM_TIMERINPUTCLK
00000020   trace$size
00000021   EVENT33
00000021   _EVENT33
00000022   EVENT34
00000022   _EVENT34
00000023   EVENT35
00000023   _EVENT35
00000024   EVENT36
00000024   _EVENT36
00000025   EVENT37
00000025   _EVENT37
00000026   EVENT38
00000026   _EVENT38
00000027   EVENT39
00000027   _EVENT39
00000028   EVENT40
00000028   _EVENT40
00000029   EVENT41
00000029   _EVENT41
0000002a   EVENT42
0000002a   _EVENT42
0000002b   EVENT43
0000002b   _EVENT43
0000002c   EVENT44
0000002c   _EVENT44
0000002d   EVENT45
0000002d   _EVENT45
0000002e   EVENT46
0000002e   _EVENT46
0000002f   EVENT47
0000002f   _EVENT47
00000030   EVENT48
00000030   _EVENT48
00000031   EVENT49
00000031   _EVENT49
00000032   EVENT50
00000032   _EVENT50
00000033   EVENT51
00000033   _EVENT51
00000034   EVENT52
00000034   _EVENT52
00000035   EVENT53
00000035   _EVENT53
00000036   EVENT54
00000036   _EVENT54
00000037   EVENT55
00000037   _EVENT55
00000038   EVENT56
00000038   _EVENT56
00000039   EVENT57
00000039   _EVENT57
0000003a   EVENT58
0000003a   _EVENT58
0000003b   EVENT59
0000003b   _EVENT59
0000003c   EVENT60
0000003c   _EVENT60
0000003d   EVENT61
0000003d   _EVENT61
0000003e   EVENT62
0000003e   GBL_DSPTYPE
0000003e   _EVENT62
0000003f   EVENT63
0000003f   _EVENT63
00000040   EVENT64
00000040   LOG_system$size
00000040   _EVENT64
00000041   EVENT65
00000041   _EVENT65
00000042   EVENT66
00000042   GBL_FOOTPRINT
00000042   _EVENT66
00000043   EVENT67
00000043   _EVENT67
00000044   EVENT68
00000044   _EVENT68
00000045   EVENT69
00000045   _EVENT69
00000046   EVENT70
00000046   _EVENT70
00000047   EVENT71
00000047   _EVENT71
00000048   EVENT72
00000048   _EVENT72
00000049   EVENT73
00000049   _EVENT73
0000004a   EVENT74
0000004a   _EVENT74
0000004b   EVENT75
0000004b   _EVENT75
0000004c   EVENT76
0000004c   _EVENT76
0000004d   EVENT77
0000004d   _EVENT77
0000004e   EVENT78
0000004e   _EVENT78
0000004f   EVENT79
0000004f   _EVENT79
00000050   EVENT80
00000050   _EVENT80
00000051   EVENT81
00000051   _EVENT81
00000052   EVENT82
00000052   _EVENT82
00000053   EVENT83
00000053   _EVENT83
00000054   EVENT84
00000054   _EVENT84
00000055   EVENT85
00000055   _EVENT85
00000056   EVENT86
00000056   _EVENT86
00000057   EVENT87
00000057   _EVENT87
00000058   EVENT88
00000058   _EVENT88
00000059   EVENT89
00000059   _EVENT89
0000005a   EVENT90
0000005a   _EVENT90
0000005b   EVENT91
0000005b   _EVENT91
0000005c   EVENT92
0000005c   _EVENT92
0000005d   EVENT93
0000005d   _EVENT93
0000005e   EVENT94
0000005e   _EVENT94
0000005f   EVENT95
0000005f   _EVENT95
00000060   EVENT96
00000060   _EVENT96
00000061   EVENT97
00000061   _EVENT97
00000062   EVENT98
00000062   _EVENT98
00000063   EVENT99
00000063   _EVENT99
00000064   EVENT100
00000064   PIP_OBJSIZE
00000064   _EVENT100
00000065   EVENT101
00000065   _EVENT101
00000066   EVENT102
00000066   _EVENT102
00000067   EVENT103
00000067   _EVENT103
00000068   EVENT104
00000068   _EVENT104
00000069   EVENT105
00000069   _EVENT105
0000006a   EVENT106
0000006a   _EVENT106
0000006b   EVENT107
0000006b   _EVENT107
0000006c   EVENT108
0000006c   _EVENT108
0000006d   EVENT109
0000006d   _EVENT109
0000006e   EVENT110
0000006e   _EVENT110
0000006f   EVENT111
0000006f   _EVENT111
00000070   EVENT112
00000070   _EVENT112
00000071   EVENT113
00000071   _EVENT113
00000072   EVENT114
00000072   _EVENT114
00000073   EVENT115
00000073   _EVENT115
00000074   EVENT116
00000074   _EVENT116
00000075   EVENT117
00000075   _EVENT117
00000076   EVENT118
00000076   _EVENT118
00000077   EVENT119
00000077   _EVENT119
00000078   EVENT120
00000078   _EVENT120
00000079   EVENT121
00000079   _EVENT121
0000007a   EVENT122
0000007a   _EVENT122
0000007b   EVENT123
0000007b   _EVENT123
0000007c   EVENT124
0000007c   _EVENT124
0000007d   EVENT125
0000007d   _EVENT125
0000007e   EVENT126
0000007e   _EVENT126
0000007f   EVENT127
0000007f   _EVENT127
00000080   GBL_L2MAR128_159
00000100   HST_MAXFRAMEALLOWED
000003e8   CLK_MICROSECS
00000400   HST_DSMMEMSIZE
00000400   TSK_STACKSIZE
00000408   RTDX_BUFMEMSIZE
00000d66   GBL_CLKTYPE
00001000   __STACK_SIZE
00001963   GBL_DSPSUBTYPE
00004000   CLK_INTBIT
00004000   GBL_TRCMASKVALUE
00004000   HWI_CFGDISPATCHED
00004000   _HWI_CFGDISPATCHED
00004b00   CLK_INPUTCLK
00004b00   CLK_PRD
00004b00   _CLK_PRD
00004e20   GBL_CLKIN
00005205   GBL_A_VERSION
00020000   DDR2$L
00020000   _DDR2_length
00050910   CLK_COUNTSPMS
00050910   CLK_HTIMEPERLTIME
00050910   CLK_LTIMEMULT
00050910   GBL_FREQ
00050910   _CLK_COUNTSPMS
07060504   HWI_INTRMUX1
0a0a0908   HWI_INTRMUX2
34330d0b   HWI_INTRMUX3
48002000   __PWRM_SCM_BASEADDR
48004000   __PWRM_CM_BASEADDR
48306000   __PWRM_PRM_BASEADDR
49038000   CLK_REGS
49038000   _CLK_REGS
49038000   _CLK_gptimer
5d000000   __PWRM_IVAMMU_BASEADDR
87e00080   .data
87e00080   DDR2$B
87e00080   HST_A_TABBEG
87e00080   HST_A_TABEND
87e00080   PIP_A_TABBEG
87e00080   PIP_A_TABEND
87e00080   PRD_A_TABBEG
87e00080   PRD_A_TABEND
87e00080   _DDR2_base
87e00080   _HST_A_TABBEG
87e00080   _HST_A_TABEND
87e00080   _PIP_A_TABBEG
87e00080   _PIP_A_TABEND
87e00080   ___data__
87e00080   ___edata__
87e00080   edata
87e20080   .text
87e20080   __RingIO_writerSetvAttribute
87e20080   ___text__
87e20334   __RingIO_getFirstAttr
87e20434   __RingIO_releaseAttribute
87e20518   __RingIO_writerRelease
87e208a4   __RingIO_initInstance
87e20964   __RingIO_writerFlush
87e20e68   __RingIO_updateAttributes
87e21038   __RingIO_writerCancel
87e21424   __RingIO_writerAcquire
87e21660   __RingIO_getFirstAcquiredAttr
87e21710   __RingIO_invalidateDataBuffer
87e217ec   __RingIO_readerRelease
87e21be8   __RingIO_readerGetvAttribute
87e21fb0   __RingIO_readerFlush
87e224c8   __RingIO_readerCancel
87e22674   __RingIO_getContiguousDataSize
87e22790   __RingIO_readerAcquire
87e22bc8   __RingIO_checkNotifier
87e22cac   __RingIO_callNotifier
87e22eb8   _RingIO_init
87e23038   _RingIO_exit
87e230e0   _mult_dsp
87e23db8   _Task_execute
87e247b4   _Task_delete
87e24840   _Task_create
87e24a80   _retModel
87e24f0c   _retEpan
87e25184   _retCandidate
87e252d0   _pdf_representation_target
87e2542c   _pdf_representation
87e25578   _initWeight
87e257a4   _initTarget
87e25868   _HC_pdf_representation_target
87e259cc   _HC_Epanechnikov_kernel
87e25cc4   _Epanechnikov_kernel
87e25fcc   _CalcWeight
87e26280   _MPCS_open
87e262e0   _MPCS_leave
87e2640c   _MPCS_enter
87e26600   _MPCS_delete
87e26ac4   _MPCS_create
87e27014   _MPCS_close
87e270e0   _IPS_unregister
87e27490   _IPS_setReserved
87e274b8   _IPS_isNotReserved
87e274e0   _IPS_register
87e27834   _IPS_notify
87e27a40   _IPS_init
87e27ba4   _IPS_exit
87e27c58   _IPS_clearReserved
87e27e20   __DSPLINK_init
87e28324   _POOL_open
87e283c0   _SMAPOOL_open
87e284f8   _SMAPOOL_init
87e28510   _SMAPOOL_free
87e2870c   _SMAPOOL_alloc
87e28900   __divf
87e28e00   __MPCS_open
87e29074   _MPCS_init
87e291f4   _MPCS_exit
87e29260   __mpyf
87e29460   _MPLIST_init
87e295e0   _MPLIST_exit
87e29660   _HAL_intRegister
87e29780   _HAL_intInit
87e29820   __IQNsqrt
87e29960   _NOTIFY_unregister
87e299b4   _NOTIFY_register
87e29a14   _NOTIFY_notify
87e29a80   __IQNdiv
87e29b80   _main
87e29c80   _HAL_intWaitClear
87e29cf0   _HAL_intSend
87e29d00   _HAL_intEnable
87e29d2c   _HAL_intDisable
87e29d58   _HAL_intClear
87e29d80   _SHMDRV_init
87e29d94   _SHMDRV_handshake
87e29e60   __cmpd
87e29f40   _atoi
87e2a020   _memset
87e2a100   _DSPLINK_init
87e2a1c0   __divu
87e2a340   _NOTIFY_init
87e2a400   _DSPLINKIPS_init
87e2a4a0   _DSPLINKPOOL_init
87e2a540   __frcmpyf_div
87e2a5e0   __remu
87e2a680   _memcpy
87e2a720   __cmpf
87e2a7a0   __fixfu
87e2a820   __cvtfd
87e2a880   __frcmpyf
87e2a8e0   _DSPLINKDATA_init
87e2a920   _DSPLINKMQT_init
87e2a960   __fltuf
87e2a9a0   _HAL_init
87e2a9c8   _HAL_exit
87e2aa00   __nop
87e2aa20   __register_lock
87e2aa40   __register_unlock
87e2aa60   ___etext__
87e2aa60   _binWidth
87e2aa60   etext
87e2aa62   _cfgMaxIter
87e2aa68   _kernel
87e2f858   _target_model
87e2f918   _target_candidate
87e2f958   _IQexpTableMinMax
87e2fa48   _IQexpTableCoeff
87e2fa70   _IQlog_TableCoeff
87e2fa98   _IQlogTableCoeff
87e2fbe0   _KNL_queues
87e2fc80   _KNL_dummy
87e2fcb8   _DSPLINKPOOL_ctrlPtr
87e2fd38   _TSK_ATTRS
87e2fd54   _TSK_config
87e2fd74   _TSK_timerSem
87e2fd94   __BCACHE_emifAddr
87e2fd98   _OBJ_table
87e2fdd0   _OBJ_segtab
87e2fdec   __TSK_mutex
87e2fe14   __MEM_mutex
87e2fe3c   _CLK_inputClock
87e2fe40   _SYS_exitStack
87e2fe60   _SamplePoolParams
87e2fe68   _pool_notify_Pools
87e2fe78   _POOL_config
87e2fe94   _dspColor
87e2fe98   _dspResFrame
87e2fe9c   _dspRectangle
87e2fea0   _function
87e2fea8   _EXC_status
87e2fec8   _HWI_ATTRS
87e2fee0   __BCACHE_readTable
87e2feec   _MPCSXFER_BufferSize
87e2fef0   _MPCSXFER_NumIterations
87e2fef4   _MPCS_ctrlPtr
87e2fef8   _MPCS_csObj
87e2fefc   _MPLIST_ctrlPtr
87e2ff00   _MPLIST_mpcsObj
87e2ff04   _NOTIFY_ctrlPtr
87e2ff08   _NOTIFY_numIps
87e2ff0c   _RingIO_ctrlPtr
87e2ff10   _RingIO_mpcsObj
87e2ff14   __lock
87e2ff18   __unlock
87e2ff28   _DSPLINKDATA_ctrlPtr
87e2ff30   _DSPLINKMQT_ctrlPtr
87e2ff34   _CLK_gptimer_enablemask
87e2ff3c   IDL_A_TABBEG
87e2ff3c   IDL_END
87e2ff40   _EXC_nmi
87e2ff74   _EXC_internal
87e30220   _EXC_init
87e30260   _EXC_getLastStatus
87e30280   _EXC_external
87e302b4   _EXC_exceptionHandler
87e30430   _EXC_clearLastStatus
87e30460   CLK_HOOKFXN
87e30460   HWI_F_dispatch
87e30460   _HWI_F_dispatch
87e30460   __HWI_lat1beg
87e305e8   __HWI_lat1end
87e305e8   __HWI_lat2beg
87e30750   __HWI_lat2end2
87e30780   __HWI_lat3end2
87e307c4   __HWI_lat2end1
87e307e0   __HWI_lat3beg
87e30940   SWI_F_enable
87e30940   __SWI_lat3beg
87e309ac   __SWI_lat3end
87e309b0   SWI_F_post
87e309b0   _SWI_post
87e30ab8   __SWI_lat1beg
87e30b24   SWI_EXECFXN
87e30b24   SWI_F_exec
87e30b4c   SWI_F_iexec
87e30b64   __SWI_lat1end
87e30b68   __SWI_lat2beg
87e30bc8   __SWI_lat2end
87e30bcc   SWI_F_run
87e30bcc   SWI_RUNFXN
87e30e00   PRD_F_swi
87e31084   PRD_F_tick
87e31180   _TSK_create
87e314c0   _KNL_run
87e31700   _SEM_pendEnterKnl
87e31900   _CLK_stop
87e31964   _CLK_start
87e31b00   _MEM_alloc
87e31ce0   _C62_plug
87e31ce0   _C64_plug
87e31ce8   _C62_dispatchPlug
87e31ce8   _C64_dispatchPlug
87e31ec0   _EXC_dispatch
87e32084   _EXC_setReturnPtr
87e3226c   PRD_THOOKFXN
87e3226c   _KNL_tick
87e32280   _MEM_free
87e32440   __SEM_dopost
87e32600   CLK_F_getltime
87e32610   CLK_F_isr
87e32760   CLK_F_itime
87e32760   _CLK_F_itime
87e32760   _CLK_itime
87e3277c   __CLK_lat1beg
87e327a0   __CLK_lat1end
87e327c0   _TSK_setup
87e32960   _KNL_saveIsrFrame
87e32a0c   _KNL_switch
87e32ab8   KNL_glue
87e32ae0   __auto_init
87e32c20   _KNL_ready
87e32d60   _TSK_exit
87e32ea0   _BCACHE_setSize
87e32ee4   _BCACHE_setMar
87e32f34   _BCACHE_bootInit
87e32f34   _BCACHE_setCacheToSram
87e32f64   _BCACHE_getSize
87e32fb4   _BCACHE_getMar
87e3300c   _CLK_reconfig
87e33184   _GBL_cacheInit64P
87e33240   _KNL_check
87e3328c   __KNL_lat1beg
87e33308   _KNL_idle
87e33308   __KNL_lat1end
87e33330   _KNL_max
87e33404   _TSK_startup
87e3354c   _BCACHE_wbInv
87e33560   _BCACHE_wb
87e33570   _BCACHE_inv
87e33580   _SEM_post
87e33580   _SEM_postBinary
87e33660   _KNL_exit
87e336a0   _KNL_enter
87e33720   _KNL_start
87e337c0   _SEM_postEnterKnl
87e33860   _SYS_exit
87e33900   _HWI_dispatchPlug
87e33980   _HWI_eventMap
87e33a00   _KNL_ipost
87e33a80   _KNL_post
87e33b00   _LCK_post
87e33b20   _LCK_pend
87e33b80   LOG_F_event
87e33b80   _LOG_event
87e33b80   __LOG_lat1beg
87e33c00   _OBJ_create
87e33ccc   _BCACHE_wbInvAll
87e33ce0   _BCACHE_wbAll
87e33cf0   _BCACHE_invL1pAll
87e33d00   _BCACHE_wait
87e33d80   _MEM_valloc
87e33de0   _SYS_error
87e33e40   FXN_F_nop
87e33e44   FXN_F_run
87e33e44   _FXN_F_run
87e33e80   FXN_F_zero
87e33e80   _FXN_F_zero
87e33ea0   _HWI_disable
87e33eb8   _HWI_enable
87e33ecc   _HWI_restore
87e33f00   _OBJ_delete
87e33f60   _SEM_pend
87e33fc0   STS_F_delta
87e33fc0   _STS_delta
87e33fec   STS_F_add
87e33fec   _STS_add
87e34008   STS_F_reset
87e34008   _STS_reset
87e34020   _SWI_disable
87e34044   _SWI_enable
87e34080   _SYS_abort
87e340e0   SYS_PUTCFXN
87e340e0   _UTL_doPutc
87e34140   _C62_disableIER
87e34140   _C64_disableIER
87e34158   _C62_enableIER
87e34158   _C64_enableIER
87e3416c   _C62_clearIFR
87e3416c   _C64_clearIFR
87e34180   _QUE_get
87e34180   __QUE_lat1beg
87e341a0   __QUE_lat1end
87e341a8   _QUE_put
87e341a8   __QUE_lat2beg
87e341b4   __QUE_lat2end
87e341c0   SYS_ABORTFXN
87e341c0   _UTL_doAbort
87e34200   GBL_USERINITFXN
87e34200   GIO_CREATEFXN
87e34200   GIO_DELETEFXN
87e34200   GIO_PENDFXN
87e34200   GIO_POSTFXN
87e34200   PWRM_PWRM_SHAREDRESOURCEFXN
87e34200   PWRM_PWRM_SLOTHOOKFXN
87e34200   TSK_VCREATEFXN
87e34200   TSK_VDELETEFXN
87e34200   TSK_VEXITFXN
87e34200   _FXN_F_nop
87e34220   _GBL_getVersion
87e34240   _HOOK_setenv
87e34260   IDL_F_loop
87e34260   _IDL_loop
87e34280   _STS_set
87e342a0   SYS_ERRORFXN
87e342a0   _UTL_doError
87e342c0   SYS_EXITFXN
87e342c0   _UTL_halt
87e342e0   CLK_TIMEFXN
87e342e0   _CLK_gethtime
87e34300   GBL_stackbeg
87e34300   _HWI_STKTOP
87e34300   __stack
87e352f8   _HWI_STKBOTTOM
87e352ff   GBL_stackend
87e35300   ___cinit__
87e35300   cinit
87e3606c   IDL_A_CALBEG
87e3606c   IDL_END$
87e36070   _IQdivTable
87e36478   _IQisqrtTable
87e36810   __ctypes_
87e36a5c   _SMAPOOL_FXNS
87e36a7d   KNL_swi$sts$maxfmt
87e36a80   BIOS_init
87e36a80   _BIOS_init
87e36a85   KNL_swi$sts$sumfmt
87e36a8d   KNL_swi$sts$avgfmt
87e36ccc   BIOS_start
87e36ccc   _BIOS_start
87e36d60   _POOL_init
87e36e80   _c_int00
87e36f40   _MEM_init
87e36fe0   _TSK_init
87e37040   _OBJ_init
87e37060   TSK_idle$stack
87e373f8   TSK_idle$stkptr
87e37460   $bss
87e37460   .bss
87e37460   _HWI_dispatchTab
87e37460   ___bss__
87e37560   IDL_D_tabbeg
87e37564   IDL_D_calibrate
87e37568   IDL_D_calbeg
87e3756c   LOG_D_system
87e3756c   _LOG_D_system
87e37570   PIP_D_tabbeg
87e37574   PIP_D_tablen
87e37578   CLK_R_time
87e3757c   CLK_D_timefxn
87e37580   CLK_D_tabbeg
87e37584   CLK_D_isrhook
87e37588   CLK_D_idletime
87e3758c   _CLK_htimeDiv
87e37590   _CLK_htimeMult
87e37594   _CLK_ltimeDiv
87e37598   _CLK_ltimeMult
87e3759c   _CLK_D_dirty
87e375a0   _CLK_D_prd
87e375a4   _CLK_D_tddr
87e375a8   _CLK_D_countspms
87e375ac   PRD_D_tick
87e375ac   _PRD_D_tick
87e375b0   PRD_D_cur
87e375b4   PRD_D_elapsed
87e375b8   PRD_D_prevtim
87e375bc   PRD_D_scalar
87e375c0   PRD_D_swihandle
87e375c4   PRD_D_tabbeg
87e375c8   PRD_D_tablen
87e375cc   PRD_D_thook
87e375d0   RTA_D_fromHost
87e375d4   RTA_D_toHost
87e375d8   RTA_D_logval
87e375e8   RTA_D_stsval
87e375f4   HST_D_chanmask
87e375f8   HST_D_tabbeg
87e375fc   HST_D_tabend
87e37600   _GBL_procId
87e37604   _GBL_clkIn
87e37608   _GBL_freq
87e3760c   _MEM_D_NUMSEGMENTS
87e37610   _MEM_D_memtab
87e37614   _MEM_D_freelist
87e37618   _MEM_D_lockaddr
87e3761c   _MEM_D_unlockaddr
87e37620   _SYS
87e37624   __HOOK_knlId
87e37628   __HOOK_NUMHOOKS
87e3762c   SWI_D_runaddr
87e3762c   _SWI_D_runaddr
87e3762c   _SWI_data
87e37630   SWI_D_execaddr
87e37630   _SWI_D_execaddr
87e37634   SWI_D_curmask
87e37634   _SWI_D_curmask
87e37638   SWI_D_curset
87e37638   _SWI_D_curset
87e3763c   SWI_D_lock
87e3763c   _SWI_D_lock
87e37640   SWI_D_curmbox
87e37644   SWI_D_curfxn
87e37644   _SWI_D_curfxn
87e37648   SWI_D_rdybeg
87e37648   _SWI_D_rdybeg
87e3764c   SWI_D_inswi
87e3764c   _SWI_D_inswi
87e37650   SWI_D_rdytab
87e376c8   _KNL_wFlag
87e376cc   _KNL_wList
87e376d0   _KNL_alarm
87e376d4   _KNL_setpri
87e376d8   _KNL_inactive
87e376dc   _KNL_priority
87e376e0   _KNL_set
87e376e4   _KNL_curtask
87e376e8   _KNL_prevtask
87e376ec   _KNL_curtime
87e376f0   _KNL_swiptr
87e376f4   _KNL_curqueue
87e376f8   _KNL_maxqueue
87e376fc   _KNL_tswitchfxn
87e37700   _KNL_tcreatefxn
87e37704   _KNL_tdeletefxn
87e37708   _KNL_treadyfxn
87e3770c   _KNL_idlefxn
87e37710   _EXC_sysTrapTable
87e37718   _EXC_returnPtr
87e37730   HWI_D_spsave
87e37730   _HWI_D_spsave
87e37730   _HWI_data
87e3773c   _HWI_D_inhwi
87e37740   HWI_D_bss
87e37744   HWI_D_ccmask
87e37748   _EXC_exceptionHook
87e3774c   _EXC_internalHook
87e37750   _EXC_externalHook
87e37754   _EXC_nmiHook
87e37758   _MEM_memtab
87e37764   DDR2
87e37764   HST_DSMBUFSEG
87e37764   MEM_MALLOCSEG
87e37764   MEM_SEGZERO
87e37764   RTDX_DATAMEMSEG
87e37764   TSK_STACKSEG
87e37764   _DDR2
87e37768   _TSK_nTasks
87e3776c   _TSK_pid
87e37770   _TSK
87e37774   _CLK_DFLTMICROSECS
87e37778   _CLK_D_microseconds
87e3777c   _SYS_exitStackPtr
87e37780   _SYS_exitStackTop
87e37784   _CLK_htimePerLtime
87e3778c   _MEM
87e37790   _POOL
87e37796   ___end__
87e37796   end
87e377a4   TSK_idle
87e377a4   _TSK_idle
87e377f8   CLK_A_TABBEG
87e377f8   PRD_clock
87e377f8   _PRD_clock
87e377fc   CLK_null
87e37800   HWI_A_VECS
87e37800   hwi0
87e37820   hwi1
87e37840   hwi2
87e37860   hwi3
87e37880   hwi4
87e378a0   hwi5
87e378c0   hwi6
87e378e0   hwi7
87e37900   hwi8
87e37920   hwi9
87e37940   hwi10
87e37960   hwi11
87e37980   hwi12
87e379a0   hwi13
87e379c0   hwi14
87e379e0   hwi15
87e37a00   _SYS_PUTCBEG
87e37bff   _SYS_PUTCEND
87e37c00   LOG_system$buf
87e37d00   _DSPLINK_shmBaseAddress
87e37d08   _DSPLINK_shmBaseAddress_pad
87e37dd4   KNL_swi
87e37dd4   SWI_A_TABBEG
87e37dd4   _KNL_swi
87e37e00   SWI_A_TABEND
87e37e00   trace$buf
87e37ef0   LOG_A_TABBEG
87e37ef0   LOG_system
87e37ef0   _LOG_A_TABBEG
87e37ef0   _LOG_system
87e37f08   _trace
87e37f08   trace
87e37f20   KNL_swi$sts$stsobj
87e37f20   LOG_A_TABEND
87e37f20   STS_A_TABBEG
87e37f20   _LOG_A_TABEND
87e37f20   _STS_A_TABBEG
87e37f24   KNL_swi$sts
87e37f30   STS_A_TABEND
87e37f30   SYS$config
87e37f30   _STS_A_TABEND
87e37f40   TRC_cinit
87e37f44   TRC_R_mask
87e37f44   _TRC_R_mask
87e37f48   GBL_initdone
ffffffff   CACHE_L1D
ffffffff   CACHE_L1P
ffffffff   CACHE_L2
ffffffff   DSPLINKMEM
ffffffff   ECM_EVTMASK0
ffffffff   ECM_EVTMASK1
ffffffff   ECM_EVTMASK2
ffffffff   ECM_EVTMASK3
ffffffff   IRAM
ffffffff   L1DSRAM
ffffffff   POOLMEM
ffffffff   RESET_VECTOR
ffffffff   _CACHE_L1D
ffffffff   _CACHE_L1P
ffffffff   _CACHE_L2
ffffffff   _DSPLINKMEM
ffffffff   _IRAM
ffffffff   _L1DSRAM
ffffffff   _POOLMEM
ffffffff   _RESET_VECTOR
ffffffff   ___TI_pprof_out_hndl
ffffffff   ___TI_prof_data_size
ffffffff   ___TI_prof_data_start
ffffffff   ___binit__
ffffffff   ___c_args__
ffffffff   ___pinit__
ffffffff   binit
ffffffff   pinit

[1047 symbols]
