******************************************************************************
               TMS320C6x Linker Unix v6.1.17                   
******************************************************************************
>> Linked Sat Jun 10 03:52:51 2017

OUTPUT FILE NAME:   <Debug/pool_notify.out>
ENTRY POINT SYMBOL: "_c_int00"  address: 87e3e800


MEMORY CONFIGURATION

         name            origin    length      used     unused   attr    fill
----------------------  --------  ---------  --------  --------  ----  --------
  IRAM                  107f8000   00010000  00000000  00010000  RWIX
  CACHE_L2              10808000   00008000  00000000  00008000  RWIX
  CACHE_L1P             10e04000   00004000  00000000  00004000  RWIX
  L1DSRAM               10f04000   00004000  00000000  00004000  RWIX
  CACHE_L1D             10f10000   00008000  00000000  00008000  RWIX
  RESET_VECTOR          87e00000   00000080  00000000  00000080  RWIX
  DDR2                  87e00080   000fff80  0003f82d  000c0753  RWIX
  DSPLINKMEM            87f00000   00030000  00000000  00030000  RWIX
  POOLMEM               87f30000   000d0000  00000000  000d0000  RWIX


SECTION ALLOCATION MAP

 output                                  attributes/
section   page    origin      length       input sections
--------  ----  ----------  ----------   ----------------
.vers      0    00000000    00000040     COPY SECTION
                  00000000    00000040     pool_notifycfg.obj (.vers)

.pinit     0    87e00080    00000000     UNINITIALIZED

.prd       0    87e00080    00000000     UNINITIALIZED

.data      0    87e00080    00000000     UNINITIALIZED

.hst       0    87e00080    00000000     UNINITIALIZED

.pip       0    87e00080    00000000     UNINITIALIZED

.DDR2$heap 
*          0    87e00080    00020000     UNINITIALIZED
                  87e00080    00020000     --HOLE--

.text      0    87e20080    0000d220     
                  87e20080    00004ba0     dsplinkringio.lib : _ringio.obj (.text)
                  87e24c20    000019c0     dsplink.lib : ips.obj (.text)
                  87e265e0    00001500     dsplinkmpcs.lib : mpcs.obj (.text)
                  87e27ae0    00000b60     dspMeanshift.obj (.text)
                  87e28640    00000a00     task.obj (.text)
                  87e29040    000009a0     dsplinkpool.lib : sma_pool.obj (.text)
                  87e299e0    000008c0     dsplink.lib : dsplink.obj (.text)
                  87e2a2a0    00000740     dsplinkmpcs.lib : _mpcs.obj (.text)
                  87e2a9e0    00000520     dsplinknotify.lib : notify.obj (.text)
                  87e2af00    00000500     rts64plus.lib : divf.obj (.text:__divf)
                  87e2b400    000002e0     dsplinkmplist.lib : _mplist.obj (.text)
                  87e2b6e0    00000200     rts64plus.lib : mpyf.obj (.text:__mpyf)
                  87e2b8e0    000001c0     dsplink.lib : hal_interrupt.obj (.text:DSPLINK_init)
                  87e2baa0    00000180                 : hal_interrupt.obj (.text)
                  87e2bc20    00000160                 : dsplinkips.obj (.text:DSPLINK_init)
                  87e2bd80    00000140     IQmath_c64x+.lib : IQNsqrt.obj (.text)
                  87e2bec0    00000140     dsp_main.obj (.text)
                  87e2c000    00000140     dsplinknotify.lib : _notify.obj (.text)
                  87e2c140    00000120     dsplink.lib : shm_drv.obj (.text:DSPLINK_init)
                  87e2c260    00000100                 : dsplink.obj (.text:DSPLINK_init)
                  87e2c360    00000100     IQmath_c64x+.lib : IQNdiv.obj (.text)
                  87e2c460    000000e0     rts64plus.lib : cmpd.obj (.text:__cmpd)
                  87e2c540    000000e0                   : atoi.obj (.text:_atoi)
                  87e2c620    000000e0                   : memset.obj (.text:_memset)
                  87e2c700    000000c0     dsplinkpool.lib : dsplinkpool.obj (.text:DSPLINK_init)
                  87e2c7c0    000000c0     rts64plus.lib : divu.obj (.text:__divu)
                  87e2c880    000000c0     bios.a64P : tsk_stup.o64P (.text)
                  87e2c940    000000c0     dsplink.lib : failure.obj (.text)
                  87e2ca00    000000a0     dsplinkdata.lib : dsplinkdata.obj (.text:DSPLINK_init)
                  87e2caa0    000000a0     dsplinkmsg.lib : dsplinkmqt.obj (.text:DSPLINK_init)
                  87e2cb40    000000a0     rts64plus.lib : frcmpyf_div.obj (.text:__frcmpyf_div)
                  87e2cbe0    000000a0                   : remu.obj (.text:__remu)
                  87e2cc80    000000a0                   : memcpy64.obj (.text:_memcpy)
                  87e2cd20    000000a0                   : strncpy.obj (.text:_strncpy)
                  87e2cdc0    00000080                   : cmpf.obj (.text:__cmpf)
                  87e2ce40    00000080                   : fixfu.obj (.text:__fixfu)
                  87e2cec0    00000060                   : cvtfd.obj (.text:__cvtfd)
                  87e2cf20    00000060                   : frcmpyf.obj (.text:__frcmpyf)
                  87e2cf80    00000060                   : strcpy.obj (.text:_strcpy)
                  87e2cfe0    00000060                   : strncmp.obj (.text:_strncmp)
                  87e2d040    00000060     dsplink.lib : shm_drv.obj (.text)
                  87e2d0a0    00000040     rts64plus.lib : fltuf.obj (.text:__fltuf)
                  87e2d0e0    00000040     dsplink.lib : dsplinkips.obj (.text)
                  87e2d120    00000040                 : hal.obj (.text)
                  87e2d160    00000040     dsplinkdata.lib : dsplinkdata.obj (.text)
                  87e2d1a0    00000040     dsplinkmsg.lib : dsplinkmqt.obj (.text)
                  87e2d1e0    00000040     dsplinkpool.lib : dsplinkpool.obj (.text)
                  87e2d220    00000020     rts64plus.lib : divf.obj (.text:___isnanf)
                  87e2d240    00000020                   : _lock.obj (.text:__nop)
                  87e2d260    00000020                   : _lock.obj (.text:__register_lock)
                  87e2d280    00000020                   : _lock.obj (.text:__register_unlock)

.far       0    87e2d2a0    0000a2da     UNINITIALIZED
                  87e2d2a0    00009ce8     dspMeanshift.obj (.far)
                  87e36f88    00000168     IQmath_RAM_c64x+.lib : IQmathTables.obj (.far)
                  87e370f0    00000120     dsplink.lib : ips.obj (.far)
                  87e37210    000000d8     bios.a64P : knl.o64P (.far)
                  87e372e8    00000080     dsplinkpool.lib : dsplinkpool.obj (.far)
                  87e37368    0000005c     bios.a64P : tsk.o64P (.far)
                  87e373c4    00000004     bios3430.a64P : bcache_wait.o64P (.far)
                  87e373c8    00000054     bios.a64P : obj_init.o64P (.far)
                  87e3741c    00000050               : tsk_stup.o64P (.far)
                  87e3746c    00000004     bios3430.a64P : clk2430_data.o64P (.far)
                  87e37470    00000020     bios.a64P : sys.o64P (.far)
                  87e37490    00000020     pool_notify_config.obj (.far)
                  87e374b0    00000014     dsplink.lib : hal_interrupt.obj (.far)
                  87e374c4    00000014     task.obj (.far)
                  87e374d8    00000010     bios.a64P : exc.o64P (.far)
                  87e374e8    00000010               : knl_tick.o64P (.far)
                  87e374f8    00000010     dsplink.lib : failure.obj (.far)
                  87e37508    0000000c     bios.a64P : hwi_disp.o64P (.far)
                  87e37514    0000000c               : utl_putc.o64P (.far)
                  87e37520    0000000c     bios3430.a64P : bcache_table.o64P (.far)
                  87e3752c    00000008     dsp_main.obj (.far)
                  87e37534    00000008     dsplinkmpcs.lib : _mpcs.obj (.far)
                  87e3753c    00000008     dsplinkmplist.lib : _mplist.obj (.far)
                  87e37544    00000008     dsplinknotify.lib : _notify.obj (.far)
                  87e3754c    00000008     dsplinkringio.lib : ringio.obj (.far)
                  87e37554    00000008     rts64plus.lib : _lock.obj (.far)
                  87e3755c    00000004     dsplink.lib : shm_drv.obj (.far)
                  87e37560    00000008     rts64plus.lib : divf.obj (.far)
                  87e37568    00000004     dsplinkdata.lib : dsplinkdata.obj (.far)
                  87e3756c    00000004     dsplinkmpcs.lib : mpcs.obj (.far)
                  87e37570    00000004     dsplinkmsg.lib : dsplinkmqt.obj (.far)
                  87e37574    00000004     pool_notifycfg.obj (.far)
                  87e37578    00000002     dsplink.lib : dsplink.obj (.far)

.idl       0    87e3757c    00000004     UNINITIALIZED
                  87e3757c    00000004     pool_notifycfg.obj (.idl)

.bios      0    87e37580    000043c0     
                  87e37580    00000520     bios.a64P : exc.o64P (.bios)
                  87e37aa0    000004e0               : hwi_disp_asm.o64P (.bios)
                  87e37f80    000004c0               : swi.o64P (.bios)
                  87e38440    00000380               : prd.o64P (.bios)
                  87e387c0    00000340               : tsk_crea.o64P (.bios)
                  87e38b00    00000240               : knl_run.o64P (.bios)
                  87e38d40    00000200               : sem_pend.o64P (.bios)
                  87e38f40    00000200     bios3430.a64P : clk2430.o64P (.bios)
                  87e39140    000001e0     bios.a64P : mem_allo.o64P (.bios:.near)
                  87e39320    000001e0               : c62_plug.o64P (.bios)
                  87e39500    000001e0               : exc_asm.o64P (.bios)
                  87e396e0    000001e0               : knl_tick.o64P (.bios)
                  87e398c0    000001c0               : mem_free.o64P (.bios:.near)
                  87e39a80    000001c0               : sem_dopo.o64P (.bios)
                  87e39c40    000001c0     bios3430.a64P : clk.o64P (.bios)
                  87e39e00    000001a0     bios.a64P : tsk_setu.o64P (.bios)
                  87e39fa0    00000180               : knl_swit.o64P (.bios)
                  87e3a120    00000140               : autoinit.o64P (.bios)
                  87e3a260    00000140               : knl_read.o64P (.bios)
                  87e3a3a0    00000140               : tsk_exit.o64P (.bios)
                  87e3a4e0    00000140     bios3430.a64P : bcache_init.o64P (.bios)
                  87e3a620    00000140                   : clk2430_reconfig.o64P (.bios)
                  87e3a760    00000120     bios.a64P : gbl_cacheinit64P.o64P (.bios)
                  87e3a880    00000120               : knl_chec.o64P (.bios)
                  87e3a9a0    00000120               : tsk_stup.o64P (.bios)
                  87e3aac0    00000100     bios3430.a64P : bcache_block.o64P (.bios)
                  87e3abc0    000000e0     bios.a64P : sem_post_asm.o64P (.bios)
                  87e3aca0    000000c0               : knl_exit.o64P (.bios)
                  87e3ad60    000000a0               : knl_star.o64P (.bios)
                  87e3ae00    000000a0               : sem_post.o64P (.bios)
                  87e3aea0    000000a0               : sys_exit.o64P (.bios)
                  87e3af40    00000080               : hwi_disp.o64P (.bios)
                  87e3afc0    00000080               : hwi_eventmap64P.o64P (.bios)
                  87e3b040    00000080               : knl_ipos.o64P (.bios)
                  87e3b0c0    00000080               : knl_post.o64P (.bios)
                  87e3b140    00000080               : lck.o64P (.bios)
                  87e3b1c0    00000080               : log.o64P (.bios)
                  87e3b240    00000080               : obj_crea.o64P (.bios)
                  87e3b2c0    00000080     bios3430.a64P : bcache_all.o64P (.bios)
                  87e3b340    00000080                   : bcache_wait.o64P (.bios)
                  87e3b3c0    00000060     bios.a64P : mem_vall.o64P (.bios:.near)
                  87e3b420    00000060               : sys_erro.o64P (.bios:.near)
                  87e3b480    00000060               : fxn.o64P (.bios)
                  87e3b4e0    00000060               : hwi_c.o64P (.bios)
                  87e3b540    00000060               : obj_dele.o64P (.bios)
                  87e3b5a0    00000060               : sem_pend_counting.o64P (.bios)
                  87e3b600    00000060               : sts.o64P (.bios)
                  87e3b660    00000060               : swi_disable.o64P (.bios)
                  87e3b6c0    00000060               : sys_abor.o64P (.bios)
                  87e3b720    00000060               : utl_putc.o64P (.bios)
                  87e3b780    00000040               : c62_c.o64P (.bios)
                  87e3b7c0    00000040               : que_get.o64P (.bios)
                  87e3b800    00000040               : utl_doab.o64P (.bios)
                  87e3b840    00000020               : fxn_c.o64P (.bios)
                  87e3b860    00000020               : gbl_vers.o64P (.bios)
                  87e3b880    00000020               : hook_setenv.o64P (.bios)
                  87e3b8a0    00000020               : idl.o64P (.bios)
                  87e3b8c0    00000020               : sts_set.o64P (.bios)
                  87e3b8e0    00000020               : utl_doer.o64P (.bios)
                  87e3b900    00000020               : utl_halt.o64P (.bios)
                  87e3b920    00000020     bios3430.a64P : clk2430_gethtime.o64P (.bios)

.stack     0    87e3b940    00001000     UNINITIALIZED
                  87e3b940    00001000     --HOLE--

.cinit     0    87e3c940    00000d8c     
                  87e3c940    0000030c     pool_notifycfg.obj (.cinit)
                  87e3cc4c    00000004     --HOLE-- [fill = 0]
                  87e3cc50    0000026c     bios.a64P : biosdata.o64P (.cinit)
                  87e3cebc    00000004     --HOLE-- [fill = 0]
                  87e3cec0    000001a4               : knl.o64P (.cinit)
                  87e3d064    00000004     --HOLE-- [fill = 0]
                  87e3d068    00000188     IQmath_RAM_c64x+.lib : IQmathTables.obj (.cinit)
                  87e3d1f0    000000b0     bios.a64P : swi.o64P (.cinit)
                  87e3d2a0    00000070               : tsk.o64P (.cinit)
                  87e3d310    00000060               : tsk_stup.o64P (.cinit)
                  87e3d370    0000003c               : exc.o64P (.cinit)
                  87e3d3ac    00000004     --HOLE-- [fill = 0]
                  87e3d3b0    0000003c     dspMeanshift.obj (.cinit)
                  87e3d3ec    00000004     --HOLE-- [fill = 0]
                  87e3d3f0    00000038     pool_notify_config.obj (.cinit)
                  87e3d428    00000034     bios.a64P : hwi.o64P (.cinit)
                  87e3d45c    00000004     --HOLE-- [fill = 0]
                  87e3d460    0000002c               : utl_putc.o64P (.cinit)
                  87e3d48c    00000004     --HOLE-- [fill = 0]
                  87e3d490    00000028     dsplink.lib : ips.obj (.cinit)
                  87e3d4b8    00000024     bios.a64P : obj_init.o64P (.cinit)
                  87e3d4dc    00000004     --HOLE-- [fill = 0]
                  87e3d4e0    0000001c               : exc_asm.o64P (.cinit)
                  87e3d4fc    00000004     --HOLE-- [fill = 0]
                  87e3d500    0000001c               : sys.o64P (.cinit)
                  87e3d51c    00000004     --HOLE-- [fill = 0]
                  87e3d520    0000001c     dsplinkmpcs.lib : _mpcs.obj (.cinit)
                  87e3d53c    00000004     --HOLE-- [fill = 0]
                  87e3d540    0000001c     dsplinkmplist.lib : _mplist.obj (.cinit)
                  87e3d55c    00000004     --HOLE-- [fill = 0]
                  87e3d560    0000001c     dsplinknotify.lib : _notify.obj (.cinit)
                  87e3d57c    00000004     --HOLE-- [fill = 0]
                  87e3d580    0000001c     dsplinkringio.lib : ringio.obj (.cinit)
                  87e3d59c    00000004     --HOLE-- [fill = 0]
                  87e3d5a0    0000001c     rts64plus.lib : _lock.obj (.cinit)
                  87e3d5bc    00000004     --HOLE-- [fill = 0]
                  87e3d5c0    0000001c     task.obj (.cinit)
                  87e3d5dc    00000004     --HOLE-- [fill = 0]
                  87e3d5e0    00000018     bios.a64P : knl_tick.o64P (.cinit)
                  87e3d5f8    00000014               : hwi_disp.o64P (.cinit)
                  87e3d60c    00000004     --HOLE-- [fill = 0]
                  87e3d610    00000014     bios3430.a64P : bcache_table.o64P (.cinit)
                  87e3d624    00000004     --HOLE-- [fill = 0]
                  87e3d628    00000010     rts64plus.lib : divf.obj (.cinit)
                  87e3d638    0000000c     bios.a64P : knl_star.o64P (.cinit)
                  87e3d644    00000004     --HOLE-- [fill = 0]
                  87e3d648    0000000c               : knl_swit.o64P (.cinit)
                  87e3d654    00000004     --HOLE-- [fill = 0]
                  87e3d658    0000000c               : pool.o64P (.cinit)
                  87e3d664    00000004     --HOLE-- [fill = 0]
                  87e3d668    0000000c     bios3430.a64P : bcache_wait.o64P (.cinit)
                  87e3d674    00000004     --HOLE-- [fill = 0]
                  87e3d678    0000000c     dsplink.lib : failure.obj (.cinit)
                  87e3d684    00000004     --HOLE-- [fill = 0]
                  87e3d688    0000000c                 : shm_drv.obj (.cinit)
                  87e3d694    00000004     --HOLE-- [fill = 0]
                  87e3d698    0000000c     dsplinkmsg.lib : dsplinkmqt.obj (.cinit)
                  87e3d6a4    00000004     --HOLE-- [fill = 0]
                  87e3d6a8    0000000a     bios.a64P : pool_init.o64P (.cinit)
                  87e3d6b2    00000006     --HOLE-- [fill = 0]
                  87e3d6b8    0000000a     dsplink.lib : dsplink.obj (.cinit)
                  87e3d6c2    00000006     --HOLE-- [fill = 0]
                  87e3d6c8    00000004     (.pad.cinit) [fill = 0]

.idlcal    0    87e3d6cc    00000004     UNINITIALIZED
                  87e3d6cc    00000004     pool_notifycfg.obj (.idlcal)

.const     0    87e3d6d0    00000cf5     
                  87e3d6d0    00000404     IQmath_RAM_c64x+.lib : IQmathTables.obj (.const:_IQdivTable)
                  87e3dad4    00000004     bios.a64P : mem_allo.o64P (.const)
                  87e3dad8    00000204     IQmath_RAM_c64x+.lib : IQmathTables.obj (.const:_IQisqrtTable)
                  87e3dcdc    00000193     bios.a64P : exc.o64P (.const)
                  87e3de6f    00000001     --HOLE-- [fill = 0]
                  87e3de70    00000101     rts64plus.lib : ctype.obj (.const:__ctypes_)
                  87e3df71    00000003     --HOLE-- [fill = 0]
                  87e3df74    00000050     dsplinkpool.lib : sma_pool.obj (.const:.string)
                  87e3dfc4    0000004e     bios.a64P : pool_init.o64P (.const)
                  87e3e012    0000004e               : tsk_stup.o64P (.const)
                  87e3e060    0000004c     dsplinkringio.lib : _ringio.obj (.const:.string)
                  87e3e0ac    00000044     dsplinkmpcs.lib : _mpcs.obj (.const:.string)
                  87e3e0f0    00000040                     : mpcs.obj (.const:.string)
                  87e3e130    0000003c     dsplink.lib : dsplink.obj (.const:.string)
                  87e3e16c    0000003c                 : shm_drv.obj (.const:.string)
                  87e3e1a8    00000038                 : dsplinkips.obj (.const:.string)
                  87e3e1e0    00000038                 : ips.obj (.const:.string)
                  87e3e218    00000038     dsplinkdata.lib : dsplinkdata.obj (.const:.string)
                  87e3e250    00000038     dsplinkmsg.lib : dsplinkmqt.obj (.const:.string)
                  87e3e288    00000034     dsplinknotify.lib : _notify.obj (.const:.string)
                  87e3e2bc    00000034                       : notify.obj (.const:.string)
                  87e3e2f0    00000034     dsplinkringio.lib : ringio.obj (.const:.string)
                  87e3e324    00000028     dsplink.lib : failure.obj (.const:.string)
                  87e3e34c    00000023     bios.a64P : utl_doab.o64P (.const)
                  87e3e36f    00000022               : utl_doer.o64P (.const)
                  87e3e391    00000003     --HOLE-- [fill = 0]
                  87e3e394    0000001c     dsplinkmplist.lib : _mplist.obj (.const:.string)
                  87e3e3b0    00000010     dsplinkpool.lib : sma_pool.obj (.const)
                  87e3e3c0    00000004     bios.a64P : mem_free.o64P (.const)
                  87e3e3c4    00000001               : tsk.o64P (.const)

.printf    0    87e3e3c5    0000001a     COPY SECTION
                  87e3e3c5    0000001a     pool_notifycfg.obj (.printf)

.sts       0    87e3e3c8    00000010     
                  87e3e3c8    00000010     pool_notifycfg.obj (.sts)

.clk       0    87e3e3d8    00000008     UNINITIALIZED
                  87e3e3d8    00000008     pool_notifycfg.obj (.clk)

.sysinit   0    87e3e3e0    00000600     
                  87e3e3e0    00000300     pool_notifycfg.obj (.sysinit)
                  87e3e6e0    00000120     bios.a64P : pool_init.o64P (.sysinit)
                  87e3e800    000000c0               : boot.o64P (.sysinit)
                  87e3e8c0    000000a0               : mem_init.o64P (.sysinit)
                  87e3e960    00000060               : tsk_init.o64P (.sysinit)
                  87e3e9c0    00000020               : obj_init.o64P (.sysinit)

.TSK_idle$stk 
*          0    87e3e9e0    00000400     UNINITIALIZED
                  87e3e9e0    00000400     pool_notifycfg.obj (.TSK_idle$stk)

.bss       0    87e3ede0    00000336     UNINITIALIZED
                  87e3ede0    00000100     bios.a64P : hwi_disp_asm.o64P (.bss)
                  87e3eee0    000000cc               : biosdata.o64P (.bss)
                  87e3efac    0000009c               : swi.o64P (.bss)
                  87e3f048    00000048               : knl.o64P (.bss)
                  87e3f090    00000020               : exc_asm.o64P (.bss)
                  87e3f0b0    00000018               : hwi.o64P (.bss)
                  87e3f0c8    00000010               : exc.o64P (.bss)
                  87e3f0d8    00000010     pool_notifycfg.obj (.bss)
                  87e3f0e8    0000000c     bios.a64P : tsk.o64P (.bss)
                  87e3f0f4    00000008               : clk_data.o64P (.bss)
                  87e3f0fc    00000008               : sys.o64P (.bss)
                  87e3f104    00000004               : clk_data2.o64P (.bss)
                  87e3f108    00000004               : knl_star.o64P (.bss)
                  87e3f10c    00000004               : mem_asm.o64P (.bss)
                  87e3f110    00000004               : pool.o64P (.bss)
                  87e3f114    00000002               : pool_init.o64P (.bss)

.trace     0    87e3f118    00000200     
                  87e3f118    00000200     --HOLE-- [fill = 00000000]

.tsk       0    87e3f318    00000060     UNINITIALIZED
                  87e3f318    00000060     pool_notifycfg.obj (.tsk)

.mem       0    87e3f378    00000004     UNINITIALIZED
                  87e3f378    00000004     pool_notifycfg.obj (.mem)

.trace$buf 
*          0    87e3f380    00000080     UNINITIALIZED
                  87e3f380    00000080     pool_notifycfg.obj (.trace$buf)

.hwi_vec   0    87e3f400    00000200     
                  87e3f400    00000200     pool_notifycfg.obj (.hwi_vec)

.LOG_system$buf 
*          0    87e3f600    00000100     UNINITIALIZED
                  87e3f600    00000100     pool_notifycfg.obj (.LOG_system$buf)

.data:DSPLINK_shmBaseAddress 
*          0    87e3f700    00000084     
                  87e3f700    00000084     dsplink.lib : dsplink.obj (.data:DSPLINK_shmBaseAddress) [fill = c3f05000]

.args      0    87e3f784    00000050     
                  87e3f784    00000050     --HOLE-- [fill = 0]

.switch    0    87e3f7d4    00000038     
                  87e3f7d4    00000024     task.obj (.switch)
                  87e3f7f8    00000014     dsplinkringio.lib : _ringio.obj (.switch)

.gblinit   0    87e3f80c    00000034     
                  87e3f80c    00000034     pool_notifycfg.obj (.gblinit)

.log       0    87e3f840    00000030     
                  87e3f840    00000030     pool_notifycfg.obj (.log)

.swi       0    87e3f870    0000002c     UNINITIALIZED
                  87e3f870    0000002c     pool_notifycfg.obj (.swi)

.sys       0    87e3f89c    00000010     UNINITIALIZED
                  87e3f89c    00000010     pool_notifycfg.obj (.sys)

.trcdata   0    87e3f8ac    0000000c     
                  87e3f8ac    0000000c     bios.a64P : trc.o64P (.trcdata)


GLOBAL SYMBOLS: SORTED ALPHABETICALLY BY Name 

address    name
--------   ----
87e3ede0   $bss
87e3ede0   .bss
87e00080   .data
87e20080   .text
87e3e3e0   BIOS_init
87e3e648   BIOS_start
00000000   BUF$
00000001   BUF_ENABLED
ffffffff   CACHE_L1D
ffffffff   CACHE_L1P
ffffffff   CACHE_L2
00000001   CLK$
87e3e3d8   CLK_A_TABBEG
00000001   CLK_CALDIV
00000001   CLK_CALMULT
00050910   CLK_COUNTSPMS
00000005   CLK_COUNTSPMSHIGH
87e3ef08   CLK_D_idletime
87e3ef04   CLK_D_isrhook
87e3ef00   CLK_D_tabbeg
87e3eefc   CLK_D_timefxn
00000001   CLK_ENABLEHTIME
87e39c40   CLK_F_getltime
87e39c50   CLK_F_isr
87e39da0   CLK_F_itime
87e37aa0   CLK_HOOKFXN
00000001   CLK_HTIMEDIV
00000001   CLK_HTIMEMULT
00050910   CLK_HTIMEPERLTIME
00004b00   CLK_INPUTCLK
00004000   CLK_INTBIT
00000001   CLK_LTIMEDIV
00050910   CLK_LTIMEMULT
000003e8   CLK_MICROSECS
00004b00   CLK_PRD
00000000   CLK_PRDHIGH
49038000   CLK_REGS
00000000   CLK_RESETTIMER
87e3eef8   CLK_R_time
00000020   CLK_TCR
00000000   CLK_TDDR
00000000   CLK_TDDRHIGH
87e3b920   CLK_TIMEFXN
00000000   CLK_TIMERNUM
00000005   CLK_TIMMODE
00000001   CLK_USETIMER
87e3e3dc   CLK_null
87e3f0e4   DDR2
87e00080   DDR2$B
00020000   DDR2$L
00000000   DEV$
00000000   DGN$
00000000   DHL$
00000000   DHL_gChannelsAvailable
00000000   DIO$
00000000   DIO_NUMSWIBASE
00000000   DIO_NUMTSKBASE
00000000   DIO_STATIC
00000000   DPI$
ffffffff   DSPLINKMEM
00000000   ECM$
00000000   ECM_ENABLE
ffffffff   ECM_EVTMASK0
ffffffff   ECM_EVTMASK1
ffffffff   ECM_EVTMASK2
ffffffff   ECM_EVTMASK3
0000000a   EVENT10
00000064   EVENT100
00000065   EVENT101
00000066   EVENT102
00000067   EVENT103
00000068   EVENT104
00000069   EVENT105
0000006a   EVENT106
0000006b   EVENT107
0000006c   EVENT108
0000006d   EVENT109
0000000b   EVENT11
0000006e   EVENT110
0000006f   EVENT111
00000070   EVENT112
00000071   EVENT113
00000072   EVENT114
00000073   EVENT115
00000074   EVENT116
00000075   EVENT117
00000076   EVENT118
00000077   EVENT119
0000000c   EVENT12
00000078   EVENT120
00000079   EVENT121
0000007a   EVENT122
0000007b   EVENT123
0000007c   EVENT124
0000007d   EVENT125
0000007e   EVENT126
0000007f   EVENT127
0000000d   EVENT13
0000000e   EVENT14
0000000f   EVENT15
00000010   EVENT16
00000011   EVENT17
00000012   EVENT18
00000013   EVENT19
00000014   EVENT20
00000015   EVENT21
00000016   EVENT22
00000017   EVENT23
00000018   EVENT24
00000019   EVENT25
0000001a   EVENT26
0000001b   EVENT27
0000001c   EVENT28
0000001d   EVENT29
0000001e   EVENT30
0000001f   EVENT31
00000020   EVENT32
00000021   EVENT33
00000022   EVENT34
00000023   EVENT35
00000024   EVENT36
00000025   EVENT37
00000026   EVENT38
00000027   EVENT39
00000004   EVENT4
00000028   EVENT40
00000029   EVENT41
0000002a   EVENT42
0000002b   EVENT43
0000002c   EVENT44
0000002d   EVENT45
0000002e   EVENT46
0000002f   EVENT47
00000030   EVENT48
00000031   EVENT49
00000005   EVENT5
00000032   EVENT50
00000033   EVENT51
00000034   EVENT52
00000035   EVENT53
00000036   EVENT54
00000037   EVENT55
00000038   EVENT56
00000039   EVENT57
0000003a   EVENT58
0000003b   EVENT59
00000006   EVENT6
0000003c   EVENT60
0000003d   EVENT61
0000003e   EVENT62
0000003f   EVENT63
00000040   EVENT64
00000041   EVENT65
00000042   EVENT66
00000043   EVENT67
00000044   EVENT68
00000045   EVENT69
00000007   EVENT7
00000046   EVENT70
00000047   EVENT71
00000048   EVENT72
00000049   EVENT73
0000004a   EVENT74
0000004b   EVENT75
0000004c   EVENT76
0000004d   EVENT77
0000004e   EVENT78
0000004f   EVENT79
00000008   EVENT8
00000050   EVENT80
00000051   EVENT81
00000052   EVENT82
00000053   EVENT83
00000054   EVENT84
00000055   EVENT85
00000056   EVENT86
00000057   EVENT87
00000058   EVENT88
00000059   EVENT89
00000009   EVENT9
0000005a   EVENT90
0000005b   EVENT91
0000005c   EVENT92
0000005d   EVENT93
0000005e   EVENT94
0000005f   EVENT95
00000060   EVENT96
00000061   EVENT97
00000062   EVENT98
00000063   EVENT99
87e3b480   FXN_F_nop
87e3b484   FXN_F_run
87e3b4c0   FXN_F_zero
00000001   GBL$
00005205   GBL_A_VERSION
00000000   GBL_BCACHEREADADDR0
00000000   GBL_BCACHEREADADDR1
00000000   GBL_BCACHEREADADDR2
00000000   GBL_BIGENDIAN
00000000   GBL_CACHE
00000000   GBL_CALLCSLCFGINIT
00004e20   GBL_CLKIN
00000d66   GBL_CLKTYPE
00001963   GBL_DSPSUBTYPE
0000003e   GBL_DSPTYPE
00000000   GBL_ENABLEINST
00000000   GBL_ENABLE_SK
00000042   GBL_FOOTPRINT
00050910   GBL_FREQ
00000000   GBL_GEMTRUECOMPEN
00000007   GBL_L1DMODE
00000003   GBL_L1PMODE
00000001   GBL_L2CONFIGURE
00000000   GBL_L2MAR0_31
00000080   GBL_L2MAR128_159
00000000   GBL_L2MAR160_191
00000000   GBL_L2MAR192_223
00000000   GBL_L2MAR224_255
00000000   GBL_L2MAR32_63
00000000   GBL_L2MAR64_95
00000000   GBL_L2MAR96_127
00000001   GBL_L2MODE
00000000   GBL_NULL
00000000   GBL_PROCID
00000000   GBL_ROM
00000000   GBL_SUPPORTCSL
00004000   GBL_TRCMASKVALUE
00000000   GBL_USERINIT
87e3b840   GBL_USERINITFXN
00000001   GBL_boot
87e3f8b4   GBL_initdone
87e3b940   GBL_stackbeg
87e3c93f   GBL_stackend
00000000   GIO$
87e3b840   GIO_CREATEFXN
87e3b840   GIO_DELETEFXN
87e3b840   GIO_PENDFXN
87e3b840   GIO_POSTFXN
00000000   HOOK$
00000000   HOOK_KNLID
00000000   HST$
87e00080   HST_A_TABBEG
87e00080   HST_A_TABEND
00000000   HST_DSM
87e3f0e4   HST_DSMBUFSEG
00000400   HST_DSMMEMSIZE
87e3ef74   HST_D_chanmask
87e3ef78   HST_D_tabbeg
87e3ef7c   HST_D_tabend
00000100   HST_MAXFRAMEALLOWED
00000000   HST_MAXFRAMESET
00000001   HST_NONE
00000000   HST_RTDX
00000001   HWI$
87e3f400   HWI_A_VECS
00004000   HWI_CFGDISPATCHED
87e3f0c0   HWI_D_bss
87e3f0c4   HWI_D_ccmask
87e3f0b0   HWI_D_spsave
00000001   HWI_ENABLE_EXC
87e37aa0   HWI_F_dispatch
00000000   HWI_GENERATE_RESET_VEC
0000000a   HWI_INT10
00000000   HWI_INT10$hwi
0000000b   HWI_INT11
00000000   HWI_INT11$hwi
0000000c   HWI_INT12
00000000   HWI_INT12$hwi
0000000d   HWI_INT13
00000000   HWI_INT13$hwi
0000000e   HWI_INT14
00000000   HWI_INT14$hwi
0000000f   HWI_INT15
00000000   HWI_INT15$hwi
00000004   HWI_INT4
00000000   HWI_INT4$hwi
00000005   HWI_INT5
00000000   HWI_INT5$hwi
00000006   HWI_INT6
00000000   HWI_INT6$hwi
00000007   HWI_INT7
00000000   HWI_INT7$hwi
00000008   HWI_INT8
00000000   HWI_INT8$hwi
00000009   HWI_INT9
00000000   HWI_INT9$hwi
07060504   HWI_INTRMUX1
0a0a0908   HWI_INTRMUX2
34330d0b   HWI_INTRMUX3
00000001   HWI_NMI
00000000   HWI_NMI$hwi
00000000   HWI_POLARITYMASK
00000002   HWI_RESERVED0
00000000   HWI_RESERVED0$hwi
00000003   HWI_RESERVED1
00000000   HWI_RESERVED1$hwi
00000000   HWI_RESET
00000000   HWI_RESET$hwi
00000000   HWI_ZEROTAB
00000000   IDL$
87e3d6cc   IDL_A_CALBEG
87e3757c   IDL_A_TABBEG
00000000   IDL_CALIBRERROR
00000000   IDL_CALIBRFXN
87e3eee8   IDL_D_calbeg
87e3eee4   IDL_D_calibrate
87e3eee0   IDL_D_tabbeg
87e3757c   IDL_END
87e3d6cc   IDL_END$
87e3b8a0   IDL_F_loop
00000000   IDL_USECLKIDLTIME
ffffffff   IRAM
00000001   ISRC$
87e3a0f8   KNL_glue
87e3f870   KNL_swi
00000001   KNL_swi$dorta
00000000   KNL_swi$ord
00000000   KNL_swi$pri
87e3e3cc   KNL_swi$sts
87e3e3d5   KNL_swi$sts$avgfmt
00000002   KNL_swi$sts$filter
00000001   KNL_swi$sts$filtmaxmult
00000001   KNL_swi$sts$filtsummult
87e3e3c5   KNL_swi$sts$maxfmt
87e3e3c8   KNL_swi$sts$stsobj
87e3e3cd   KNL_swi$sts$sumfmt
00000000   KNL_swi$sts$unittype
00000000   KNL_swi$swi
ffffffff   L1DSRAM
00000001   LCK$
00000001   LOG$
87e3f840   LOG_A_TABBEG
87e3f870   LOG_A_TABEND
00000002   LOG_A_TABLEN
87e3eeec   LOG_D_system
00000001   LOG_ENABLED
87e3b1c0   LOG_F_event
87e3f840   LOG_system
87e3f600   LOG_system$buf
00000000   LOG_system$datatype
00000000   LOG_system$log
00000040   LOG_system$size
00000000   MBX$
00000001   MEM$
87e3f0e4   MEM_MALLOCSEG
00000000   MEM_NULL
87e3f0e4   MEM_SEGZERO
00000000   MEM_USEMPC
00000001   MEM_gNumHeap
00000000   MSGQ$
00000000   MSGQ_USEMSGQ
00000000   OBJ$
00000000   PIP$
87e00080   PIP_A_TABBEG
87e00080   PIP_A_TABEND
00000000   PIP_A_TABLEN
87e3eef0   PIP_D_tabbeg
87e3eef4   PIP_D_tablen
00000064   PIP_OBJSIZE
00000000   PIP_gNextId
00000000   PIP_gNumEmbed
00000001   POOL$
ffffffff   POOLMEM
00000001   POOL_USEPOOL
00000001   PRD$
87e00080   PRD_A_TABBEG
87e00080   PRD_A_TABEND
00000000   PRD_A_TABLEN
87e3ef30   PRD_D_cur
87e3ef34   PRD_D_elapsed
87e3ef38   PRD_D_prevtim
87e3ef3c   PRD_D_scalar
87e3ef40   PRD_D_swihandle
87e3ef44   PRD_D_tabbeg
87e3ef48   PRD_D_tablen
87e3ef4c   PRD_D_thook
87e3ef2c   PRD_D_tick
87e38440   PRD_F_swi
87e386c4   PRD_F_tick
00000001   PRD_SCALAR
00000000   PRD_SWIHANDLE
87e398ac   PRD_THOOKFXN
87e3e3d8   PRD_clock
00000001   PWRM$
00000000   PWRM_PWRM_CAPSMASK
0000000a   PWRM_PWRM_CLKTICKSPERSLOT
00000000   PWRM_PWRM_ENABLE
00000000   PWRM_PWRM_LOADENABLE
00000001   PWRM_PWRM_NUMSLOTS
00000000   PWRM_PWRM_RESOURCETRACKING
00000000   PWRM_PWRM_SCALING
87e3b840   PWRM_PWRM_SHAREDRESOURCEFXN
87e3b840   PWRM_PWRM_SLOTHOOKFXN
00000000   PWRM_PWRM_TIMERIDNUM
00000000   PWRM_PWRM_TIMERINTRMASK
00000000   PWRM_PWRM_TIMERWUGENMASK
00000000   PWRM_PWRM_USERRESOURCES
00000000   PWRM_PWRM_USETIMER
00000001   QUE$
ffffffff   RESET_VECTOR
87e3ef50   RTA_D_fromHost
87e3ef58   RTA_D_logval
87e3ef68   RTA_D_stsval
87e3ef54   RTA_D_toHost
00000000   RTDX$
00000408   RTDX_BUFMEMSIZE
87e3f0e4   RTDX_DATAMEMSEG
00000000   RTDX_MODE
00000000   RTDX_USERTDX
00000000   RTDX_USERTEXECUTION
00000000   SEM$
00000000   SIO$
00000000   STS$
87e3e3c8   STS_A_TABBEG
87e3e3d8   STS_A_TABEND
87e3b62c   STS_F_add
87e3b600   STS_F_delta
87e3b648   STS_F_reset
00000001   SWI$
87e3f870   SWI_A_TABBEG
87e3f89c   SWI_A_TABEND
00000001   SWI_A_TABLEN
87e3efc4   SWI_D_curfxn
87e3efb4   SWI_D_curmask
87e3efc0   SWI_D_curmbox
87e3efb8   SWI_D_curset
87e3efb0   SWI_D_execaddr
87e3efcc   SWI_D_inswi
87e3efbc   SWI_D_lock
87e3efc8   SWI_D_rdybeg
87e3efd0   SWI_D_rdytab
87e3efac   SWI_D_runaddr
00000000   SWI_EHOOKFXN
87e38164   SWI_EXECFXN
87e37f80   SWI_F_enable
87e38164   SWI_F_exec
87e3818c   SWI_F_iexec
87e37ff0   SWI_F_post
87e3820c   SWI_F_run
00000000   SWI_IHOOKFXN
87e3820c   SWI_RUNFXN
00000001   SYS$
87e3f89c   SYS$config
87e3b800   SYS_ABORTFXN
87e3b8e0   SYS_ERRORFXN
87e3b900   SYS_EXITFXN
87e3b720   SYS_PUTCFXN
87e3f8b0   TRC_R_mask
87e3f8ac   TRC_cinit
00000001   TSK$
00000000   TSK_NUM_HOOKS
00000001   TSK_PRIORITY
00000000   TSK_READYFXN
87e3f0e4   TSK_STACKSEG
00000400   TSK_STACKSIZE
00000000   TSK_SWITCHFXN
87e3b840   TSK_VCREATEFXN
87e3b840   TSK_VDELETEFXN
87e3b840   TSK_VEXITFXN
87e3f324   TSK_idle
00000000   TSK_idle$ord
00000000   TSK_idle$pri
87e3e9e0   TSK_idle$stack
87e3ed78   TSK_idle$stkptr
00000000   TSK_idle$tsk
00000000   UDEV$
87e3a574   _BCACHE_bootInit
87e3a5f4   _BCACHE_getMar
87e3a5a4   _BCACHE_getSize
87e3abb0   _BCACHE_inv
87e3b330   _BCACHE_invL1pAll
87e3a574   _BCACHE_setCacheToSram
87e3a524   _BCACHE_setMar
87e3a4e0   _BCACHE_setSize
87e3b340   _BCACHE_wait
87e3aba0   _BCACHE_wb
87e3b320   _BCACHE_wbAll
87e3ab8c   _BCACHE_wbInv
87e3b30c   _BCACHE_wbInvAll
87e3e3e0   _BIOS_init
87e3e648   _BIOS_start
87e3b7ac   _C62_clearIFR
87e3b780   _C62_disableIER
87e39328   _C62_dispatchPlug
87e3b798   _C62_enableIER
87e39320   _C62_plug
87e3b7ac   _C64_clearIFR
87e3b780   _C64_disableIER
87e39328   _C64_dispatchPlug
87e3b798   _C64_enableIER
87e39320   _C64_plug
ffffffff   _CACHE_L1D
ffffffff   _CACHE_L1P
ffffffff   _CACHE_L2
00050910   _CLK_COUNTSPMS
87e3f0f4   _CLK_DFLTMICROSECS
87e3ef28   _CLK_D_countspms
87e3ef1c   _CLK_D_dirty
87e3f0f8   _CLK_D_microseconds
87e3ef20   _CLK_D_prd
87e3ef24   _CLK_D_tddr
87e39da0   _CLK_F_itime
00004b00   _CLK_PRD
49038000   _CLK_REGS
00000000   _CLK_TDDR
00000000   _CLK_TIMERNUM
00000001   _CLK_USETIMER
87e3b920   _CLK_gethtime
49038000   _CLK_gptimer
87e37574   _CLK_gptimer_enablemask
87e3ef0c   _CLK_htimeDiv
87e3ef10   _CLK_htimeMult
87e3f104   _CLK_htimePerLtime
87e3746c   _CLK_inputClock
87e39da0   _CLK_itime
87e3ef14   _CLK_ltimeDiv
87e3ef18   _CLK_ltimeMult
87e3a64c   _CLK_reconfig
87e38fa4   _CLK_start
87e38f40   _CLK_stop
87e2843c   _CalcWeight
87e3f0e4   _DDR2
87e00080   _DDR2_base
00020000   _DDR2_length
87e37568   _DSPLINKDATA_ctrlPtr
87e2ca00   _DSPLINKDATA_init
87e2bc20   _DSPLINKIPS_init
ffffffff   _DSPLINKMEM
87e37570   _DSPLINKMQT_ctrlPtr
87e2caa0   _DSPLINKMQT_init
87e372e8   _DSPLINKPOOL_ctrlPtr
87e2c700   _DSPLINKPOOL_init
87e2c260   _DSPLINK_init
87e3f700   _DSPLINK_shmBaseAddress
87e3f708   _DSPLINK_shmBaseAddress_pad
0000000a   _EVENT10
00000064   _EVENT100
00000065   _EVENT101
00000066   _EVENT102
00000067   _EVENT103
00000068   _EVENT104
00000069   _EVENT105
0000006a   _EVENT106
0000006b   _EVENT107
0000006c   _EVENT108
0000006d   _EVENT109
0000000b   _EVENT11
0000006e   _EVENT110
0000006f   _EVENT111
00000070   _EVENT112
00000071   _EVENT113
00000072   _EVENT114
00000073   _EVENT115
00000074   _EVENT116
00000075   _EVENT117
00000076   _EVENT118
00000077   _EVENT119
0000000c   _EVENT12
00000078   _EVENT120
00000079   _EVENT121
0000007a   _EVENT122
0000007b   _EVENT123
0000007c   _EVENT124
0000007d   _EVENT125
0000007e   _EVENT126
0000007f   _EVENT127
0000000d   _EVENT13
0000000e   _EVENT14
0000000f   _EVENT15
00000010   _EVENT16
00000011   _EVENT17
00000012   _EVENT18
00000013   _EVENT19
00000014   _EVENT20
00000015   _EVENT21
00000016   _EVENT22
00000017   _EVENT23
00000018   _EVENT24
00000019   _EVENT25
0000001a   _EVENT26
0000001b   _EVENT27
0000001c   _EVENT28
0000001d   _EVENT29
0000001e   _EVENT30
0000001f   _EVENT31
00000020   _EVENT32
00000021   _EVENT33
00000022   _EVENT34
00000023   _EVENT35
00000024   _EVENT36
00000025   _EVENT37
00000026   _EVENT38
00000027   _EVENT39
00000004   _EVENT4
00000028   _EVENT40
00000029   _EVENT41
0000002a   _EVENT42
0000002b   _EVENT43
0000002c   _EVENT44
0000002d   _EVENT45
0000002e   _EVENT46
0000002f   _EVENT47
00000030   _EVENT48
00000031   _EVENT49
00000005   _EVENT5
00000032   _EVENT50
00000033   _EVENT51
00000034   _EVENT52
00000035   _EVENT53
00000036   _EVENT54
00000037   _EVENT55
00000038   _EVENT56
00000039   _EVENT57
0000003a   _EVENT58
0000003b   _EVENT59
00000006   _EVENT6
0000003c   _EVENT60
0000003d   _EVENT61
0000003e   _EVENT62
0000003f   _EVENT63
00000040   _EVENT64
00000041   _EVENT65
00000042   _EVENT66
00000043   _EVENT67
00000044   _EVENT68
00000045   _EVENT69
00000007   _EVENT7
00000046   _EVENT70
00000047   _EVENT71
00000048   _EVENT72
00000049   _EVENT73
0000004a   _EVENT74
0000004b   _EVENT75
0000004c   _EVENT76
0000004d   _EVENT77
0000004e   _EVENT78
0000004f   _EVENT79
00000008   _EVENT8
00000050   _EVENT80
00000051   _EVENT81
00000052   _EVENT82
00000053   _EVENT83
00000054   _EVENT84
00000055   _EVENT85
00000056   _EVENT86
00000057   _EVENT87
00000058   _EVENT88
00000059   _EVENT89
00000009   _EVENT9
0000005a   _EVENT90
0000005b   _EVENT91
0000005c   _EVENT92
0000005d   _EVENT93
0000005e   _EVENT94
0000005f   _EVENT95
00000060   _EVENT96
00000061   _EVENT97
00000062   _EVENT98
00000063   _EVENT99
87e37a70   _EXC_clearLastStatus
87e39500   _EXC_dispatch
87e378f4   _EXC_exceptionHandler
87e3f0c8   _EXC_exceptionHook
87e378c0   _EXC_external
87e3f0d0   _EXC_externalHook
87e378a0   _EXC_getLastStatus
87e37860   _EXC_init
87e375b4   _EXC_internal
87e3f0cc   _EXC_internalHook
87e37580   _EXC_nmi
87e3f0d4   _EXC_nmiHook
87e3f098   _EXC_returnPtr
87e396c4   _EXC_setReturnPtr
87e374d8   _EXC_status
87e3f090   _EXC_sysTrapTable
87e37504   _FAIL_Code
87e374fc   _FAIL_File
87e37500   _FAIL_Line
87e374f8   _FAIL_Set
87e3b840   _FXN_F_nop
87e3b484   _FXN_F_run
87e3b4c0   _FXN_F_zero
00000000   _GBL_CACHE
87e3a7c4   _GBL_cacheInit64P
87e3ef84   _GBL_clkIn
87e3ef88   _GBL_freq
87e3b860   _GBL_getVersion
87e3ef80   _GBL_procId
87e2d154   _HAL_exit
87e2d120   _HAL_init
87e2bb90   _HAL_intClear
87e2bae8   _HAL_intDisable
87e2baa0   _HAL_intEnable
87e2b8e0   _HAL_intInit
87e2b958   _HAL_intRegister
87e2bb70   _HAL_intSend
87e2bb30   _HAL_intWaitClear
87e2816c   _HC_Epanechnikov_kernel
87e27ec4   _HC_pdf_representation_target
87e3b880   _HOOK_setenv
87e00080   _HST_A_TABBEG
87e00080   _HST_A_TABEND
87e37508   _HWI_ATTRS
00004000   _HWI_CFGDISPATCHED
87e3f0bc   _HWI_D_inhwi
87e3f0b0   _HWI_D_spsave
87e37aa0   _HWI_F_dispatch
0000000a   _HWI_INT10
0000000b   _HWI_INT11
0000000c   _HWI_INT12
0000000d   _HWI_INT13
0000000e   _HWI_INT14
0000000f   _HWI_INT15
00000004   _HWI_INT4
00000005   _HWI_INT5
00000006   _HWI_INT6
00000007   _HWI_INT7
00000008   _HWI_INT8
00000009   _HWI_INT9
00000001   _HWI_NMI
00000002   _HWI_RESERVED0
00000003   _HWI_RESERVED1
00000000   _HWI_RESET
87e3c938   _HWI_STKBOTTOM
87e3b940   _HWI_STKTOP
87e3f0b0   _HWI_data
87e3b4e0   _HWI_disable
87e3af40   _HWI_dispatchPlug
87e3ede0   _HWI_dispatchTab
87e3b4f8   _HWI_enable
87e3afc0   _HWI_eventMap
87e3b50c   _HWI_restore
87e3b8a0   _IDL_loop
87e264b8   _IPS_clearReserved
87e24fac   _IPS_exit
87e24cdc   _IPS_init
87e26558   _IPS_isNotReserved
87e25bd0   _IPS_notify
87e25124   _IPS_register
87e26418   _IPS_setReserved
87e2569c   _IPS_unregister
87e3d6d0   _IQdivTable
87e37078   _IQexpTableCoeff
87e36f88   _IQexpTableMinMax
87e3dad8   _IQisqrtTable
87e370c8   _IQlogTableCoeff
87e370a0   _IQlog_TableCoeff
ffffffff   _IRAM
87e3f050   _KNL_alarm
87e3a880   _KNL_check
87e3f074   _KNL_curqueue
87e3f064   _KNL_curtask
87e3f06c   _KNL_curtime
87e372b0   _KNL_dummy
87e3ace0   _KNL_enter
87e3aca0   _KNL_exit
87e3a948   _KNL_idle
87e3f08c   _KNL_idlefxn
87e3f058   _KNL_inactive
87e3b040   _KNL_ipost
87e3a970   _KNL_max
87e3f078   _KNL_maxqueue
87e3b0c0   _KNL_post
87e3f068   _KNL_prevtask
87e3f05c   _KNL_priority
87e37210   _KNL_queues
87e3a260   _KNL_ready
87e38b00   _KNL_run
87e39fa0   _KNL_saveIsrFrame
87e3f060   _KNL_set
87e3f054   _KNL_setpri
87e3ad60   _KNL_start
87e3f870   _KNL_swi
87e3f070   _KNL_swiptr
87e3a04c   _KNL_switch
87e3f080   _KNL_tcreatefxn
87e3f084   _KNL_tdeletefxn
87e398ac   _KNL_tick
87e3f088   _KNL_treadyfxn
87e3f07c   _KNL_tswitchfxn
87e3f048   _KNL_wFlag
87e3f04c   _KNL_wList
ffffffff   _L1DSRAM
87e3b160   _LCK_pend
87e3b140   _LCK_post
87e3f840   _LOG_A_TABBEG
87e3f870   _LOG_A_TABEND
00000002   _LOG_A_TABLEN
87e3eeec   _LOG_D_system
87e3b1c0   _LOG_event
87e3f840   _LOG_system
87e3f10c   _MEM
87e3ef8c   _MEM_D_NUMSEGMENTS
87e3ef94   _MEM_D_freelist
87e3ef98   _MEM_D_lockaddr
87e3ef90   _MEM_D_memtab
87e3ef9c   _MEM_D_unlockaddr
87e39140   _MEM_alloc
87e398c0   _MEM_free
87e3e8c0   _MEM_init
87e3f0d8   _MEM_memtab
87e3b3c0   _MEM_valloc
87e3752c   _MPCSXFER_BufferSize
87e37530   _MPCSXFER_NumIterations
87e27524   _MPCS_close
87e2664c   _MPCS_create
87e37538   _MPCS_csObj
87e37534   _MPCS_ctrlPtr
87e26de4   _MPCS_delete
87e27648   _MPCS_enter
87e2a4f0   _MPCS_exit
87e2a30c   _MPCS_init
87e278ec   _MPCS_leave
87e273c0   _MPCS_open
87e3753c   _MPLIST_ctrlPtr
87e2b650   _MPLIST_exit
87e2b46c   _MPLIST_init
87e37540   _MPLIST_mpcsObj
87e37544   _NOTIFY_ctrlPtr
87e2c02c   _NOTIFY_init
87e2adc8   _NOTIFY_notify
87e37548   _NOTIFY_numIps
87e2a9e0   _NOTIFY_register
87e2ab9c   _NOTIFY_unregister
87e3b240   _OBJ_create
87e3b540   _OBJ_delete
87e3e9c0   _OBJ_init
87e37400   _OBJ_segtab
87e373c8   _OBJ_table
87e00080   _PIP_A_TABBEG
87e00080   _PIP_A_TABEND
87e3f110   _POOL
ffffffff   _POOLMEM
87e374a8   _POOL_config
87e3e6e0   _POOL_init
87e2a1a8   _POOL_open
87e3ef2c   _PRD_D_tick
87e3e3d8   _PRD_clock
87e3b7c0   _QUE_get
87e3b7e8   _QUE_put
ffffffff   _RESET_VECTOR
87e3754c   _RingIO_ctrlPtr
87e20498   _RingIO_exit
87e202a8   _RingIO_init
87e37550   _RingIO_mpcsObj
87e3b5a0   _SEM_pend
87e38d40   _SEM_pendEnterKnl
87e3abc0   _SEM_post
87e3abc0   _SEM_postBinary
87e3ae00   _SEM_postEnterKnl
87e2c1a8   _SHMDRV_handshake
87e2c140   _SHMDRV_init
87e3e3b0   _SMAPOOL_FXNS
87e29270   _SMAPOOL_alloc
87e29658   _SMAPOOL_free
87e290c4   _SMAPOOL_init
87e290e8   _SMAPOOL_open
87e3e3c8   _STS_A_TABBEG
87e3e3d8   _STS_A_TABEND
87e3b62c   _STS_add
87e3b600   _STS_delta
87e3b648   _STS_reset
87e3b8c0   _STS_set
87e3efc4   _SWI_D_curfxn
87e3efb4   _SWI_D_curmask
87e3efb8   _SWI_D_curset
87e3efb0   _SWI_D_execaddr
87e3efcc   _SWI_D_inswi
87e3efbc   _SWI_D_lock
87e3efc8   _SWI_D_rdybeg
87e3efac   _SWI_D_runaddr
87e3efac   _SWI_data
87e3b660   _SWI_disable
87e3b684   _SWI_enable
87e37ff0   _SWI_post
87e3efa0   _SYS
87e3f118   _SYS_PUTCBEG
87e3f317   _SYS_PUTCEND
87e3b6c0   _SYS_abort
87e3b420   _SYS_error
87e3aea0   _SYS_exit
87e37470   _SYS_exitStack
87e3f0fc   _SYS_exitStackPtr
87e3f100   _SYS_exitStackTop
87e37490   _SamplePoolParams
87e2c940   _SetReason
87e3f8b0   _TRC_R_mask
87e3f0f0   _TSK
87e37368   _TSK_ATTRS
87e37384   _TSK_config
87e387c0   _TSK_create
87e3a3a0   _TSK_exit
87e3f324   _TSK_idle
87e3e960   _TSK_init
87e3f0e8   _TSK_nTasks
87e3f0ec   _TSK_pid
87e39e00   _TSK_setup
87e3aa44   _TSK_startup
87e373a4   _TSK_timerSem
87e28e2c   _Task_create
87e28d94   _Task_delete
87e286ac   _Task_execute
87e3b800   _UTL_doAbort
87e3b8e0   _UTL_doError
87e3b720   _UTL_doPutc
87e3b900   _UTL_halt
87e373c4   __BCACHE_emifAddr
87e37520   __BCACHE_readTable
87e39dbc   __CLK_lat1beg
87e39de0   __CLK_lat1end
87e29a9c   __DSPLINK_init
87e3efa8   __HOOK_NUMHOOKS
87e3efa4   __HOOK_knlId
87e37aa0   __HWI_lat1beg
87e37c28   __HWI_lat1end
87e37c28   __HWI_lat2beg
87e37e04   __HWI_lat2end1
87e37d90   __HWI_lat2end2
87e37e20   __HWI_lat3beg
87e37dc0   __HWI_lat3end2
87e2c360   __IQNdiv
87e2bd80   __IQNsqrt
87e3a8cc   __KNL_lat1beg
87e3a948   __KNL_lat1end
87e3b1c0   __LOG_lat1beg
87e37444   __MEM_mutex
87e2a580   __MPCS_open
48004000   __PWRM_CM_BASEADDR
5d000000   __PWRM_IVAMMU_BASEADDR
48306000   __PWRM_PRM_BASEADDR
48002000   __PWRM_SCM_BASEADDR
00000000   __PWRM_TIMERBASEADDR
00000020   __PWRM_TIMERINPUTCLK
00000000   __PWRM_TIMERINTRMASK
0000000a   __PWRM_TIMERPERIOD
00000000   __PWRM_USETIMER
87e3b7c0   __QUE_lat1beg
87e3b7e0   __QUE_lat1end
87e3b7e8   __QUE_lat2beg
87e3b7f4   __QUE_lat2end
87e23834   __RingIO_callNotifier
87e23b20   __RingIO_checkNotifier
87e24474   __RingIO_getContiguousDataSize
87e23f00   __RingIO_getFirstAcquiredAttr
87e24060   __RingIO_getFirstAttr
87e23d34   __RingIO_initInstance
87e24a40   __RingIO_invalidateDataBuffer
87e20aa8   __RingIO_readerAcquire
87e23670   __RingIO_readerCancel
87e229b8   __RingIO_readerFlush
87e21cec   __RingIO_readerGetvAttribute
87e2142c   __RingIO_readerRelease
87e2421c   __RingIO_releaseAttribute
87e24744   __RingIO_updateAttributes
87e20548   __RingIO_writerAcquire
87e231d0   __RingIO_writerCancel
87e221c0   __RingIO_writerFlush
87e21198   __RingIO_writerRelease
87e217fc   __RingIO_writerSetvAttribute
87e39a80   __SEM_dopost
00001000   __STACK_SIZE
87e380f8   __SWI_lat1beg
87e381a4   __SWI_lat1end
87e381a8   __SWI_lat2beg
87e38208   __SWI_lat2end
87e37f80   __SWI_lat3beg
87e37fec   __SWI_lat3end
87e3741c   __TSK_mutex
ffffffff   ___TI_pprof_out_hndl
ffffffff   ___TI_prof_data_size
ffffffff   ___TI_prof_data_start
ffffffff   ___binit__
87e3ede0   ___bss__
ffffffff   ___c_args__
87e3c940   ___cinit__
87e00080   ___data__
87e00080   ___edata__
87e3f116   ___end__
87e2d2a0   ___etext__
ffffffff   ___pinit__
87e20080   ___text__
87e3a120   __auto_init
87e2c460   __cmpd
87e2cdc0   __cmpf
87e3de70   __ctypes_
87e2cec0   __cvtfd
87e2af00   __divf
87e2c7c0   __divu
87e2ce40   __fixfu
87e2d0a0   __fltuf
87e2cf20   __frcmpyf
87e2cb40   __frcmpyf_div
87e37554   __lock
87e2b6e0   __mpyf
87e2d240   __nop
87e2d260   __register_lock
87e2d280   __register_unlock
87e2cbe0   __remu
87e3b940   __stack
87e37558   __unlock
87e2c540   _atoi
87e32198   _bin
87e2d2a0   _binWidth
87e3e800   _c_int00
87e2d2a2   _cfgMaxIter
87e374c4   _dspColor
87e374cc   _dspRectangle
87e374c8   _dspResFrame
87e374d0   _function
87e27df4   _initTarget
87e27bc8   _initWeight
87e2d2a8   _kernel
87e2bec0   _main
87e2cc80   _memcpy
87e2c620   _memset
87e27ae0   _pdf_representation
87e37498   _pool_notify_Pools
87e2cf80   _strcpy
87e2cfe0   _strncmp
87e2cd20   _strncpy
87e32158   _target_candidate
87e32098   _target_model
87e3f858   _trace
ffffffff   binit
87e3c940   cinit
87e00080   edata
87e3f116   end
87e2d2a0   etext
87e3f400   hwi0
87e3f420   hwi1
87e3f540   hwi10
87e3f560   hwi11
87e3f580   hwi12
87e3f5a0   hwi13
87e3f5c0   hwi14
87e3f5e0   hwi15
87e3f440   hwi2
87e3f460   hwi3
87e3f480   hwi4
87e3f4a0   hwi5
87e3f4c0   hwi6
87e3f4e0   hwi7
87e3f500   hwi8
87e3f520   hwi9
ffffffff   pinit
87e3f858   trace
87e3f380   trace$buf
00000001   trace$datatype
00000000   trace$log
00000020   trace$size


GLOBAL SYMBOLS: SORTED BY Symbol Address 

address    name
--------   ----
00000000   BUF$
00000000   CLK_PRDHIGH
00000000   CLK_RESETTIMER
00000000   CLK_TDDR
00000000   CLK_TDDRHIGH
00000000   CLK_TIMERNUM
00000000   DEV$
00000000   DGN$
00000000   DHL$
00000000   DHL_gChannelsAvailable
00000000   DIO$
00000000   DIO_NUMSWIBASE
00000000   DIO_NUMTSKBASE
00000000   DIO_STATIC
00000000   DPI$
00000000   ECM$
00000000   ECM_ENABLE
00000000   GBL_BCACHEREADADDR0
00000000   GBL_BCACHEREADADDR1
00000000   GBL_BCACHEREADADDR2
00000000   GBL_BIGENDIAN
00000000   GBL_CACHE
00000000   GBL_CALLCSLCFGINIT
00000000   GBL_ENABLEINST
00000000   GBL_ENABLE_SK
00000000   GBL_GEMTRUECOMPEN
00000000   GBL_L2MAR0_31
00000000   GBL_L2MAR160_191
00000000   GBL_L2MAR192_223
00000000   GBL_L2MAR224_255
00000000   GBL_L2MAR32_63
00000000   GBL_L2MAR64_95
00000000   GBL_L2MAR96_127
00000000   GBL_NULL
00000000   GBL_PROCID
00000000   GBL_ROM
00000000   GBL_SUPPORTCSL
00000000   GBL_USERINIT
00000000   GIO$
00000000   HOOK$
00000000   HOOK_KNLID
00000000   HST$
00000000   HST_DSM
00000000   HST_MAXFRAMESET
00000000   HST_RTDX
00000000   HWI_GENERATE_RESET_VEC
00000000   HWI_INT10$hwi
00000000   HWI_INT11$hwi
00000000   HWI_INT12$hwi
00000000   HWI_INT13$hwi
00000000   HWI_INT14$hwi
00000000   HWI_INT15$hwi
00000000   HWI_INT4$hwi
00000000   HWI_INT5$hwi
00000000   HWI_INT6$hwi
00000000   HWI_INT7$hwi
00000000   HWI_INT8$hwi
00000000   HWI_INT9$hwi
00000000   HWI_NMI$hwi
00000000   HWI_POLARITYMASK
00000000   HWI_RESERVED0$hwi
00000000   HWI_RESERVED1$hwi
00000000   HWI_RESET
00000000   HWI_RESET$hwi
00000000   HWI_ZEROTAB
00000000   IDL$
00000000   IDL_CALIBRERROR
00000000   IDL_CALIBRFXN
00000000   IDL_USECLKIDLTIME
00000000   KNL_swi$ord
00000000   KNL_swi$pri
00000000   KNL_swi$sts$unittype
00000000   KNL_swi$swi
00000000   LOG_system$datatype
00000000   LOG_system$log
00000000   MBX$
00000000   MEM_NULL
00000000   MEM_USEMPC
00000000   MSGQ$
00000000   MSGQ_USEMSGQ
00000000   OBJ$
00000000   PIP$
00000000   PIP_A_TABLEN
00000000   PIP_gNextId
00000000   PIP_gNumEmbed
00000000   PRD_A_TABLEN
00000000   PRD_SWIHANDLE
00000000   PWRM_PWRM_CAPSMASK
00000000   PWRM_PWRM_ENABLE
00000000   PWRM_PWRM_LOADENABLE
00000000   PWRM_PWRM_RESOURCETRACKING
00000000   PWRM_PWRM_SCALING
00000000   PWRM_PWRM_TIMERIDNUM
00000000   PWRM_PWRM_TIMERINTRMASK
00000000   PWRM_PWRM_TIMERWUGENMASK
00000000   PWRM_PWRM_USERRESOURCES
00000000   PWRM_PWRM_USETIMER
00000000   RTDX$
00000000   RTDX_MODE
00000000   RTDX_USERTDX
00000000   RTDX_USERTEXECUTION
00000000   SEM$
00000000   SIO$
00000000   STS$
00000000   SWI_EHOOKFXN
00000000   SWI_IHOOKFXN
00000000   TSK_NUM_HOOKS
00000000   TSK_READYFXN
00000000   TSK_SWITCHFXN
00000000   TSK_idle$ord
00000000   TSK_idle$pri
00000000   TSK_idle$tsk
00000000   UDEV$
00000000   _CLK_TDDR
00000000   _CLK_TIMERNUM
00000000   _GBL_CACHE
00000000   _HWI_RESET
00000000   __PWRM_TIMERBASEADDR
00000000   __PWRM_TIMERINTRMASK
00000000   __PWRM_USETIMER
00000000   trace$log
00000001   BUF_ENABLED
00000001   CLK$
00000001   CLK_CALDIV
00000001   CLK_CALMULT
00000001   CLK_ENABLEHTIME
00000001   CLK_HTIMEDIV
00000001   CLK_HTIMEMULT
00000001   CLK_LTIMEDIV
00000001   CLK_USETIMER
00000001   GBL$
00000001   GBL_L2CONFIGURE
00000001   GBL_L2MODE
00000001   GBL_boot
00000001   HST_NONE
00000001   HWI$
00000001   HWI_ENABLE_EXC
00000001   HWI_NMI
00000001   ISRC$
00000001   KNL_swi$dorta
00000001   KNL_swi$sts$filtmaxmult
00000001   KNL_swi$sts$filtsummult
00000001   LCK$
00000001   LOG$
00000001   LOG_ENABLED
00000001   MEM$
00000001   MEM_gNumHeap
00000001   POOL$
00000001   POOL_USEPOOL
00000001   PRD$
00000001   PRD_SCALAR
00000001   PWRM$
00000001   PWRM_PWRM_NUMSLOTS
00000001   QUE$
00000001   SWI$
00000001   SWI_A_TABLEN
00000001   SYS$
00000001   TSK$
00000001   TSK_PRIORITY
00000001   _CLK_USETIMER
00000001   _HWI_NMI
00000001   trace$datatype
00000002   HWI_RESERVED0
00000002   KNL_swi$sts$filter
00000002   LOG_A_TABLEN
00000002   _HWI_RESERVED0
00000002   _LOG_A_TABLEN
00000003   GBL_L1PMODE
00000003   HWI_RESERVED1
00000003   _HWI_RESERVED1
00000004   EVENT4
00000004   HWI_INT4
00000004   _EVENT4
00000004   _HWI_INT4
00000005   CLK_COUNTSPMSHIGH
00000005   CLK_TIMMODE
00000005   EVENT5
00000005   HWI_INT5
00000005   _EVENT5
00000005   _HWI_INT5
00000006   EVENT6
00000006   HWI_INT6
00000006   _EVENT6
00000006   _HWI_INT6
00000007   EVENT7
00000007   GBL_L1DMODE
00000007   HWI_INT7
00000007   _EVENT7
00000007   _HWI_INT7
00000008   EVENT8
00000008   HWI_INT8
00000008   _EVENT8
00000008   _HWI_INT8
00000009   EVENT9
00000009   HWI_INT9
00000009   _EVENT9
00000009   _HWI_INT9
0000000a   EVENT10
0000000a   HWI_INT10
0000000a   PWRM_PWRM_CLKTICKSPERSLOT
0000000a   _EVENT10
0000000a   _HWI_INT10
0000000a   __PWRM_TIMERPERIOD
0000000b   EVENT11
0000000b   HWI_INT11
0000000b   _EVENT11
0000000b   _HWI_INT11
0000000c   EVENT12
0000000c   HWI_INT12
0000000c   _EVENT12
0000000c   _HWI_INT12
0000000d   EVENT13
0000000d   HWI_INT13
0000000d   _EVENT13
0000000d   _HWI_INT13
0000000e   EVENT14
0000000e   HWI_INT14
0000000e   _EVENT14
0000000e   _HWI_INT14
0000000f   EVENT15
0000000f   HWI_INT15
0000000f   _EVENT15
0000000f   _HWI_INT15
00000010   EVENT16
00000010   _EVENT16
00000011   EVENT17
00000011   _EVENT17
00000012   EVENT18
00000012   _EVENT18
00000013   EVENT19
00000013   _EVENT19
00000014   EVENT20
00000014   _EVENT20
00000015   EVENT21
00000015   _EVENT21
00000016   EVENT22
00000016   _EVENT22
00000017   EVENT23
00000017   _EVENT23
00000018   EVENT24
00000018   _EVENT24
00000019   EVENT25
00000019   _EVENT25
0000001a   EVENT26
0000001a   _EVENT26
0000001b   EVENT27
0000001b   _EVENT27
0000001c   EVENT28
0000001c   _EVENT28
0000001d   EVENT29
0000001d   _EVENT29
0000001e   EVENT30
0000001e   _EVENT30
0000001f   EVENT31
0000001f   _EVENT31
00000020   CLK_TCR
00000020   EVENT32
00000020   _EVENT32
00000020   __PWRM_TIMERINPUTCLK
00000020   trace$size
00000021   EVENT33
00000021   _EVENT33
00000022   EVENT34
00000022   _EVENT34
00000023   EVENT35
00000023   _EVENT35
00000024   EVENT36
00000024   _EVENT36
00000025   EVENT37
00000025   _EVENT37
00000026   EVENT38
00000026   _EVENT38
00000027   EVENT39
00000027   _EVENT39
00000028   EVENT40
00000028   _EVENT40
00000029   EVENT41
00000029   _EVENT41
0000002a   EVENT42
0000002a   _EVENT42
0000002b   EVENT43
0000002b   _EVENT43
0000002c   EVENT44
0000002c   _EVENT44
0000002d   EVENT45
0000002d   _EVENT45
0000002e   EVENT46
0000002e   _EVENT46
0000002f   EVENT47
0000002f   _EVENT47
00000030   EVENT48
00000030   _EVENT48
00000031   EVENT49
00000031   _EVENT49
00000032   EVENT50
00000032   _EVENT50
00000033   EVENT51
00000033   _EVENT51
00000034   EVENT52
00000034   _EVENT52
00000035   EVENT53
00000035   _EVENT53
00000036   EVENT54
00000036   _EVENT54
00000037   EVENT55
00000037   _EVENT55
00000038   EVENT56
00000038   _EVENT56
00000039   EVENT57
00000039   _EVENT57
0000003a   EVENT58
0000003a   _EVENT58
0000003b   EVENT59
0000003b   _EVENT59
0000003c   EVENT60
0000003c   _EVENT60
0000003d   EVENT61
0000003d   _EVENT61
0000003e   EVENT62
0000003e   GBL_DSPTYPE
0000003e   _EVENT62
0000003f   EVENT63
0000003f   _EVENT63
00000040   EVENT64
00000040   LOG_system$size
00000040   _EVENT64
00000041   EVENT65
00000041   _EVENT65
00000042   EVENT66
00000042   GBL_FOOTPRINT
00000042   _EVENT66
00000043   EVENT67
00000043   _EVENT67
00000044   EVENT68
00000044   _EVENT68
00000045   EVENT69
00000045   _EVENT69
00000046   EVENT70
00000046   _EVENT70
00000047   EVENT71
00000047   _EVENT71
00000048   EVENT72
00000048   _EVENT72
00000049   EVENT73
00000049   _EVENT73
0000004a   EVENT74
0000004a   _EVENT74
0000004b   EVENT75
0000004b   _EVENT75
0000004c   EVENT76
0000004c   _EVENT76
0000004d   EVENT77
0000004d   _EVENT77
0000004e   EVENT78
0000004e   _EVENT78
0000004f   EVENT79
0000004f   _EVENT79
00000050   EVENT80
00000050   _EVENT80
00000051   EVENT81
00000051   _EVENT81
00000052   EVENT82
00000052   _EVENT82
00000053   EVENT83
00000053   _EVENT83
00000054   EVENT84
00000054   _EVENT84
00000055   EVENT85
00000055   _EVENT85
00000056   EVENT86
00000056   _EVENT86
00000057   EVENT87
00000057   _EVENT87
00000058   EVENT88
00000058   _EVENT88
00000059   EVENT89
00000059   _EVENT89
0000005a   EVENT90
0000005a   _EVENT90
0000005b   EVENT91
0000005b   _EVENT91
0000005c   EVENT92
0000005c   _EVENT92
0000005d   EVENT93
0000005d   _EVENT93
0000005e   EVENT94
0000005e   _EVENT94
0000005f   EVENT95
0000005f   _EVENT95
00000060   EVENT96
00000060   _EVENT96
00000061   EVENT97
00000061   _EVENT97
00000062   EVENT98
00000062   _EVENT98
00000063   EVENT99
00000063   _EVENT99
00000064   EVENT100
00000064   PIP_OBJSIZE
00000064   _EVENT100
00000065   EVENT101
00000065   _EVENT101
00000066   EVENT102
00000066   _EVENT102
00000067   EVENT103
00000067   _EVENT103
00000068   EVENT104
00000068   _EVENT104
00000069   EVENT105
00000069   _EVENT105
0000006a   EVENT106
0000006a   _EVENT106
0000006b   EVENT107
0000006b   _EVENT107
0000006c   EVENT108
0000006c   _EVENT108
0000006d   EVENT109
0000006d   _EVENT109
0000006e   EVENT110
0000006e   _EVENT110
0000006f   EVENT111
0000006f   _EVENT111
00000070   EVENT112
00000070   _EVENT112
00000071   EVENT113
00000071   _EVENT113
00000072   EVENT114
00000072   _EVENT114
00000073   EVENT115
00000073   _EVENT115
00000074   EVENT116
00000074   _EVENT116
00000075   EVENT117
00000075   _EVENT117
00000076   EVENT118
00000076   _EVENT118
00000077   EVENT119
00000077   _EVENT119
00000078   EVENT120
00000078   _EVENT120
00000079   EVENT121
00000079   _EVENT121
0000007a   EVENT122
0000007a   _EVENT122
0000007b   EVENT123
0000007b   _EVENT123
0000007c   EVENT124
0000007c   _EVENT124
0000007d   EVENT125
0000007d   _EVENT125
0000007e   EVENT126
0000007e   _EVENT126
0000007f   EVENT127
0000007f   _EVENT127
00000080   GBL_L2MAR128_159
00000100   HST_MAXFRAMEALLOWED
000003e8   CLK_MICROSECS
00000400   HST_DSMMEMSIZE
00000400   TSK_STACKSIZE
00000408   RTDX_BUFMEMSIZE
00000d66   GBL_CLKTYPE
00001000   __STACK_SIZE
00001963   GBL_DSPSUBTYPE
00004000   CLK_INTBIT
00004000   GBL_TRCMASKVALUE
00004000   HWI_CFGDISPATCHED
00004000   _HWI_CFGDISPATCHED
00004b00   CLK_INPUTCLK
00004b00   CLK_PRD
00004b00   _CLK_PRD
00004e20   GBL_CLKIN
00005205   GBL_A_VERSION
00020000   DDR2$L
00020000   _DDR2_length
00050910   CLK_COUNTSPMS
00050910   CLK_HTIMEPERLTIME
00050910   CLK_LTIMEMULT
00050910   GBL_FREQ
00050910   _CLK_COUNTSPMS
07060504   HWI_INTRMUX1
0a0a0908   HWI_INTRMUX2
34330d0b   HWI_INTRMUX3
48002000   __PWRM_SCM_BASEADDR
48004000   __PWRM_CM_BASEADDR
48306000   __PWRM_PRM_BASEADDR
49038000   CLK_REGS
49038000   _CLK_REGS
49038000   _CLK_gptimer
5d000000   __PWRM_IVAMMU_BASEADDR
87e00080   .data
87e00080   DDR2$B
87e00080   HST_A_TABBEG
87e00080   HST_A_TABEND
87e00080   PIP_A_TABBEG
87e00080   PIP_A_TABEND
87e00080   PRD_A_TABBEG
87e00080   PRD_A_TABEND
87e00080   _DDR2_base
87e00080   _HST_A_TABBEG
87e00080   _HST_A_TABEND
87e00080   _PIP_A_TABBEG
87e00080   _PIP_A_TABEND
87e00080   ___data__
87e00080   ___edata__
87e00080   edata
87e20080   .text
87e20080   ___text__
87e202a8   _RingIO_init
87e20498   _RingIO_exit
87e20548   __RingIO_writerAcquire
87e20aa8   __RingIO_readerAcquire
87e21198   __RingIO_writerRelease
87e2142c   __RingIO_readerRelease
87e217fc   __RingIO_writerSetvAttribute
87e21cec   __RingIO_readerGetvAttribute
87e221c0   __RingIO_writerFlush
87e229b8   __RingIO_readerFlush
87e231d0   __RingIO_writerCancel
87e23670   __RingIO_readerCancel
87e23834   __RingIO_callNotifier
87e23b20   __RingIO_checkNotifier
87e23d34   __RingIO_initInstance
87e23f00   __RingIO_getFirstAcquiredAttr
87e24060   __RingIO_getFirstAttr
87e2421c   __RingIO_releaseAttribute
87e24474   __RingIO_getContiguousDataSize
87e24744   __RingIO_updateAttributes
87e24a40   __RingIO_invalidateDataBuffer
87e24cdc   _IPS_init
87e24fac   _IPS_exit
87e25124   _IPS_register
87e2569c   _IPS_unregister
87e25bd0   _IPS_notify
87e26418   _IPS_setReserved
87e264b8   _IPS_clearReserved
87e26558   _IPS_isNotReserved
87e2664c   _MPCS_create
87e26de4   _MPCS_delete
87e273c0   _MPCS_open
87e27524   _MPCS_close
87e27648   _MPCS_enter
87e278ec   _MPCS_leave
87e27ae0   _pdf_representation
87e27bc8   _initWeight
87e27df4   _initTarget
87e27ec4   _HC_pdf_representation_target
87e2816c   _HC_Epanechnikov_kernel
87e2843c   _CalcWeight
87e286ac   _Task_execute
87e28d94   _Task_delete
87e28e2c   _Task_create
87e290c4   _SMAPOOL_init
87e290e8   _SMAPOOL_open
87e29270   _SMAPOOL_alloc
87e29658   _SMAPOOL_free
87e29a9c   __DSPLINK_init
87e2a1a8   _POOL_open
87e2a30c   _MPCS_init
87e2a4f0   _MPCS_exit
87e2a580   __MPCS_open
87e2a9e0   _NOTIFY_register
87e2ab9c   _NOTIFY_unregister
87e2adc8   _NOTIFY_notify
87e2af00   __divf
87e2b46c   _MPLIST_init
87e2b650   _MPLIST_exit
87e2b6e0   __mpyf
87e2b8e0   _HAL_intInit
87e2b958   _HAL_intRegister
87e2baa0   _HAL_intEnable
87e2bae8   _HAL_intDisable
87e2bb30   _HAL_intWaitClear
87e2bb70   _HAL_intSend
87e2bb90   _HAL_intClear
87e2bc20   _DSPLINKIPS_init
87e2bd80   __IQNsqrt
87e2bec0   _main
87e2c02c   _NOTIFY_init
87e2c140   _SHMDRV_init
87e2c1a8   _SHMDRV_handshake
87e2c260   _DSPLINK_init
87e2c360   __IQNdiv
87e2c460   __cmpd
87e2c540   _atoi
87e2c620   _memset
87e2c700   _DSPLINKPOOL_init
87e2c7c0   __divu
87e2c940   _SetReason
87e2ca00   _DSPLINKDATA_init
87e2caa0   _DSPLINKMQT_init
87e2cb40   __frcmpyf_div
87e2cbe0   __remu
87e2cc80   _memcpy
87e2cd20   _strncpy
87e2cdc0   __cmpf
87e2ce40   __fixfu
87e2cec0   __cvtfd
87e2cf20   __frcmpyf
87e2cf80   _strcpy
87e2cfe0   _strncmp
87e2d0a0   __fltuf
87e2d120   _HAL_init
87e2d154   _HAL_exit
87e2d240   __nop
87e2d260   __register_lock
87e2d280   __register_unlock
87e2d2a0   ___etext__
87e2d2a0   _binWidth
87e2d2a0   etext
87e2d2a2   _cfgMaxIter
87e2d2a8   _kernel
87e32098   _target_model
87e32158   _target_candidate
87e32198   _bin
87e36f88   _IQexpTableMinMax
87e37078   _IQexpTableCoeff
87e370a0   _IQlog_TableCoeff
87e370c8   _IQlogTableCoeff
87e37210   _KNL_queues
87e372b0   _KNL_dummy
87e372e8   _DSPLINKPOOL_ctrlPtr
87e37368   _TSK_ATTRS
87e37384   _TSK_config
87e373a4   _TSK_timerSem
87e373c4   __BCACHE_emifAddr
87e373c8   _OBJ_table
87e37400   _OBJ_segtab
87e3741c   __TSK_mutex
87e37444   __MEM_mutex
87e3746c   _CLK_inputClock
87e37470   _SYS_exitStack
87e37490   _SamplePoolParams
87e37498   _pool_notify_Pools
87e374a8   _POOL_config
87e374c4   _dspColor
87e374c8   _dspResFrame
87e374cc   _dspRectangle
87e374d0   _function
87e374d8   _EXC_status
87e374f8   _FAIL_Set
87e374fc   _FAIL_File
87e37500   _FAIL_Line
87e37504   _FAIL_Code
87e37508   _HWI_ATTRS
87e37520   __BCACHE_readTable
87e3752c   _MPCSXFER_BufferSize
87e37530   _MPCSXFER_NumIterations
87e37534   _MPCS_ctrlPtr
87e37538   _MPCS_csObj
87e3753c   _MPLIST_ctrlPtr
87e37540   _MPLIST_mpcsObj
87e37544   _NOTIFY_ctrlPtr
87e37548   _NOTIFY_numIps
87e3754c   _RingIO_ctrlPtr
87e37550   _RingIO_mpcsObj
87e37554   __lock
87e37558   __unlock
87e37568   _DSPLINKDATA_ctrlPtr
87e37570   _DSPLINKMQT_ctrlPtr
87e37574   _CLK_gptimer_enablemask
87e3757c   IDL_A_TABBEG
87e3757c   IDL_END
87e37580   _EXC_nmi
87e375b4   _EXC_internal
87e37860   _EXC_init
87e378a0   _EXC_getLastStatus
87e378c0   _EXC_external
87e378f4   _EXC_exceptionHandler
87e37a70   _EXC_clearLastStatus
87e37aa0   CLK_HOOKFXN
87e37aa0   HWI_F_dispatch
87e37aa0   _HWI_F_dispatch
87e37aa0   __HWI_lat1beg
87e37c28   __HWI_lat1end
87e37c28   __HWI_lat2beg
87e37d90   __HWI_lat2end2
87e37dc0   __HWI_lat3end2
87e37e04   __HWI_lat2end1
87e37e20   __HWI_lat3beg
87e37f80   SWI_F_enable
87e37f80   __SWI_lat3beg
87e37fec   __SWI_lat3end
87e37ff0   SWI_F_post
87e37ff0   _SWI_post
87e380f8   __SWI_lat1beg
87e38164   SWI_EXECFXN
87e38164   SWI_F_exec
87e3818c   SWI_F_iexec
87e381a4   __SWI_lat1end
87e381a8   __SWI_lat2beg
87e38208   __SWI_lat2end
87e3820c   SWI_F_run
87e3820c   SWI_RUNFXN
87e38440   PRD_F_swi
87e386c4   PRD_F_tick
87e387c0   _TSK_create
87e38b00   _KNL_run
87e38d40   _SEM_pendEnterKnl
87e38f40   _CLK_stop
87e38fa4   _CLK_start
87e39140   _MEM_alloc
87e39320   _C62_plug
87e39320   _C64_plug
87e39328   _C62_dispatchPlug
87e39328   _C64_dispatchPlug
87e39500   _EXC_dispatch
87e396c4   _EXC_setReturnPtr
87e398ac   PRD_THOOKFXN
87e398ac   _KNL_tick
87e398c0   _MEM_free
87e39a80   __SEM_dopost
87e39c40   CLK_F_getltime
87e39c50   CLK_F_isr
87e39da0   CLK_F_itime
87e39da0   _CLK_F_itime
87e39da0   _CLK_itime
87e39dbc   __CLK_lat1beg
87e39de0   __CLK_lat1end
87e39e00   _TSK_setup
87e39fa0   _KNL_saveIsrFrame
87e3a04c   _KNL_switch
87e3a0f8   KNL_glue
87e3a120   __auto_init
87e3a260   _KNL_ready
87e3a3a0   _TSK_exit
87e3a4e0   _BCACHE_setSize
87e3a524   _BCACHE_setMar
87e3a574   _BCACHE_bootInit
87e3a574   _BCACHE_setCacheToSram
87e3a5a4   _BCACHE_getSize
87e3a5f4   _BCACHE_getMar
87e3a64c   _CLK_reconfig
87e3a7c4   _GBL_cacheInit64P
87e3a880   _KNL_check
87e3a8cc   __KNL_lat1beg
87e3a948   _KNL_idle
87e3a948   __KNL_lat1end
87e3a970   _KNL_max
87e3aa44   _TSK_startup
87e3ab8c   _BCACHE_wbInv
87e3aba0   _BCACHE_wb
87e3abb0   _BCACHE_inv
87e3abc0   _SEM_post
87e3abc0   _SEM_postBinary
87e3aca0   _KNL_exit
87e3ace0   _KNL_enter
87e3ad60   _KNL_start
87e3ae00   _SEM_postEnterKnl
87e3aea0   _SYS_exit
87e3af40   _HWI_dispatchPlug
87e3afc0   _HWI_eventMap
87e3b040   _KNL_ipost
87e3b0c0   _KNL_post
87e3b140   _LCK_post
87e3b160   _LCK_pend
87e3b1c0   LOG_F_event
87e3b1c0   _LOG_event
87e3b1c0   __LOG_lat1beg
87e3b240   _OBJ_create
87e3b30c   _BCACHE_wbInvAll
87e3b320   _BCACHE_wbAll
87e3b330   _BCACHE_invL1pAll
87e3b340   _BCACHE_wait
87e3b3c0   _MEM_valloc
87e3b420   _SYS_error
87e3b480   FXN_F_nop
87e3b484   FXN_F_run
87e3b484   _FXN_F_run
87e3b4c0   FXN_F_zero
87e3b4c0   _FXN_F_zero
87e3b4e0   _HWI_disable
87e3b4f8   _HWI_enable
87e3b50c   _HWI_restore
87e3b540   _OBJ_delete
87e3b5a0   _SEM_pend
87e3b600   STS_F_delta
87e3b600   _STS_delta
87e3b62c   STS_F_add
87e3b62c   _STS_add
87e3b648   STS_F_reset
87e3b648   _STS_reset
87e3b660   _SWI_disable
87e3b684   _SWI_enable
87e3b6c0   _SYS_abort
87e3b720   SYS_PUTCFXN
87e3b720   _UTL_doPutc
87e3b780   _C62_disableIER
87e3b780   _C64_disableIER
87e3b798   _C62_enableIER
87e3b798   _C64_enableIER
87e3b7ac   _C62_clearIFR
87e3b7ac   _C64_clearIFR
87e3b7c0   _QUE_get
87e3b7c0   __QUE_lat1beg
87e3b7e0   __QUE_lat1end
87e3b7e8   _QUE_put
87e3b7e8   __QUE_lat2beg
87e3b7f4   __QUE_lat2end
87e3b800   SYS_ABORTFXN
87e3b800   _UTL_doAbort
87e3b840   GBL_USERINITFXN
87e3b840   GIO_CREATEFXN
87e3b840   GIO_DELETEFXN
87e3b840   GIO_PENDFXN
87e3b840   GIO_POSTFXN
87e3b840   PWRM_PWRM_SHAREDRESOURCEFXN
87e3b840   PWRM_PWRM_SLOTHOOKFXN
87e3b840   TSK_VCREATEFXN
87e3b840   TSK_VDELETEFXN
87e3b840   TSK_VEXITFXN
87e3b840   _FXN_F_nop
87e3b860   _GBL_getVersion
87e3b880   _HOOK_setenv
87e3b8a0   IDL_F_loop
87e3b8a0   _IDL_loop
87e3b8c0   _STS_set
87e3b8e0   SYS_ERRORFXN
87e3b8e0   _UTL_doError
87e3b900   SYS_EXITFXN
87e3b900   _UTL_halt
87e3b920   CLK_TIMEFXN
87e3b920   _CLK_gethtime
87e3b940   GBL_stackbeg
87e3b940   _HWI_STKTOP
87e3b940   __stack
87e3c938   _HWI_STKBOTTOM
87e3c93f   GBL_stackend
87e3c940   ___cinit__
87e3c940   cinit
87e3d6cc   IDL_A_CALBEG
87e3d6cc   IDL_END$
87e3d6d0   _IQdivTable
87e3dad8   _IQisqrtTable
87e3de70   __ctypes_
87e3e3b0   _SMAPOOL_FXNS
87e3e3c5   KNL_swi$sts$maxfmt
87e3e3c8   KNL_swi$sts$stsobj
87e3e3c8   STS_A_TABBEG
87e3e3c8   _STS_A_TABBEG
87e3e3cc   KNL_swi$sts
87e3e3cd   KNL_swi$sts$sumfmt
87e3e3d5   KNL_swi$sts$avgfmt
87e3e3d8   CLK_A_TABBEG
87e3e3d8   PRD_clock
87e3e3d8   STS_A_TABEND
87e3e3d8   _PRD_clock
87e3e3d8   _STS_A_TABEND
87e3e3dc   CLK_null
87e3e3e0   BIOS_init
87e3e3e0   _BIOS_init
87e3e648   BIOS_start
87e3e648   _BIOS_start
87e3e6e0   _POOL_init
87e3e800   _c_int00
87e3e8c0   _MEM_init
87e3e960   _TSK_init
87e3e9c0   _OBJ_init
87e3e9e0   TSK_idle$stack
87e3ed78   TSK_idle$stkptr
87e3ede0   $bss
87e3ede0   .bss
87e3ede0   _HWI_dispatchTab
87e3ede0   ___bss__
87e3eee0   IDL_D_tabbeg
87e3eee4   IDL_D_calibrate
87e3eee8   IDL_D_calbeg
87e3eeec   LOG_D_system
87e3eeec   _LOG_D_system
87e3eef0   PIP_D_tabbeg
87e3eef4   PIP_D_tablen
87e3eef8   CLK_R_time
87e3eefc   CLK_D_timefxn
87e3ef00   CLK_D_tabbeg
87e3ef04   CLK_D_isrhook
87e3ef08   CLK_D_idletime
87e3ef0c   _CLK_htimeDiv
87e3ef10   _CLK_htimeMult
87e3ef14   _CLK_ltimeDiv
87e3ef18   _CLK_ltimeMult
87e3ef1c   _CLK_D_dirty
87e3ef20   _CLK_D_prd
87e3ef24   _CLK_D_tddr
87e3ef28   _CLK_D_countspms
87e3ef2c   PRD_D_tick
87e3ef2c   _PRD_D_tick
87e3ef30   PRD_D_cur
87e3ef34   PRD_D_elapsed
87e3ef38   PRD_D_prevtim
87e3ef3c   PRD_D_scalar
87e3ef40   PRD_D_swihandle
87e3ef44   PRD_D_tabbeg
87e3ef48   PRD_D_tablen
87e3ef4c   PRD_D_thook
87e3ef50   RTA_D_fromHost
87e3ef54   RTA_D_toHost
87e3ef58   RTA_D_logval
87e3ef68   RTA_D_stsval
87e3ef74   HST_D_chanmask
87e3ef78   HST_D_tabbeg
87e3ef7c   HST_D_tabend
87e3ef80   _GBL_procId
87e3ef84   _GBL_clkIn
87e3ef88   _GBL_freq
87e3ef8c   _MEM_D_NUMSEGMENTS
87e3ef90   _MEM_D_memtab
87e3ef94   _MEM_D_freelist
87e3ef98   _MEM_D_lockaddr
87e3ef9c   _MEM_D_unlockaddr
87e3efa0   _SYS
87e3efa4   __HOOK_knlId
87e3efa8   __HOOK_NUMHOOKS
87e3efac   SWI_D_runaddr
87e3efac   _SWI_D_runaddr
87e3efac   _SWI_data
87e3efb0   SWI_D_execaddr
87e3efb0   _SWI_D_execaddr
87e3efb4   SWI_D_curmask
87e3efb4   _SWI_D_curmask
87e3efb8   SWI_D_curset
87e3efb8   _SWI_D_curset
87e3efbc   SWI_D_lock
87e3efbc   _SWI_D_lock
87e3efc0   SWI_D_curmbox
87e3efc4   SWI_D_curfxn
87e3efc4   _SWI_D_curfxn
87e3efc8   SWI_D_rdybeg
87e3efc8   _SWI_D_rdybeg
87e3efcc   SWI_D_inswi
87e3efcc   _SWI_D_inswi
87e3efd0   SWI_D_rdytab
87e3f048   _KNL_wFlag
87e3f04c   _KNL_wList
87e3f050   _KNL_alarm
87e3f054   _KNL_setpri
87e3f058   _KNL_inactive
87e3f05c   _KNL_priority
87e3f060   _KNL_set
87e3f064   _KNL_curtask
87e3f068   _KNL_prevtask
87e3f06c   _KNL_curtime
87e3f070   _KNL_swiptr
87e3f074   _KNL_curqueue
87e3f078   _KNL_maxqueue
87e3f07c   _KNL_tswitchfxn
87e3f080   _KNL_tcreatefxn
87e3f084   _KNL_tdeletefxn
87e3f088   _KNL_treadyfxn
87e3f08c   _KNL_idlefxn
87e3f090   _EXC_sysTrapTable
87e3f098   _EXC_returnPtr
87e3f0b0   HWI_D_spsave
87e3f0b0   _HWI_D_spsave
87e3f0b0   _HWI_data
87e3f0bc   _HWI_D_inhwi
87e3f0c0   HWI_D_bss
87e3f0c4   HWI_D_ccmask
87e3f0c8   _EXC_exceptionHook
87e3f0cc   _EXC_internalHook
87e3f0d0   _EXC_externalHook
87e3f0d4   _EXC_nmiHook
87e3f0d8   _MEM_memtab
87e3f0e4   DDR2
87e3f0e4   HST_DSMBUFSEG
87e3f0e4   MEM_MALLOCSEG
87e3f0e4   MEM_SEGZERO
87e3f0e4   RTDX_DATAMEMSEG
87e3f0e4   TSK_STACKSEG
87e3f0e4   _DDR2
87e3f0e8   _TSK_nTasks
87e3f0ec   _TSK_pid
87e3f0f0   _TSK
87e3f0f4   _CLK_DFLTMICROSECS
87e3f0f8   _CLK_D_microseconds
87e3f0fc   _SYS_exitStackPtr
87e3f100   _SYS_exitStackTop
87e3f104   _CLK_htimePerLtime
87e3f10c   _MEM
87e3f110   _POOL
87e3f116   ___end__
87e3f116   end
87e3f118   _SYS_PUTCBEG
87e3f317   _SYS_PUTCEND
87e3f324   TSK_idle
87e3f324   _TSK_idle
87e3f380   trace$buf
87e3f400   HWI_A_VECS
87e3f400   hwi0
87e3f420   hwi1
87e3f440   hwi2
87e3f460   hwi3
87e3f480   hwi4
87e3f4a0   hwi5
87e3f4c0   hwi6
87e3f4e0   hwi7
87e3f500   hwi8
87e3f520   hwi9
87e3f540   hwi10
87e3f560   hwi11
87e3f580   hwi12
87e3f5a0   hwi13
87e3f5c0   hwi14
87e3f5e0   hwi15
87e3f600   LOG_system$buf
87e3f700   _DSPLINK_shmBaseAddress
87e3f708   _DSPLINK_shmBaseAddress_pad
87e3f840   LOG_A_TABBEG
87e3f840   LOG_system
87e3f840   _LOG_A_TABBEG
87e3f840   _LOG_system
87e3f858   _trace
87e3f858   trace
87e3f870   KNL_swi
87e3f870   LOG_A_TABEND
87e3f870   SWI_A_TABBEG
87e3f870   _KNL_swi
87e3f870   _LOG_A_TABEND
87e3f89c   SWI_A_TABEND
87e3f89c   SYS$config
87e3f8ac   TRC_cinit
87e3f8b0   TRC_R_mask
87e3f8b0   _TRC_R_mask
87e3f8b4   GBL_initdone
ffffffff   CACHE_L1D
ffffffff   CACHE_L1P
ffffffff   CACHE_L2
ffffffff   DSPLINKMEM
ffffffff   ECM_EVTMASK0
ffffffff   ECM_EVTMASK1
ffffffff   ECM_EVTMASK2
ffffffff   ECM_EVTMASK3
ffffffff   IRAM
ffffffff   L1DSRAM
ffffffff   POOLMEM
ffffffff   RESET_VECTOR
ffffffff   _CACHE_L1D
ffffffff   _CACHE_L1P
ffffffff   _CACHE_L2
ffffffff   _DSPLINKMEM
ffffffff   _IRAM
ffffffff   _L1DSRAM
ffffffff   _POOLMEM
ffffffff   _RESET_VECTOR
ffffffff   ___TI_pprof_out_hndl
ffffffff   ___TI_prof_data_size
ffffffff   ___TI_prof_data_start
ffffffff   ___binit__
ffffffff   ___c_args__
ffffffff   ___pinit__
ffffffff   binit
ffffffff   pinit

[1050 symbols]
