******************************************************************************
               TMS320C6x Linker Unix v6.1.17                   
******************************************************************************
>> Linked Wed Jun  7 13:50:44 2017

OUTPUT FILE NAME:   <Debug/pool_notify.out>
ENTRY POINT SYMBOL: "_c_int00"  address: 87e3b760


MEMORY CONFIGURATION

         name            origin    length      used     unused   attr    fill
----------------------  --------  ---------  --------  --------  ----  --------
  IRAM                  107f8000   00010000  00000000  00010000  RWIX
  CACHE_L2              10808000   00008000  00000000  00008000  RWIX
  CACHE_L1P             10e04000   00004000  00000000  00004000  RWIX
  L1DSRAM               10f04000   00004000  00000000  00004000  RWIX
  CACHE_L1D             10f10000   00008000  00000000  00008000  RWIX
  RESET_VECTOR          87e00000   00000080  00000000  00000080  RWIX
  DDR2                  87e00080   000fff80  0003c795  000c37eb  RWIX
  DSPLINKMEM            87f00000   00030000  00000000  00030000  RWIX
  POOLMEM               87f30000   000d0000  00000000  000d0000  RWIX


SECTION ALLOCATION MAP

 output                                  attributes/
section   page    origin      length       input sections
--------  ----  ----------  ----------   ----------------
.vers      0    00000000    00000040     COPY SECTION
                  00000000    00000040     pool_notifycfg.obj (.vers)

.pinit     0    87e00080    00000000     UNINITIALIZED

.prd       0    87e00080    00000000     UNINITIALIZED

.data      0    87e00080    00000000     UNINITIALIZED

.hst       0    87e00080    00000000     UNINITIALIZED

.pip       0    87e00080    00000000     UNINITIALIZED

.DDR2$heap 
*          0    87e00080    00020000     UNINITIALIZED
                  87e00080    00020000     --HOLE--

.text      0    87e20080    0000ef80     
                  87e20080    00004ba0     dsplinkringio.lib : _ringio.obj (.text)
                  87e24c20    00001a80     task.obj (.text)
                  87e266a0    000019c0     dsplink.lib : ips.obj (.text)
                  87e28060    00001840     dspMeanshift.obj (.text)
                  87e298a0    00001500     dsplinkmpcs.lib : mpcs.obj (.text)
                  87e2ada0    000009a0     dsplinkpool.lib : sma_pool.obj (.text)
                  87e2b740    000008c0     dsplink.lib : dsplink.obj (.text)
                  87e2c000    00000740     dsplinkmpcs.lib : _mpcs.obj (.text)
                  87e2c740    00000520     dsplinknotify.lib : notify.obj (.text)
                  87e2cc60    00000500     rts64plus.lib : divf.obj (.text:__divf)
                  87e2d160    000002e0     dsplinkmplist.lib : _mplist.obj (.text)
                  87e2d440    00000200     rts64plus.lib : mpyf.obj (.text:__mpyf)
                  87e2d640    000001c0     dsplink.lib : hal_interrupt.obj (.text:DSPLINK_init)
                  87e2d800    00000180                 : hal_interrupt.obj (.text)
                  87e2d980    00000160                 : dsplinkips.obj (.text:DSPLINK_init)
                  87e2dae0    00000140     IQmath_c64x+.lib : IQNsqrt.obj (.text)
                  87e2dc20    00000140     dsp_main.obj (.text)
                  87e2dd60    00000140     dsplinknotify.lib : _notify.obj (.text)
                  87e2dea0    00000120     dsplink.lib : shm_drv.obj (.text:DSPLINK_init)
                  87e2dfc0    00000100                 : dsplink.obj (.text:DSPLINK_init)
                  87e2e0c0    00000100     IQmath_c64x+.lib : IQNdiv.obj (.text)
                  87e2e1c0    000000e0     rts64plus.lib : cmpd.obj (.text:__cmpd)
                  87e2e2a0    000000e0                   : atoi.obj (.text:_atoi)
                  87e2e380    000000e0                   : memset.obj (.text:_memset)
                  87e2e460    000000c0     dsplinkpool.lib : dsplinkpool.obj (.text:DSPLINK_init)
                  87e2e520    000000c0     rts64plus.lib : divu.obj (.text:__divu)
                  87e2e5e0    000000c0     bios.a64P : tsk_stup.o64P (.text)
                  87e2e6a0    000000c0     dsplink.lib : failure.obj (.text)
                  87e2e760    000000a0     dsplinkdata.lib : dsplinkdata.obj (.text:DSPLINK_init)
                  87e2e800    000000a0     dsplinkmsg.lib : dsplinkmqt.obj (.text:DSPLINK_init)
                  87e2e8a0    000000a0     rts64plus.lib : frcmpyf_div.obj (.text:__frcmpyf_div)
                  87e2e940    000000a0                   : remu.obj (.text:__remu)
                  87e2e9e0    000000a0                   : memcpy64.obj (.text:_memcpy)
                  87e2ea80    000000a0                   : strncpy.obj (.text:_strncpy)
                  87e2eb20    00000080                   : cmpf.obj (.text:__cmpf)
                  87e2eba0    00000080                   : fixfu.obj (.text:__fixfu)
                  87e2ec20    00000060                   : cvtfd.obj (.text:__cvtfd)
                  87e2ec80    00000060                   : frcmpyf.obj (.text:__frcmpyf)
                  87e2ece0    00000060                   : strcpy.obj (.text:_strcpy)
                  87e2ed40    00000060                   : strncmp.obj (.text:_strncmp)
                  87e2eda0    00000060     dsplink.lib : shm_drv.obj (.text)
                  87e2ee00    00000040     rts64plus.lib : fltuf.obj (.text:__fltuf)
                  87e2ee40    00000040     dsplink.lib : dsplinkips.obj (.text)
                  87e2ee80    00000040                 : hal.obj (.text)
                  87e2eec0    00000040     dsplinkdata.lib : dsplinkdata.obj (.text)
                  87e2ef00    00000040     dsplinkmsg.lib : dsplinkmqt.obj (.text)
                  87e2ef40    00000040     dsplinkpool.lib : dsplinkpool.obj (.text)
                  87e2ef80    00000020     rts64plus.lib : divf.obj (.text:___isnanf)
                  87e2efa0    00000020                   : _lock.obj (.text:__nop)
                  87e2efc0    00000020                   : _lock.obj (.text:__register_lock)
                  87e2efe0    00000020                   : _lock.obj (.text:__register_unlock)

.far       0    87e2f000    000054ea     UNINITIALIZED
                  87e2f000    00004ef8     dspMeanshift.obj (.far)
                  87e33ef8    00000168     IQmath_RAM_c64x+.lib : IQmathTables.obj (.far)
                  87e34060    00000120     dsplink.lib : ips.obj (.far)
                  87e34180    000000d8     bios.a64P : knl.o64P (.far)
                  87e34258    00000080     dsplinkpool.lib : dsplinkpool.obj (.far)
                  87e342d8    0000005c     bios.a64P : tsk.o64P (.far)
                  87e34334    00000004     bios3430.a64P : bcache_wait.o64P (.far)
                  87e34338    00000054     bios.a64P : obj_init.o64P (.far)
                  87e3438c    00000050               : tsk_stup.o64P (.far)
                  87e343dc    00000004     bios3430.a64P : clk2430_data.o64P (.far)
                  87e343e0    00000020     bios.a64P : sys.o64P (.far)
                  87e34400    00000020     pool_notify_config.obj (.far)
                  87e34420    00000014     dsplink.lib : hal_interrupt.obj (.far)
                  87e34434    00000014     task.obj (.far)
                  87e34448    00000010     bios.a64P : exc.o64P (.far)
                  87e34458    00000010               : knl_tick.o64P (.far)
                  87e34468    00000010     dsplink.lib : failure.obj (.far)
                  87e34478    0000000c     bios.a64P : hwi_disp.o64P (.far)
                  87e34484    0000000c               : utl_putc.o64P (.far)
                  87e34490    0000000c     bios3430.a64P : bcache_table.o64P (.far)
                  87e3449c    00000008     dsp_main.obj (.far)
                  87e344a4    00000008     dsplinkmpcs.lib : _mpcs.obj (.far)
                  87e344ac    00000008     dsplinkmplist.lib : _mplist.obj (.far)
                  87e344b4    00000008     dsplinknotify.lib : _notify.obj (.far)
                  87e344bc    00000008     dsplinkringio.lib : ringio.obj (.far)
                  87e344c4    00000008     rts64plus.lib : _lock.obj (.far)
                  87e344cc    00000004     dsplink.lib : shm_drv.obj (.far)
                  87e344d0    00000008     rts64plus.lib : divf.obj (.far)
                  87e344d8    00000004     dsplinkdata.lib : dsplinkdata.obj (.far)
                  87e344dc    00000004     dsplinkmpcs.lib : mpcs.obj (.far)
                  87e344e0    00000004     dsplinkmsg.lib : dsplinkmqt.obj (.far)
                  87e344e4    00000004     pool_notifycfg.obj (.far)
                  87e344e8    00000002     dsplink.lib : dsplink.obj (.far)

.sts       0    87e344ec    00000010     
                  87e344ec    00000010     pool_notifycfg.obj (.sts)

.idl       0    87e344fc    00000004     UNINITIALIZED
                  87e344fc    00000004     pool_notifycfg.obj (.idl)

.bios      0    87e34500    000043c0     
                  87e34500    00000520     bios.a64P : exc.o64P (.bios)
                  87e34a20    000004e0               : hwi_disp_asm.o64P (.bios)
                  87e34f00    000004c0               : swi.o64P (.bios)
                  87e353c0    00000380               : prd.o64P (.bios)
                  87e35740    00000340               : tsk_crea.o64P (.bios)
                  87e35a80    00000240               : knl_run.o64P (.bios)
                  87e35cc0    00000200               : sem_pend.o64P (.bios)
                  87e35ec0    00000200     bios3430.a64P : clk2430.o64P (.bios)
                  87e360c0    000001e0     bios.a64P : mem_allo.o64P (.bios:.near)
                  87e362a0    000001e0               : c62_plug.o64P (.bios)
                  87e36480    000001e0               : exc_asm.o64P (.bios)
                  87e36660    000001e0               : knl_tick.o64P (.bios)
                  87e36840    000001c0               : mem_free.o64P (.bios:.near)
                  87e36a00    000001c0               : sem_dopo.o64P (.bios)
                  87e36bc0    000001c0     bios3430.a64P : clk.o64P (.bios)
                  87e36d80    000001a0     bios.a64P : tsk_setu.o64P (.bios)
                  87e36f20    00000180               : knl_swit.o64P (.bios)
                  87e370a0    00000140               : autoinit.o64P (.bios)
                  87e371e0    00000140               : knl_read.o64P (.bios)
                  87e37320    00000140               : tsk_exit.o64P (.bios)
                  87e37460    00000140     bios3430.a64P : bcache_init.o64P (.bios)
                  87e375a0    00000140                   : clk2430_reconfig.o64P (.bios)
                  87e376e0    00000120     bios.a64P : gbl_cacheinit64P.o64P (.bios)
                  87e37800    00000120               : knl_chec.o64P (.bios)
                  87e37920    00000120               : tsk_stup.o64P (.bios)
                  87e37a40    00000100     bios3430.a64P : bcache_block.o64P (.bios)
                  87e37b40    000000e0     bios.a64P : sem_post_asm.o64P (.bios)
                  87e37c20    000000c0               : knl_exit.o64P (.bios)
                  87e37ce0    000000a0               : knl_star.o64P (.bios)
                  87e37d80    000000a0               : sem_post.o64P (.bios)
                  87e37e20    000000a0               : sys_exit.o64P (.bios)
                  87e37ec0    00000080               : hwi_disp.o64P (.bios)
                  87e37f40    00000080               : hwi_eventmap64P.o64P (.bios)
                  87e37fc0    00000080               : knl_ipos.o64P (.bios)
                  87e38040    00000080               : knl_post.o64P (.bios)
                  87e380c0    00000080               : lck.o64P (.bios)
                  87e38140    00000080               : log.o64P (.bios)
                  87e381c0    00000080               : obj_crea.o64P (.bios)
                  87e38240    00000080     bios3430.a64P : bcache_all.o64P (.bios)
                  87e382c0    00000080                   : bcache_wait.o64P (.bios)
                  87e38340    00000060     bios.a64P : mem_vall.o64P (.bios:.near)
                  87e383a0    00000060               : sys_erro.o64P (.bios:.near)
                  87e38400    00000060               : fxn.o64P (.bios)
                  87e38460    00000060               : hwi_c.o64P (.bios)
                  87e384c0    00000060               : obj_dele.o64P (.bios)
                  87e38520    00000060               : sem_pend_counting.o64P (.bios)
                  87e38580    00000060               : sts.o64P (.bios)
                  87e385e0    00000060               : swi_disable.o64P (.bios)
                  87e38640    00000060               : sys_abor.o64P (.bios)
                  87e386a0    00000060               : utl_putc.o64P (.bios)
                  87e38700    00000040               : c62_c.o64P (.bios)
                  87e38740    00000040               : que_get.o64P (.bios)
                  87e38780    00000040               : utl_doab.o64P (.bios)
                  87e387c0    00000020               : fxn_c.o64P (.bios)
                  87e387e0    00000020               : gbl_vers.o64P (.bios)
                  87e38800    00000020               : hook_setenv.o64P (.bios)
                  87e38820    00000020               : idl.o64P (.bios)
                  87e38840    00000020               : sts_set.o64P (.bios)
                  87e38860    00000020               : utl_doer.o64P (.bios)
                  87e38880    00000020               : utl_halt.o64P (.bios)
                  87e388a0    00000020     bios3430.a64P : clk2430_gethtime.o64P (.bios)

.stack     0    87e388c0    00001000     UNINITIALIZED
                  87e388c0    00001000     --HOLE--

.cinit     0    87e398c0    00000d7c     
                  87e398c0    0000030c     pool_notifycfg.obj (.cinit)
                  87e39bcc    00000004     --HOLE-- [fill = 0]
                  87e39bd0    0000026c     bios.a64P : biosdata.o64P (.cinit)
                  87e39e3c    00000004     --HOLE-- [fill = 0]
                  87e39e40    000001a4               : knl.o64P (.cinit)
                  87e39fe4    00000004     --HOLE-- [fill = 0]
                  87e39fe8    00000188     IQmath_RAM_c64x+.lib : IQmathTables.obj (.cinit)
                  87e3a170    000000b0     bios.a64P : swi.o64P (.cinit)
                  87e3a220    00000070               : tsk.o64P (.cinit)
                  87e3a290    00000060               : tsk_stup.o64P (.cinit)
                  87e3a2f0    0000003c               : exc.o64P (.cinit)
                  87e3a32c    00000004     --HOLE-- [fill = 0]
                  87e3a330    00000038     pool_notify_config.obj (.cinit)
                  87e3a368    00000034     bios.a64P : hwi.o64P (.cinit)
                  87e3a39c    00000004     --HOLE-- [fill = 0]
                  87e3a3a0    0000002c               : utl_putc.o64P (.cinit)
                  87e3a3cc    00000004     --HOLE-- [fill = 0]
                  87e3a3d0    0000002c     dspMeanshift.obj (.cinit)
                  87e3a3fc    00000004     --HOLE-- [fill = 0]
                  87e3a400    00000028     dsplink.lib : ips.obj (.cinit)
                  87e3a428    00000024     bios.a64P : obj_init.o64P (.cinit)
                  87e3a44c    00000004     --HOLE-- [fill = 0]
                  87e3a450    0000001c               : exc_asm.o64P (.cinit)
                  87e3a46c    00000004     --HOLE-- [fill = 0]
                  87e3a470    0000001c               : sys.o64P (.cinit)
                  87e3a48c    00000004     --HOLE-- [fill = 0]
                  87e3a490    0000001c     dsplinkmpcs.lib : _mpcs.obj (.cinit)
                  87e3a4ac    00000004     --HOLE-- [fill = 0]
                  87e3a4b0    0000001c     dsplinkmplist.lib : _mplist.obj (.cinit)
                  87e3a4cc    00000004     --HOLE-- [fill = 0]
                  87e3a4d0    0000001c     dsplinknotify.lib : _notify.obj (.cinit)
                  87e3a4ec    00000004     --HOLE-- [fill = 0]
                  87e3a4f0    0000001c     dsplinkringio.lib : ringio.obj (.cinit)
                  87e3a50c    00000004     --HOLE-- [fill = 0]
                  87e3a510    0000001c     rts64plus.lib : _lock.obj (.cinit)
                  87e3a52c    00000004     --HOLE-- [fill = 0]
                  87e3a530    0000001c     task.obj (.cinit)
                  87e3a54c    00000004     --HOLE-- [fill = 0]
                  87e3a550    00000018     bios.a64P : knl_tick.o64P (.cinit)
                  87e3a568    00000014               : hwi_disp.o64P (.cinit)
                  87e3a57c    00000004     --HOLE-- [fill = 0]
                  87e3a580    00000014     bios3430.a64P : bcache_table.o64P (.cinit)
                  87e3a594    00000004     --HOLE-- [fill = 0]
                  87e3a598    00000010     rts64plus.lib : divf.obj (.cinit)
                  87e3a5a8    0000000c     bios.a64P : knl_star.o64P (.cinit)
                  87e3a5b4    00000004     --HOLE-- [fill = 0]
                  87e3a5b8    0000000c               : knl_swit.o64P (.cinit)
                  87e3a5c4    00000004     --HOLE-- [fill = 0]
                  87e3a5c8    0000000c               : pool.o64P (.cinit)
                  87e3a5d4    00000004     --HOLE-- [fill = 0]
                  87e3a5d8    0000000c     bios3430.a64P : bcache_wait.o64P (.cinit)
                  87e3a5e4    00000004     --HOLE-- [fill = 0]
                  87e3a5e8    0000000c     dsplink.lib : failure.obj (.cinit)
                  87e3a5f4    00000004     --HOLE-- [fill = 0]
                  87e3a5f8    0000000c                 : shm_drv.obj (.cinit)
                  87e3a604    00000004     --HOLE-- [fill = 0]
                  87e3a608    0000000c     dsplinkmsg.lib : dsplinkmqt.obj (.cinit)
                  87e3a614    00000004     --HOLE-- [fill = 0]
                  87e3a618    0000000a     bios.a64P : pool_init.o64P (.cinit)
                  87e3a622    00000006     --HOLE-- [fill = 0]
                  87e3a628    0000000a     dsplink.lib : dsplink.obj (.cinit)
                  87e3a632    00000006     --HOLE-- [fill = 0]
                  87e3a638    00000004     (.pad.cinit) [fill = 0]

.idlcal    0    87e3a63c    00000004     UNINITIALIZED
                  87e3a63c    00000004     pool_notifycfg.obj (.idlcal)

.const     0    87e3a640    00000cf5     
                  87e3a640    00000404     IQmath_RAM_c64x+.lib : IQmathTables.obj (.const:_IQdivTable)
                  87e3aa44    00000004     bios.a64P : mem_allo.o64P (.const)
                  87e3aa48    00000204     IQmath_RAM_c64x+.lib : IQmathTables.obj (.const:_IQisqrtTable)
                  87e3ac4c    00000193     bios.a64P : exc.o64P (.const)
                  87e3addf    00000001     --HOLE-- [fill = 0]
                  87e3ade0    00000101     rts64plus.lib : ctype.obj (.const:__ctypes_)
                  87e3aee1    00000003     --HOLE-- [fill = 0]
                  87e3aee4    00000050     dsplinkpool.lib : sma_pool.obj (.const:.string)
                  87e3af34    0000004e     bios.a64P : pool_init.o64P (.const)
                  87e3af82    0000004e               : tsk_stup.o64P (.const)
                  87e3afd0    0000004c     dsplinkringio.lib : _ringio.obj (.const:.string)
                  87e3b01c    00000044     dsplinkmpcs.lib : _mpcs.obj (.const:.string)
                  87e3b060    00000040                     : mpcs.obj (.const:.string)
                  87e3b0a0    0000003c     dsplink.lib : dsplink.obj (.const:.string)
                  87e3b0dc    0000003c                 : shm_drv.obj (.const:.string)
                  87e3b118    00000038                 : dsplinkips.obj (.const:.string)
                  87e3b150    00000038                 : ips.obj (.const:.string)
                  87e3b188    00000038     dsplinkdata.lib : dsplinkdata.obj (.const:.string)
                  87e3b1c0    00000038     dsplinkmsg.lib : dsplinkmqt.obj (.const:.string)
                  87e3b1f8    00000034     dsplinknotify.lib : _notify.obj (.const:.string)
                  87e3b22c    00000034                       : notify.obj (.const:.string)
                  87e3b260    00000034     dsplinkringio.lib : ringio.obj (.const:.string)
                  87e3b294    00000028     dsplink.lib : failure.obj (.const:.string)
                  87e3b2bc    00000023     bios.a64P : utl_doab.o64P (.const)
                  87e3b2df    00000022               : utl_doer.o64P (.const)
                  87e3b301    00000003     --HOLE-- [fill = 0]
                  87e3b304    0000001c     dsplinkmplist.lib : _mplist.obj (.const:.string)
                  87e3b320    00000010     dsplinkpool.lib : sma_pool.obj (.const)
                  87e3b330    00000004     bios.a64P : mem_free.o64P (.const)
                  87e3b334    00000001               : tsk.o64P (.const)

.printf    0    87e3b335    0000001a     COPY SECTION
                  87e3b335    0000001a     pool_notifycfg.obj (.printf)

.clk       0    87e3b338    00000008     UNINITIALIZED
                  87e3b338    00000008     pool_notifycfg.obj (.clk)

.sysinit   0    87e3b340    00000600     
                  87e3b340    00000300     pool_notifycfg.obj (.sysinit)
                  87e3b640    00000120     bios.a64P : pool_init.o64P (.sysinit)
                  87e3b760    000000c0               : boot.o64P (.sysinit)
                  87e3b820    000000a0               : mem_init.o64P (.sysinit)
                  87e3b8c0    00000060               : tsk_init.o64P (.sysinit)
                  87e3b920    00000020               : obj_init.o64P (.sysinit)

.TSK_idle$stk 
*          0    87e3b940    00000400     UNINITIALIZED
                  87e3b940    00000400     pool_notifycfg.obj (.TSK_idle$stk)

.bss       0    87e3bd40    00000336     UNINITIALIZED
                  87e3bd40    00000100     bios.a64P : hwi_disp_asm.o64P (.bss)
                  87e3be40    000000cc               : biosdata.o64P (.bss)
                  87e3bf0c    0000009c               : swi.o64P (.bss)
                  87e3bfa8    00000048               : knl.o64P (.bss)
                  87e3bff0    00000020               : exc_asm.o64P (.bss)
                  87e3c010    00000018               : hwi.o64P (.bss)
                  87e3c028    00000010               : exc.o64P (.bss)
                  87e3c038    00000010     pool_notifycfg.obj (.bss)
                  87e3c048    0000000c     bios.a64P : tsk.o64P (.bss)
                  87e3c054    00000008               : clk_data.o64P (.bss)
                  87e3c05c    00000008               : sys.o64P (.bss)
                  87e3c064    00000004               : clk_data2.o64P (.bss)
                  87e3c068    00000004               : knl_star.o64P (.bss)
                  87e3c06c    00000004               : mem_asm.o64P (.bss)
                  87e3c070    00000004               : pool.o64P (.bss)
                  87e3c074    00000002               : pool_init.o64P (.bss)

.trace     0    87e3c078    00000200     
                  87e3c078    00000200     --HOLE-- [fill = 00000000]

.mem       0    87e3c278    00000004     UNINITIALIZED
                  87e3c278    00000004     pool_notifycfg.obj (.mem)

.trace$buf 
*          0    87e3c280    00000080     UNINITIALIZED
                  87e3c280    00000080     pool_notifycfg.obj (.trace$buf)

.LOG_system$buf 
*          0    87e3c300    00000100     UNINITIALIZED
                  87e3c300    00000100     pool_notifycfg.obj (.LOG_system$buf)

.hwi_vec   0    87e3c400    00000200     
                  87e3c400    00000200     pool_notifycfg.obj (.hwi_vec)

.data:DSPLINK_shmBaseAddress 
*          0    87e3c600    00000084     
                  87e3c600    00000084     dsplink.lib : dsplink.obj (.data:DSPLINK_shmBaseAddress) [fill = c3f05000]

.tsk       0    87e3c684    00000060     UNINITIALIZED
                  87e3c684    00000060     pool_notifycfg.obj (.tsk)

.args      0    87e3c6e4    00000050     
                  87e3c6e4    00000050     --HOLE-- [fill = 0]

.switch    0    87e3c734    00000040     
                  87e3c734    0000002c     task.obj (.switch)
                  87e3c760    00000014     dsplinkringio.lib : _ringio.obj (.switch)

.gblinit   0    87e3c774    00000034     
                  87e3c774    00000034     pool_notifycfg.obj (.gblinit)

.log       0    87e3c7a8    00000030     
                  87e3c7a8    00000030     pool_notifycfg.obj (.log)

.swi       0    87e3c7d8    0000002c     UNINITIALIZED
                  87e3c7d8    0000002c     pool_notifycfg.obj (.swi)

.sys       0    87e3c804    00000010     UNINITIALIZED
                  87e3c804    00000010     pool_notifycfg.obj (.sys)

.trcdata   0    87e3c814    0000000c     
                  87e3c814    0000000c     bios.a64P : trc.o64P (.trcdata)


GLOBAL SYMBOLS: SORTED ALPHABETICALLY BY Name 

address    name
--------   ----
87e3bd40   $bss
87e3bd40   .bss
87e00080   .data
87e20080   .text
87e3b340   BIOS_init
87e3b5a8   BIOS_start
00000000   BUF$
00000001   BUF_ENABLED
ffffffff   CACHE_L1D
ffffffff   CACHE_L1P
ffffffff   CACHE_L2
00000001   CLK$
87e3b338   CLK_A_TABBEG
00000001   CLK_CALDIV
00000001   CLK_CALMULT
00050910   CLK_COUNTSPMS
00000005   CLK_COUNTSPMSHIGH
87e3be68   CLK_D_idletime
87e3be64   CLK_D_isrhook
87e3be60   CLK_D_tabbeg
87e3be5c   CLK_D_timefxn
00000001   CLK_ENABLEHTIME
87e36bc0   CLK_F_getltime
87e36bd0   CLK_F_isr
87e36d20   CLK_F_itime
87e34a20   CLK_HOOKFXN
00000001   CLK_HTIMEDIV
00000001   CLK_HTIMEMULT
00050910   CLK_HTIMEPERLTIME
00004b00   CLK_INPUTCLK
00004000   CLK_INTBIT
00000001   CLK_LTIMEDIV
00050910   CLK_LTIMEMULT
000003e8   CLK_MICROSECS
00004b00   CLK_PRD
00000000   CLK_PRDHIGH
49038000   CLK_REGS
00000000   CLK_RESETTIMER
87e3be58   CLK_R_time
00000020   CLK_TCR
00000000   CLK_TDDR
00000000   CLK_TDDRHIGH
87e388a0   CLK_TIMEFXN
00000000   CLK_TIMERNUM
00000005   CLK_TIMMODE
00000001   CLK_USETIMER
87e3b33c   CLK_null
87e3c044   DDR2
87e00080   DDR2$B
00020000   DDR2$L
00000000   DEV$
00000000   DGN$
00000000   DHL$
00000000   DHL_gChannelsAvailable
00000000   DIO$
00000000   DIO_NUMSWIBASE
00000000   DIO_NUMTSKBASE
00000000   DIO_STATIC
00000000   DPI$
ffffffff   DSPLINKMEM
00000000   ECM$
00000000   ECM_ENABLE
ffffffff   ECM_EVTMASK0
ffffffff   ECM_EVTMASK1
ffffffff   ECM_EVTMASK2
ffffffff   ECM_EVTMASK3
0000000a   EVENT10
00000064   EVENT100
00000065   EVENT101
00000066   EVENT102
00000067   EVENT103
00000068   EVENT104
00000069   EVENT105
0000006a   EVENT106
0000006b   EVENT107
0000006c   EVENT108
0000006d   EVENT109
0000000b   EVENT11
0000006e   EVENT110
0000006f   EVENT111
00000070   EVENT112
00000071   EVENT113
00000072   EVENT114
00000073   EVENT115
00000074   EVENT116
00000075   EVENT117
00000076   EVENT118
00000077   EVENT119
0000000c   EVENT12
00000078   EVENT120
00000079   EVENT121
0000007a   EVENT122
0000007b   EVENT123
0000007c   EVENT124
0000007d   EVENT125
0000007e   EVENT126
0000007f   EVENT127
0000000d   EVENT13
0000000e   EVENT14
0000000f   EVENT15
00000010   EVENT16
00000011   EVENT17
00000012   EVENT18
00000013   EVENT19
00000014   EVENT20
00000015   EVENT21
00000016   EVENT22
00000017   EVENT23
00000018   EVENT24
00000019   EVENT25
0000001a   EVENT26
0000001b   EVENT27
0000001c   EVENT28
0000001d   EVENT29
0000001e   EVENT30
0000001f   EVENT31
00000020   EVENT32
00000021   EVENT33
00000022   EVENT34
00000023   EVENT35
00000024   EVENT36
00000025   EVENT37
00000026   EVENT38
00000027   EVENT39
00000004   EVENT4
00000028   EVENT40
00000029   EVENT41
0000002a   EVENT42
0000002b   EVENT43
0000002c   EVENT44
0000002d   EVENT45
0000002e   EVENT46
0000002f   EVENT47
00000030   EVENT48
00000031   EVENT49
00000005   EVENT5
00000032   EVENT50
00000033   EVENT51
00000034   EVENT52
00000035   EVENT53
00000036   EVENT54
00000037   EVENT55
00000038   EVENT56
00000039   EVENT57
0000003a   EVENT58
0000003b   EVENT59
00000006   EVENT6
0000003c   EVENT60
0000003d   EVENT61
0000003e   EVENT62
0000003f   EVENT63
00000040   EVENT64
00000041   EVENT65
00000042   EVENT66
00000043   EVENT67
00000044   EVENT68
00000045   EVENT69
00000007   EVENT7
00000046   EVENT70
00000047   EVENT71
00000048   EVENT72
00000049   EVENT73
0000004a   EVENT74
0000004b   EVENT75
0000004c   EVENT76
0000004d   EVENT77
0000004e   EVENT78
0000004f   EVENT79
00000008   EVENT8
00000050   EVENT80
00000051   EVENT81
00000052   EVENT82
00000053   EVENT83
00000054   EVENT84
00000055   EVENT85
00000056   EVENT86
00000057   EVENT87
00000058   EVENT88
00000059   EVENT89
00000009   EVENT9
0000005a   EVENT90
0000005b   EVENT91
0000005c   EVENT92
0000005d   EVENT93
0000005e   EVENT94
0000005f   EVENT95
00000060   EVENT96
00000061   EVENT97
00000062   EVENT98
00000063   EVENT99
87e38400   FXN_F_nop
87e38404   FXN_F_run
87e38440   FXN_F_zero
00000001   GBL$
00005205   GBL_A_VERSION
00000000   GBL_BCACHEREADADDR0
00000000   GBL_BCACHEREADADDR1
00000000   GBL_BCACHEREADADDR2
00000000   GBL_BIGENDIAN
00000000   GBL_CACHE
00000000   GBL_CALLCSLCFGINIT
00004e20   GBL_CLKIN
00000d66   GBL_CLKTYPE
00001963   GBL_DSPSUBTYPE
0000003e   GBL_DSPTYPE
00000000   GBL_ENABLEINST
00000000   GBL_ENABLE_SK
00000042   GBL_FOOTPRINT
00050910   GBL_FREQ
00000000   GBL_GEMTRUECOMPEN
00000007   GBL_L1DMODE
00000003   GBL_L1PMODE
00000001   GBL_L2CONFIGURE
00000000   GBL_L2MAR0_31
00000080   GBL_L2MAR128_159
00000000   GBL_L2MAR160_191
00000000   GBL_L2MAR192_223
00000000   GBL_L2MAR224_255
00000000   GBL_L2MAR32_63
00000000   GBL_L2MAR64_95
00000000   GBL_L2MAR96_127
00000001   GBL_L2MODE
00000000   GBL_NULL
00000000   GBL_PROCID
00000000   GBL_ROM
00000000   GBL_SUPPORTCSL
00004000   GBL_TRCMASKVALUE
00000000   GBL_USERINIT
87e387c0   GBL_USERINITFXN
00000001   GBL_boot
87e3c81c   GBL_initdone
87e388c0   GBL_stackbeg
87e398bf   GBL_stackend
00000000   GIO$
87e387c0   GIO_CREATEFXN
87e387c0   GIO_DELETEFXN
87e387c0   GIO_PENDFXN
87e387c0   GIO_POSTFXN
00000000   HOOK$
00000000   HOOK_KNLID
00000000   HST$
87e00080   HST_A_TABBEG
87e00080   HST_A_TABEND
00000000   HST_DSM
87e3c044   HST_DSMBUFSEG
00000400   HST_DSMMEMSIZE
87e3bed4   HST_D_chanmask
87e3bed8   HST_D_tabbeg
87e3bedc   HST_D_tabend
00000100   HST_MAXFRAMEALLOWED
00000000   HST_MAXFRAMESET
00000001   HST_NONE
00000000   HST_RTDX
00000001   HWI$
87e3c400   HWI_A_VECS
00004000   HWI_CFGDISPATCHED
87e3c020   HWI_D_bss
87e3c024   HWI_D_ccmask
87e3c010   HWI_D_spsave
00000001   HWI_ENABLE_EXC
87e34a20   HWI_F_dispatch
00000000   HWI_GENERATE_RESET_VEC
0000000a   HWI_INT10
00000000   HWI_INT10$hwi
0000000b   HWI_INT11
00000000   HWI_INT11$hwi
0000000c   HWI_INT12
00000000   HWI_INT12$hwi
0000000d   HWI_INT13
00000000   HWI_INT13$hwi
0000000e   HWI_INT14
00000000   HWI_INT14$hwi
0000000f   HWI_INT15
00000000   HWI_INT15$hwi
00000004   HWI_INT4
00000000   HWI_INT4$hwi
00000005   HWI_INT5
00000000   HWI_INT5$hwi
00000006   HWI_INT6
00000000   HWI_INT6$hwi
00000007   HWI_INT7
00000000   HWI_INT7$hwi
00000008   HWI_INT8
00000000   HWI_INT8$hwi
00000009   HWI_INT9
00000000   HWI_INT9$hwi
07060504   HWI_INTRMUX1
0a0a0908   HWI_INTRMUX2
34330d0b   HWI_INTRMUX3
00000001   HWI_NMI
00000000   HWI_NMI$hwi
00000000   HWI_POLARITYMASK
00000002   HWI_RESERVED0
00000000   HWI_RESERVED0$hwi
00000003   HWI_RESERVED1
00000000   HWI_RESERVED1$hwi
00000000   HWI_RESET
00000000   HWI_RESET$hwi
00000000   HWI_ZEROTAB
00000000   IDL$
87e3a63c   IDL_A_CALBEG
87e344fc   IDL_A_TABBEG
00000000   IDL_CALIBRERROR
00000000   IDL_CALIBRFXN
87e3be48   IDL_D_calbeg
87e3be44   IDL_D_calibrate
87e3be40   IDL_D_tabbeg
87e344fc   IDL_END
87e3a63c   IDL_END$
87e38820   IDL_F_loop
00000000   IDL_USECLKIDLTIME
ffffffff   IRAM
00000001   ISRC$
87e37078   KNL_glue
87e3c7d8   KNL_swi
00000001   KNL_swi$dorta
00000000   KNL_swi$ord
00000000   KNL_swi$pri
87e344f0   KNL_swi$sts
87e3b345   KNL_swi$sts$avgfmt
00000002   KNL_swi$sts$filter
00000001   KNL_swi$sts$filtmaxmult
00000001   KNL_swi$sts$filtsummult
87e3b335   KNL_swi$sts$maxfmt
87e344ec   KNL_swi$sts$stsobj
87e3b33d   KNL_swi$sts$sumfmt
00000000   KNL_swi$sts$unittype
00000000   KNL_swi$swi
ffffffff   L1DSRAM
00000001   LCK$
00000001   LOG$
87e3c7a8   LOG_A_TABBEG
87e3c7d8   LOG_A_TABEND
00000002   LOG_A_TABLEN
87e3be4c   LOG_D_system
00000001   LOG_ENABLED
87e38140   LOG_F_event
87e3c7a8   LOG_system
87e3c300   LOG_system$buf
00000000   LOG_system$datatype
00000000   LOG_system$log
00000040   LOG_system$size
00000000   MBX$
00000001   MEM$
87e3c044   MEM_MALLOCSEG
00000000   MEM_NULL
87e3c044   MEM_SEGZERO
00000000   MEM_USEMPC
00000001   MEM_gNumHeap
00000000   MSGQ$
00000000   MSGQ_USEMSGQ
00000000   OBJ$
00000000   PIP$
87e00080   PIP_A_TABBEG
87e00080   PIP_A_TABEND
00000000   PIP_A_TABLEN
87e3be50   PIP_D_tabbeg
87e3be54   PIP_D_tablen
00000064   PIP_OBJSIZE
00000000   PIP_gNextId
00000000   PIP_gNumEmbed
00000001   POOL$
ffffffff   POOLMEM
00000001   POOL_USEPOOL
00000001   PRD$
87e00080   PRD_A_TABBEG
87e00080   PRD_A_TABEND
00000000   PRD_A_TABLEN
87e3be90   PRD_D_cur
87e3be94   PRD_D_elapsed
87e3be98   PRD_D_prevtim
87e3be9c   PRD_D_scalar
87e3bea0   PRD_D_swihandle
87e3bea4   PRD_D_tabbeg
87e3bea8   PRD_D_tablen
87e3beac   PRD_D_thook
87e3be8c   PRD_D_tick
87e353c0   PRD_F_swi
87e35644   PRD_F_tick
00000001   PRD_SCALAR
00000000   PRD_SWIHANDLE
87e3682c   PRD_THOOKFXN
87e3b338   PRD_clock
00000001   PWRM$
00000000   PWRM_PWRM_CAPSMASK
0000000a   PWRM_PWRM_CLKTICKSPERSLOT
00000000   PWRM_PWRM_ENABLE
00000000   PWRM_PWRM_LOADENABLE
00000001   PWRM_PWRM_NUMSLOTS
00000000   PWRM_PWRM_RESOURCETRACKING
00000000   PWRM_PWRM_SCALING
87e387c0   PWRM_PWRM_SHAREDRESOURCEFXN
87e387c0   PWRM_PWRM_SLOTHOOKFXN
00000000   PWRM_PWRM_TIMERIDNUM
00000000   PWRM_PWRM_TIMERINTRMASK
00000000   PWRM_PWRM_TIMERWUGENMASK
00000000   PWRM_PWRM_USERRESOURCES
00000000   PWRM_PWRM_USETIMER
00000001   QUE$
ffffffff   RESET_VECTOR
87e3beb0   RTA_D_fromHost
87e3beb8   RTA_D_logval
87e3bec8   RTA_D_stsval
87e3beb4   RTA_D_toHost
00000000   RTDX$
00000408   RTDX_BUFMEMSIZE
87e3c044   RTDX_DATAMEMSEG
00000000   RTDX_MODE
00000000   RTDX_USERTDX
00000000   RTDX_USERTEXECUTION
00000000   SEM$
00000000   SIO$
00000000   STS$
87e344ec   STS_A_TABBEG
87e344fc   STS_A_TABEND
87e385ac   STS_F_add
87e38580   STS_F_delta
87e385c8   STS_F_reset
00000001   SWI$
87e3c7d8   SWI_A_TABBEG
87e3c804   SWI_A_TABEND
00000001   SWI_A_TABLEN
87e3bf24   SWI_D_curfxn
87e3bf14   SWI_D_curmask
87e3bf20   SWI_D_curmbox
87e3bf18   SWI_D_curset
87e3bf10   SWI_D_execaddr
87e3bf2c   SWI_D_inswi
87e3bf1c   SWI_D_lock
87e3bf28   SWI_D_rdybeg
87e3bf30   SWI_D_rdytab
87e3bf0c   SWI_D_runaddr
00000000   SWI_EHOOKFXN
87e350e4   SWI_EXECFXN
87e34f00   SWI_F_enable
87e350e4   SWI_F_exec
87e3510c   SWI_F_iexec
87e34f70   SWI_F_post
87e3518c   SWI_F_run
00000000   SWI_IHOOKFXN
87e3518c   SWI_RUNFXN
00000001   SYS$
87e3c804   SYS$config
87e38780   SYS_ABORTFXN
87e38860   SYS_ERRORFXN
87e38880   SYS_EXITFXN
87e386a0   SYS_PUTCFXN
87e3c818   TRC_R_mask
87e3c814   TRC_cinit
00000001   TSK$
00000000   TSK_NUM_HOOKS
00000001   TSK_PRIORITY
00000000   TSK_READYFXN
87e3c044   TSK_STACKSEG
00000400   TSK_STACKSIZE
00000000   TSK_SWITCHFXN
87e387c0   TSK_VCREATEFXN
87e387c0   TSK_VDELETEFXN
87e387c0   TSK_VEXITFXN
87e3c690   TSK_idle
00000000   TSK_idle$ord
00000000   TSK_idle$pri
87e3b940   TSK_idle$stack
87e3bcd8   TSK_idle$stkptr
00000000   TSK_idle$tsk
00000000   UDEV$
87e374f4   _BCACHE_bootInit
87e37574   _BCACHE_getMar
87e37524   _BCACHE_getSize
87e37b30   _BCACHE_inv
87e382b0   _BCACHE_invL1pAll
87e374f4   _BCACHE_setCacheToSram
87e374a4   _BCACHE_setMar
87e37460   _BCACHE_setSize
87e382c0   _BCACHE_wait
87e37b20   _BCACHE_wb
87e382a0   _BCACHE_wbAll
87e37b0c   _BCACHE_wbInv
87e3828c   _BCACHE_wbInvAll
87e3b340   _BIOS_init
87e3b5a8   _BIOS_start
87e3872c   _C62_clearIFR
87e38700   _C62_disableIER
87e362a8   _C62_dispatchPlug
87e38718   _C62_enableIER
87e362a0   _C62_plug
87e3872c   _C64_clearIFR
87e38700   _C64_disableIER
87e362a8   _C64_dispatchPlug
87e38718   _C64_enableIER
87e362a0   _C64_plug
ffffffff   _CACHE_L1D
ffffffff   _CACHE_L1P
ffffffff   _CACHE_L2
00050910   _CLK_COUNTSPMS
87e3c054   _CLK_DFLTMICROSECS
87e3be88   _CLK_D_countspms
87e3be7c   _CLK_D_dirty
87e3c058   _CLK_D_microseconds
87e3be80   _CLK_D_prd
87e3be84   _CLK_D_tddr
87e36d20   _CLK_F_itime
00004b00   _CLK_PRD
49038000   _CLK_REGS
00000000   _CLK_TDDR
00000000   _CLK_TIMERNUM
00000001   _CLK_USETIMER
87e388a0   _CLK_gethtime
49038000   _CLK_gptimer
87e344e4   _CLK_gptimer_enablemask
87e3be6c   _CLK_htimeDiv
87e3be70   _CLK_htimeMult
87e3c064   _CLK_htimePerLtime
87e343dc   _CLK_inputClock
87e36d20   _CLK_itime
87e3be74   _CLK_ltimeDiv
87e3be78   _CLK_ltimeMult
87e375cc   _CLK_reconfig
87e35f24   _CLK_start
87e35ec0   _CLK_stop
87e295f0   _CalcWeight
87e3c044   _DDR2
87e00080   _DDR2_base
00020000   _DDR2_length
87e344d8   _DSPLINKDATA_ctrlPtr
87e2e760   _DSPLINKDATA_init
87e2d980   _DSPLINKIPS_init
ffffffff   _DSPLINKMEM
87e344e0   _DSPLINKMQT_ctrlPtr
87e2e800   _DSPLINKMQT_init
87e34258   _DSPLINKPOOL_ctrlPtr
87e2e460   _DSPLINKPOOL_init
87e2dfc0   _DSPLINK_init
87e3c600   _DSPLINK_shmBaseAddress
87e3c608   _DSPLINK_shmBaseAddress_pad
0000000a   _EVENT10
00000064   _EVENT100
00000065   _EVENT101
00000066   _EVENT102
00000067   _EVENT103
00000068   _EVENT104
00000069   _EVENT105
0000006a   _EVENT106
0000006b   _EVENT107
0000006c   _EVENT108
0000006d   _EVENT109
0000000b   _EVENT11
0000006e   _EVENT110
0000006f   _EVENT111
00000070   _EVENT112
00000071   _EVENT113
00000072   _EVENT114
00000073   _EVENT115
00000074   _EVENT116
00000075   _EVENT117
00000076   _EVENT118
00000077   _EVENT119
0000000c   _EVENT12
00000078   _EVENT120
00000079   _EVENT121
0000007a   _EVENT122
0000007b   _EVENT123
0000007c   _EVENT124
0000007d   _EVENT125
0000007e   _EVENT126
0000007f   _EVENT127
0000000d   _EVENT13
0000000e   _EVENT14
0000000f   _EVENT15
00000010   _EVENT16
00000011   _EVENT17
00000012   _EVENT18
00000013   _EVENT19
00000014   _EVENT20
00000015   _EVENT21
00000016   _EVENT22
00000017   _EVENT23
00000018   _EVENT24
00000019   _EVENT25
0000001a   _EVENT26
0000001b   _EVENT27
0000001c   _EVENT28
0000001d   _EVENT29
0000001e   _EVENT30
0000001f   _EVENT31
00000020   _EVENT32
00000021   _EVENT33
00000022   _EVENT34
00000023   _EVENT35
00000024   _EVENT36
00000025   _EVENT37
00000026   _EVENT38
00000027   _EVENT39
00000004   _EVENT4
00000028   _EVENT40
00000029   _EVENT41
0000002a   _EVENT42
0000002b   _EVENT43
0000002c   _EVENT44
0000002d   _EVENT45
0000002e   _EVENT46
0000002f   _EVENT47
00000030   _EVENT48
00000031   _EVENT49
00000005   _EVENT5
00000032   _EVENT50
00000033   _EVENT51
00000034   _EVENT52
00000035   _EVENT53
00000036   _EVENT54
00000037   _EVENT55
00000038   _EVENT56
00000039   _EVENT57
0000003a   _EVENT58
0000003b   _EVENT59
00000006   _EVENT6
0000003c   _EVENT60
0000003d   _EVENT61
0000003e   _EVENT62
0000003f   _EVENT63
00000040   _EVENT64
00000041   _EVENT65
00000042   _EVENT66
00000043   _EVENT67
00000044   _EVENT68
00000045   _EVENT69
00000007   _EVENT7
00000046   _EVENT70
00000047   _EVENT71
00000048   _EVENT72
00000049   _EVENT73
0000004a   _EVENT74
0000004b   _EVENT75
0000004c   _EVENT76
0000004d   _EVENT77
0000004e   _EVENT78
0000004f   _EVENT79
00000008   _EVENT8
00000050   _EVENT80
00000051   _EVENT81
00000052   _EVENT82
00000053   _EVENT83
00000054   _EVENT84
00000055   _EVENT85
00000056   _EVENT86
00000057   _EVENT87
00000058   _EVENT88
00000059   _EVENT89
00000009   _EVENT9
0000005a   _EVENT90
0000005b   _EVENT91
0000005c   _EVENT92
0000005d   _EVENT93
0000005e   _EVENT94
0000005f   _EVENT95
00000060   _EVENT96
00000061   _EVENT97
00000062   _EVENT98
00000063   _EVENT99
87e349f0   _EXC_clearLastStatus
87e36480   _EXC_dispatch
87e34874   _EXC_exceptionHandler
87e3c028   _EXC_exceptionHook
87e34840   _EXC_external
87e3c030   _EXC_externalHook
87e34820   _EXC_getLastStatus
87e347e0   _EXC_init
87e34534   _EXC_internal
87e3c02c   _EXC_internalHook
87e34500   _EXC_nmi
87e3c034   _EXC_nmiHook
87e3bff8   _EXC_returnPtr
87e36644   _EXC_setReturnPtr
87e34448   _EXC_status
87e3bff0   _EXC_sysTrapTable
87e292e0   _Epanechnikov_kernel
87e34474   _FAIL_Code
87e3446c   _FAIL_File
87e34470   _FAIL_Line
87e34468   _FAIL_Set
87e387c0   _FXN_F_nop
87e38404   _FXN_F_run
87e38440   _FXN_F_zero
00000000   _GBL_CACHE
87e37744   _GBL_cacheInit64P
87e3bee4   _GBL_clkIn
87e3bee8   _GBL_freq
87e387e0   _GBL_getVersion
87e3bee0   _GBL_procId
87e2eeb4   _HAL_exit
87e2ee80   _HAL_init
87e2d8f0   _HAL_intClear
87e2d848   _HAL_intDisable
87e2d800   _HAL_intEnable
87e2d640   _HAL_intInit
87e2d6b8   _HAL_intRegister
87e2d8d0   _HAL_intSend
87e2d890   _HAL_intWaitClear
87e28fc0   _HC_Epanechnikov_kernel
87e28e38   _HC_pdf_representation_target
87e38800   _HOOK_setenv
87e00080   _HST_A_TABBEG
87e00080   _HST_A_TABEND
87e34478   _HWI_ATTRS
00004000   _HWI_CFGDISPATCHED
87e3c01c   _HWI_D_inhwi
87e3c010   _HWI_D_spsave
87e34a20   _HWI_F_dispatch
0000000a   _HWI_INT10
0000000b   _HWI_INT11
0000000c   _HWI_INT12
0000000d   _HWI_INT13
0000000e   _HWI_INT14
0000000f   _HWI_INT15
00000004   _HWI_INT4
00000005   _HWI_INT5
00000006   _HWI_INT6
00000007   _HWI_INT7
00000008   _HWI_INT8
00000009   _HWI_INT9
00000001   _HWI_NMI
00000002   _HWI_RESERVED0
00000003   _HWI_RESERVED1
00000000   _HWI_RESET
87e398b8   _HWI_STKBOTTOM
87e388c0   _HWI_STKTOP
87e3c010   _HWI_data
87e38460   _HWI_disable
87e37ec0   _HWI_dispatchPlug
87e3bd40   _HWI_dispatchTab
87e38478   _HWI_enable
87e37f40   _HWI_eventMap
87e3848c   _HWI_restore
87e38820   _IDL_loop
87e27f38   _IPS_clearReserved
87e26a2c   _IPS_exit
87e2675c   _IPS_init
87e27fd8   _IPS_isNotReserved
87e27650   _IPS_notify
87e26ba4   _IPS_register
87e27e98   _IPS_setReserved
87e2711c   _IPS_unregister
87e3a640   _IQdivTable
87e33fe8   _IQexpTableCoeff
87e33ef8   _IQexpTableMinMax
87e3aa48   _IQisqrtTable
87e34038   _IQlogTableCoeff
87e34010   _IQlog_TableCoeff
ffffffff   _IRAM
87e3bfb0   _KNL_alarm
87e37800   _KNL_check
87e3bfd4   _KNL_curqueue
87e3bfc4   _KNL_curtask
87e3bfcc   _KNL_curtime
87e34220   _KNL_dummy
87e37c60   _KNL_enter
87e37c20   _KNL_exit
87e378c8   _KNL_idle
87e3bfec   _KNL_idlefxn
87e3bfb8   _KNL_inactive
87e37fc0   _KNL_ipost
87e378f0   _KNL_max
87e3bfd8   _KNL_maxqueue
87e38040   _KNL_post
87e3bfc8   _KNL_prevtask
87e3bfbc   _KNL_priority
87e34180   _KNL_queues
87e371e0   _KNL_ready
87e35a80   _KNL_run
87e36f20   _KNL_saveIsrFrame
87e3bfc0   _KNL_set
87e3bfb4   _KNL_setpri
87e37ce0   _KNL_start
87e3c7d8   _KNL_swi
87e3bfd0   _KNL_swiptr
87e36fcc   _KNL_switch
87e3bfe0   _KNL_tcreatefxn
87e3bfe4   _KNL_tdeletefxn
87e3682c   _KNL_tick
87e3bfe8   _KNL_treadyfxn
87e3bfdc   _KNL_tswitchfxn
87e3bfa8   _KNL_wFlag
87e3bfac   _KNL_wList
ffffffff   _L1DSRAM
87e380e0   _LCK_pend
87e380c0   _LCK_post
87e3c7a8   _LOG_A_TABBEG
87e3c7d8   _LOG_A_TABEND
00000002   _LOG_A_TABLEN
87e3be4c   _LOG_D_system
87e38140   _LOG_event
87e3c7a8   _LOG_system
87e3c06c   _MEM
87e3beec   _MEM_D_NUMSEGMENTS
87e3bef4   _MEM_D_freelist
87e3bef8   _MEM_D_lockaddr
87e3bef0   _MEM_D_memtab
87e3befc   _MEM_D_unlockaddr
87e360c0   _MEM_alloc
87e36840   _MEM_free
87e3b820   _MEM_init
87e3c038   _MEM_memtab
87e38340   _MEM_valloc
87e3449c   _MPCSXFER_BufferSize
87e344a0   _MPCSXFER_NumIterations
87e2a7e4   _MPCS_close
87e2990c   _MPCS_create
87e344a8   _MPCS_csObj
87e344a4   _MPCS_ctrlPtr
87e2a0a4   _MPCS_delete
87e2a908   _MPCS_enter
87e2c250   _MPCS_exit
87e2c06c   _MPCS_init
87e2abac   _MPCS_leave
87e2a680   _MPCS_open
87e344ac   _MPLIST_ctrlPtr
87e2d3b0   _MPLIST_exit
87e2d1cc   _MPLIST_init
87e344b0   _MPLIST_mpcsObj
87e344b4   _NOTIFY_ctrlPtr
87e2dd8c   _NOTIFY_init
87e2cb28   _NOTIFY_notify
87e344b8   _NOTIFY_numIps
87e2c740   _NOTIFY_register
87e2c8fc   _NOTIFY_unregister
87e381c0   _OBJ_create
87e384c0   _OBJ_delete
87e3b920   _OBJ_init
87e34370   _OBJ_segtab
87e34338   _OBJ_table
87e00080   _PIP_A_TABBEG
87e00080   _PIP_A_TABEND
87e3c070   _POOL
ffffffff   _POOLMEM
87e34418   _POOL_config
87e3b640   _POOL_init
87e2bf08   _POOL_open
87e3be8c   _PRD_D_tick
87e3b338   _PRD_clock
87e38740   _QUE_get
87e38768   _QUE_put
ffffffff   _RESET_VECTOR
87e344bc   _RingIO_ctrlPtr
87e20498   _RingIO_exit
87e202a8   _RingIO_init
87e344c0   _RingIO_mpcsObj
87e38520   _SEM_pend
87e35cc0   _SEM_pendEnterKnl
87e37b40   _SEM_post
87e37b40   _SEM_postBinary
87e37d80   _SEM_postEnterKnl
87e2df08   _SHMDRV_handshake
87e2dea0   _SHMDRV_init
87e3b320   _SMAPOOL_FXNS
87e2afd0   _SMAPOOL_alloc
87e2b3b8   _SMAPOOL_free
87e2ae24   _SMAPOOL_init
87e2ae48   _SMAPOOL_open
87e344ec   _STS_A_TABBEG
87e344fc   _STS_A_TABEND
87e385ac   _STS_add
87e38580   _STS_delta
87e385c8   _STS_reset
87e38840   _STS_set
87e3bf24   _SWI_D_curfxn
87e3bf14   _SWI_D_curmask
87e3bf18   _SWI_D_curset
87e3bf10   _SWI_D_execaddr
87e3bf2c   _SWI_D_inswi
87e3bf1c   _SWI_D_lock
87e3bf28   _SWI_D_rdybeg
87e3bf0c   _SWI_D_runaddr
87e3bf0c   _SWI_data
87e385e0   _SWI_disable
87e38604   _SWI_enable
87e34f70   _SWI_post
87e3bf00   _SYS
87e3c078   _SYS_PUTCBEG
87e3c277   _SYS_PUTCEND
87e38640   _SYS_abort
87e383a0   _SYS_error
87e37e20   _SYS_exit
87e343e0   _SYS_exitStack
87e3c05c   _SYS_exitStackPtr
87e3c060   _SYS_exitStackTop
87e34400   _SamplePoolParams
87e2e6a0   _SetReason
87e3c818   _TRC_R_mask
87e3c050   _TSK
87e342d8   _TSK_ATTRS
87e342f4   _TSK_config
87e35740   _TSK_create
87e37320   _TSK_exit
87e3c690   _TSK_idle
87e3b8c0   _TSK_init
87e3c048   _TSK_nTasks
87e3c04c   _TSK_pid
87e36d80   _TSK_setup
87e379c4   _TSK_startup
87e34314   _TSK_timerSem
87e26498   _Task_create
87e26400   _Task_delete
87e259cc   _Task_execute
87e38780   _UTL_doAbort
87e38860   _UTL_doError
87e386a0   _UTL_doPutc
87e38880   _UTL_halt
87e34334   __BCACHE_emifAddr
87e34490   __BCACHE_readTable
87e36d3c   __CLK_lat1beg
87e36d60   __CLK_lat1end
87e2b7fc   __DSPLINK_init
87e3bf08   __HOOK_NUMHOOKS
87e3bf04   __HOOK_knlId
87e34a20   __HWI_lat1beg
87e34ba8   __HWI_lat1end
87e34ba8   __HWI_lat2beg
87e34d84   __HWI_lat2end1
87e34d10   __HWI_lat2end2
87e34da0   __HWI_lat3beg
87e34d40   __HWI_lat3end2
87e2e0c0   __IQNdiv
87e2dae0   __IQNsqrt
87e3784c   __KNL_lat1beg
87e378c8   __KNL_lat1end
87e38140   __LOG_lat1beg
87e343b4   __MEM_mutex
87e2c2e0   __MPCS_open
48004000   __PWRM_CM_BASEADDR
5d000000   __PWRM_IVAMMU_BASEADDR
48306000   __PWRM_PRM_BASEADDR
48002000   __PWRM_SCM_BASEADDR
00000000   __PWRM_TIMERBASEADDR
00000020   __PWRM_TIMERINPUTCLK
00000000   __PWRM_TIMERINTRMASK
0000000a   __PWRM_TIMERPERIOD
00000000   __PWRM_USETIMER
87e38740   __QUE_lat1beg
87e38760   __QUE_lat1end
87e38768   __QUE_lat2beg
87e38774   __QUE_lat2end
87e23834   __RingIO_callNotifier
87e23b20   __RingIO_checkNotifier
87e24474   __RingIO_getContiguousDataSize
87e23f00   __RingIO_getFirstAcquiredAttr
87e24060   __RingIO_getFirstAttr
87e23d34   __RingIO_initInstance
87e24a40   __RingIO_invalidateDataBuffer
87e20aa8   __RingIO_readerAcquire
87e23670   __RingIO_readerCancel
87e229b8   __RingIO_readerFlush
87e21cec   __RingIO_readerGetvAttribute
87e2142c   __RingIO_readerRelease
87e2421c   __RingIO_releaseAttribute
87e24744   __RingIO_updateAttributes
87e20548   __RingIO_writerAcquire
87e231d0   __RingIO_writerCancel
87e221c0   __RingIO_writerFlush
87e21198   __RingIO_writerRelease
87e217fc   __RingIO_writerSetvAttribute
87e36a00   __SEM_dopost
00001000   __STACK_SIZE
87e35078   __SWI_lat1beg
87e35124   __SWI_lat1end
87e35128   __SWI_lat2beg
87e35188   __SWI_lat2end
87e34f00   __SWI_lat3beg
87e34f6c   __SWI_lat3end
87e3438c   __TSK_mutex
ffffffff   ___TI_pprof_out_hndl
ffffffff   ___TI_prof_data_size
ffffffff   ___TI_prof_data_start
ffffffff   ___binit__
87e3bd40   ___bss__
ffffffff   ___c_args__
87e398c0   ___cinit__
87e00080   ___data__
87e00080   ___edata__
87e3c076   ___end__
87e2f000   ___etext__
ffffffff   ___pinit__
87e20080   ___text__
87e370a0   __auto_init
87e2e1c0   __cmpd
87e2eb20   __cmpf
87e3ade0   __ctypes_
87e2ec20   __cvtfd
87e2cc60   __divf
87e2e520   __divu
87e2eba0   __fixfu
87e2ee00   __fltuf
87e2ec80   __frcmpyf
87e2e8a0   __frcmpyf_div
87e344c4   __lock
87e2d440   __mpyf
87e2efa0   __nop
87e2efc0   __register_lock
87e2efe0   __register_unlock
87e2e940   __remu
87e388c0   __stack
87e344c8   __unlock
87e2e2a0   _atoi
87e2f000   _binWidth
87e3b760   _c_int00
87e2f002   _cfgMaxIter
87e34434   _dspColor
87e3443c   _dspRectangle
87e34438   _dspResFrame
87e34440   _function
87e28d68   _initTarget
87e28b3c   _initWeight
87e2f008   _kernel
87e2dc20   _main
87e2e9e0   _memcpy
87e2e380   _memset
87e24c20   _mult_dsp
87e289fc   _pdf_representation
87e288b0   _pdf_representation_target
87e34408   _pool_notify_Pools
87e28760   _retCandidate
87e284ec   _retEpan
87e28060   _retModel
87e2ece0   _strcpy
87e2ed40   _strncmp
87e2ea80   _strncpy
87e33eb8   _target_candidate
87e33df8   _target_model
87e3c7c0   _trace
ffffffff   binit
87e398c0   cinit
87e00080   edata
87e3c076   end
87e2f000   etext
87e3c400   hwi0
87e3c420   hwi1
87e3c540   hwi10
87e3c560   hwi11
87e3c580   hwi12
87e3c5a0   hwi13
87e3c5c0   hwi14
87e3c5e0   hwi15
87e3c440   hwi2
87e3c460   hwi3
87e3c480   hwi4
87e3c4a0   hwi5
87e3c4c0   hwi6
87e3c4e0   hwi7
87e3c500   hwi8
87e3c520   hwi9
ffffffff   pinit
87e3c7c0   trace
87e3c280   trace$buf
00000001   trace$datatype
00000000   trace$log
00000020   trace$size


GLOBAL SYMBOLS: SORTED BY Symbol Address 

address    name
--------   ----
00000000   BUF$
00000000   CLK_PRDHIGH
00000000   CLK_RESETTIMER
00000000   CLK_TDDR
00000000   CLK_TDDRHIGH
00000000   CLK_TIMERNUM
00000000   DEV$
00000000   DGN$
00000000   DHL$
00000000   DHL_gChannelsAvailable
00000000   DIO$
00000000   DIO_NUMSWIBASE
00000000   DIO_NUMTSKBASE
00000000   DIO_STATIC
00000000   DPI$
00000000   ECM$
00000000   ECM_ENABLE
00000000   GBL_BCACHEREADADDR0
00000000   GBL_BCACHEREADADDR1
00000000   GBL_BCACHEREADADDR2
00000000   GBL_BIGENDIAN
00000000   GBL_CACHE
00000000   GBL_CALLCSLCFGINIT
00000000   GBL_ENABLEINST
00000000   GBL_ENABLE_SK
00000000   GBL_GEMTRUECOMPEN
00000000   GBL_L2MAR0_31
00000000   GBL_L2MAR160_191
00000000   GBL_L2MAR192_223
00000000   GBL_L2MAR224_255
00000000   GBL_L2MAR32_63
00000000   GBL_L2MAR64_95
00000000   GBL_L2MAR96_127
00000000   GBL_NULL
00000000   GBL_PROCID
00000000   GBL_ROM
00000000   GBL_SUPPORTCSL
00000000   GBL_USERINIT
00000000   GIO$
00000000   HOOK$
00000000   HOOK_KNLID
00000000   HST$
00000000   HST_DSM
00000000   HST_MAXFRAMESET
00000000   HST_RTDX
00000000   HWI_GENERATE_RESET_VEC
00000000   HWI_INT10$hwi
00000000   HWI_INT11$hwi
00000000   HWI_INT12$hwi
00000000   HWI_INT13$hwi
00000000   HWI_INT14$hwi
00000000   HWI_INT15$hwi
00000000   HWI_INT4$hwi
00000000   HWI_INT5$hwi
00000000   HWI_INT6$hwi
00000000   HWI_INT7$hwi
00000000   HWI_INT8$hwi
00000000   HWI_INT9$hwi
00000000   HWI_NMI$hwi
00000000   HWI_POLARITYMASK
00000000   HWI_RESERVED0$hwi
00000000   HWI_RESERVED1$hwi
00000000   HWI_RESET
00000000   HWI_RESET$hwi
00000000   HWI_ZEROTAB
00000000   IDL$
00000000   IDL_CALIBRERROR
00000000   IDL_CALIBRFXN
00000000   IDL_USECLKIDLTIME
00000000   KNL_swi$ord
00000000   KNL_swi$pri
00000000   KNL_swi$sts$unittype
00000000   KNL_swi$swi
00000000   LOG_system$datatype
00000000   LOG_system$log
00000000   MBX$
00000000   MEM_NULL
00000000   MEM_USEMPC
00000000   MSGQ$
00000000   MSGQ_USEMSGQ
00000000   OBJ$
00000000   PIP$
00000000   PIP_A_TABLEN
00000000   PIP_gNextId
00000000   PIP_gNumEmbed
00000000   PRD_A_TABLEN
00000000   PRD_SWIHANDLE
00000000   PWRM_PWRM_CAPSMASK
00000000   PWRM_PWRM_ENABLE
00000000   PWRM_PWRM_LOADENABLE
00000000   PWRM_PWRM_RESOURCETRACKING
00000000   PWRM_PWRM_SCALING
00000000   PWRM_PWRM_TIMERIDNUM
00000000   PWRM_PWRM_TIMERINTRMASK
00000000   PWRM_PWRM_TIMERWUGENMASK
00000000   PWRM_PWRM_USERRESOURCES
00000000   PWRM_PWRM_USETIMER
00000000   RTDX$
00000000   RTDX_MODE
00000000   RTDX_USERTDX
00000000   RTDX_USERTEXECUTION
00000000   SEM$
00000000   SIO$
00000000   STS$
00000000   SWI_EHOOKFXN
00000000   SWI_IHOOKFXN
00000000   TSK_NUM_HOOKS
00000000   TSK_READYFXN
00000000   TSK_SWITCHFXN
00000000   TSK_idle$ord
00000000   TSK_idle$pri
00000000   TSK_idle$tsk
00000000   UDEV$
00000000   _CLK_TDDR
00000000   _CLK_TIMERNUM
00000000   _GBL_CACHE
00000000   _HWI_RESET
00000000   __PWRM_TIMERBASEADDR
00000000   __PWRM_TIMERINTRMASK
00000000   __PWRM_USETIMER
00000000   trace$log
00000001   BUF_ENABLED
00000001   CLK$
00000001   CLK_CALDIV
00000001   CLK_CALMULT
00000001   CLK_ENABLEHTIME
00000001   CLK_HTIMEDIV
00000001   CLK_HTIMEMULT
00000001   CLK_LTIMEDIV
00000001   CLK_USETIMER
00000001   GBL$
00000001   GBL_L2CONFIGURE
00000001   GBL_L2MODE
00000001   GBL_boot
00000001   HST_NONE
00000001   HWI$
00000001   HWI_ENABLE_EXC
00000001   HWI_NMI
00000001   ISRC$
00000001   KNL_swi$dorta
00000001   KNL_swi$sts$filtmaxmult
00000001   KNL_swi$sts$filtsummult
00000001   LCK$
00000001   LOG$
00000001   LOG_ENABLED
00000001   MEM$
00000001   MEM_gNumHeap
00000001   POOL$
00000001   POOL_USEPOOL
00000001   PRD$
00000001   PRD_SCALAR
00000001   PWRM$
00000001   PWRM_PWRM_NUMSLOTS
00000001   QUE$
00000001   SWI$
00000001   SWI_A_TABLEN
00000001   SYS$
00000001   TSK$
00000001   TSK_PRIORITY
00000001   _CLK_USETIMER
00000001   _HWI_NMI
00000001   trace$datatype
00000002   HWI_RESERVED0
00000002   KNL_swi$sts$filter
00000002   LOG_A_TABLEN
00000002   _HWI_RESERVED0
00000002   _LOG_A_TABLEN
00000003   GBL_L1PMODE
00000003   HWI_RESERVED1
00000003   _HWI_RESERVED1
00000004   EVENT4
00000004   HWI_INT4
00000004   _EVENT4
00000004   _HWI_INT4
00000005   CLK_COUNTSPMSHIGH
00000005   CLK_TIMMODE
00000005   EVENT5
00000005   HWI_INT5
00000005   _EVENT5
00000005   _HWI_INT5
00000006   EVENT6
00000006   HWI_INT6
00000006   _EVENT6
00000006   _HWI_INT6
00000007   EVENT7
00000007   GBL_L1DMODE
00000007   HWI_INT7
00000007   _EVENT7
00000007   _HWI_INT7
00000008   EVENT8
00000008   HWI_INT8
00000008   _EVENT8
00000008   _HWI_INT8
00000009   EVENT9
00000009   HWI_INT9
00000009   _EVENT9
00000009   _HWI_INT9
0000000a   EVENT10
0000000a   HWI_INT10
0000000a   PWRM_PWRM_CLKTICKSPERSLOT
0000000a   _EVENT10
0000000a   _HWI_INT10
0000000a   __PWRM_TIMERPERIOD
0000000b   EVENT11
0000000b   HWI_INT11
0000000b   _EVENT11
0000000b   _HWI_INT11
0000000c   EVENT12
0000000c   HWI_INT12
0000000c   _EVENT12
0000000c   _HWI_INT12
0000000d   EVENT13
0000000d   HWI_INT13
0000000d   _EVENT13
0000000d   _HWI_INT13
0000000e   EVENT14
0000000e   HWI_INT14
0000000e   _EVENT14
0000000e   _HWI_INT14
0000000f   EVENT15
0000000f   HWI_INT15
0000000f   _EVENT15
0000000f   _HWI_INT15
00000010   EVENT16
00000010   _EVENT16
00000011   EVENT17
00000011   _EVENT17
00000012   EVENT18
00000012   _EVENT18
00000013   EVENT19
00000013   _EVENT19
00000014   EVENT20
00000014   _EVENT20
00000015   EVENT21
00000015   _EVENT21
00000016   EVENT22
00000016   _EVENT22
00000017   EVENT23
00000017   _EVENT23
00000018   EVENT24
00000018   _EVENT24
00000019   EVENT25
00000019   _EVENT25
0000001a   EVENT26
0000001a   _EVENT26
0000001b   EVENT27
0000001b   _EVENT27
0000001c   EVENT28
0000001c   _EVENT28
0000001d   EVENT29
0000001d   _EVENT29
0000001e   EVENT30
0000001e   _EVENT30
0000001f   EVENT31
0000001f   _EVENT31
00000020   CLK_TCR
00000020   EVENT32
00000020   _EVENT32
00000020   __PWRM_TIMERINPUTCLK
00000020   trace$size
00000021   EVENT33
00000021   _EVENT33
00000022   EVENT34
00000022   _EVENT34
00000023   EVENT35
00000023   _EVENT35
00000024   EVENT36
00000024   _EVENT36
00000025   EVENT37
00000025   _EVENT37
00000026   EVENT38
00000026   _EVENT38
00000027   EVENT39
00000027   _EVENT39
00000028   EVENT40
00000028   _EVENT40
00000029   EVENT41
00000029   _EVENT41
0000002a   EVENT42
0000002a   _EVENT42
0000002b   EVENT43
0000002b   _EVENT43
0000002c   EVENT44
0000002c   _EVENT44
0000002d   EVENT45
0000002d   _EVENT45
0000002e   EVENT46
0000002e   _EVENT46
0000002f   EVENT47
0000002f   _EVENT47
00000030   EVENT48
00000030   _EVENT48
00000031   EVENT49
00000031   _EVENT49
00000032   EVENT50
00000032   _EVENT50
00000033   EVENT51
00000033   _EVENT51
00000034   EVENT52
00000034   _EVENT52
00000035   EVENT53
00000035   _EVENT53
00000036   EVENT54
00000036   _EVENT54
00000037   EVENT55
00000037   _EVENT55
00000038   EVENT56
00000038   _EVENT56
00000039   EVENT57
00000039   _EVENT57
0000003a   EVENT58
0000003a   _EVENT58
0000003b   EVENT59
0000003b   _EVENT59
0000003c   EVENT60
0000003c   _EVENT60
0000003d   EVENT61
0000003d   _EVENT61
0000003e   EVENT62
0000003e   GBL_DSPTYPE
0000003e   _EVENT62
0000003f   EVENT63
0000003f   _EVENT63
00000040   EVENT64
00000040   LOG_system$size
00000040   _EVENT64
00000041   EVENT65
00000041   _EVENT65
00000042   EVENT66
00000042   GBL_FOOTPRINT
00000042   _EVENT66
00000043   EVENT67
00000043   _EVENT67
00000044   EVENT68
00000044   _EVENT68
00000045   EVENT69
00000045   _EVENT69
00000046   EVENT70
00000046   _EVENT70
00000047   EVENT71
00000047   _EVENT71
00000048   EVENT72
00000048   _EVENT72
00000049   EVENT73
00000049   _EVENT73
0000004a   EVENT74
0000004a   _EVENT74
0000004b   EVENT75
0000004b   _EVENT75
0000004c   EVENT76
0000004c   _EVENT76
0000004d   EVENT77
0000004d   _EVENT77
0000004e   EVENT78
0000004e   _EVENT78
0000004f   EVENT79
0000004f   _EVENT79
00000050   EVENT80
00000050   _EVENT80
00000051   EVENT81
00000051   _EVENT81
00000052   EVENT82
00000052   _EVENT82
00000053   EVENT83
00000053   _EVENT83
00000054   EVENT84
00000054   _EVENT84
00000055   EVENT85
00000055   _EVENT85
00000056   EVENT86
00000056   _EVENT86
00000057   EVENT87
00000057   _EVENT87
00000058   EVENT88
00000058   _EVENT88
00000059   EVENT89
00000059   _EVENT89
0000005a   EVENT90
0000005a   _EVENT90
0000005b   EVENT91
0000005b   _EVENT91
0000005c   EVENT92
0000005c   _EVENT92
0000005d   EVENT93
0000005d   _EVENT93
0000005e   EVENT94
0000005e   _EVENT94
0000005f   EVENT95
0000005f   _EVENT95
00000060   EVENT96
00000060   _EVENT96
00000061   EVENT97
00000061   _EVENT97
00000062   EVENT98
00000062   _EVENT98
00000063   EVENT99
00000063   _EVENT99
00000064   EVENT100
00000064   PIP_OBJSIZE
00000064   _EVENT100
00000065   EVENT101
00000065   _EVENT101
00000066   EVENT102
00000066   _EVENT102
00000067   EVENT103
00000067   _EVENT103
00000068   EVENT104
00000068   _EVENT104
00000069   EVENT105
00000069   _EVENT105
0000006a   EVENT106
0000006a   _EVENT106
0000006b   EVENT107
0000006b   _EVENT107
0000006c   EVENT108
0000006c   _EVENT108
0000006d   EVENT109
0000006d   _EVENT109
0000006e   EVENT110
0000006e   _EVENT110
0000006f   EVENT111
0000006f   _EVENT111
00000070   EVENT112
00000070   _EVENT112
00000071   EVENT113
00000071   _EVENT113
00000072   EVENT114
00000072   _EVENT114
00000073   EVENT115
00000073   _EVENT115
00000074   EVENT116
00000074   _EVENT116
00000075   EVENT117
00000075   _EVENT117
00000076   EVENT118
00000076   _EVENT118
00000077   EVENT119
00000077   _EVENT119
00000078   EVENT120
00000078   _EVENT120
00000079   EVENT121
00000079   _EVENT121
0000007a   EVENT122
0000007a   _EVENT122
0000007b   EVENT123
0000007b   _EVENT123
0000007c   EVENT124
0000007c   _EVENT124
0000007d   EVENT125
0000007d   _EVENT125
0000007e   EVENT126
0000007e   _EVENT126
0000007f   EVENT127
0000007f   _EVENT127
00000080   GBL_L2MAR128_159
00000100   HST_MAXFRAMEALLOWED
000003e8   CLK_MICROSECS
00000400   HST_DSMMEMSIZE
00000400   TSK_STACKSIZE
00000408   RTDX_BUFMEMSIZE
00000d66   GBL_CLKTYPE
00001000   __STACK_SIZE
00001963   GBL_DSPSUBTYPE
00004000   CLK_INTBIT
00004000   GBL_TRCMASKVALUE
00004000   HWI_CFGDISPATCHED
00004000   _HWI_CFGDISPATCHED
00004b00   CLK_INPUTCLK
00004b00   CLK_PRD
00004b00   _CLK_PRD
00004e20   GBL_CLKIN
00005205   GBL_A_VERSION
00020000   DDR2$L
00020000   _DDR2_length
00050910   CLK_COUNTSPMS
00050910   CLK_HTIMEPERLTIME
00050910   CLK_LTIMEMULT
00050910   GBL_FREQ
00050910   _CLK_COUNTSPMS
07060504   HWI_INTRMUX1
0a0a0908   HWI_INTRMUX2
34330d0b   HWI_INTRMUX3
48002000   __PWRM_SCM_BASEADDR
48004000   __PWRM_CM_BASEADDR
48306000   __PWRM_PRM_BASEADDR
49038000   CLK_REGS
49038000   _CLK_REGS
49038000   _CLK_gptimer
5d000000   __PWRM_IVAMMU_BASEADDR
87e00080   .data
87e00080   DDR2$B
87e00080   HST_A_TABBEG
87e00080   HST_A_TABEND
87e00080   PIP_A_TABBEG
87e00080   PIP_A_TABEND
87e00080   PRD_A_TABBEG
87e00080   PRD_A_TABEND
87e00080   _DDR2_base
87e00080   _HST_A_TABBEG
87e00080   _HST_A_TABEND
87e00080   _PIP_A_TABBEG
87e00080   _PIP_A_TABEND
87e00080   ___data__
87e00080   ___edata__
87e00080   edata
87e20080   .text
87e20080   ___text__
87e202a8   _RingIO_init
87e20498   _RingIO_exit
87e20548   __RingIO_writerAcquire
87e20aa8   __RingIO_readerAcquire
87e21198   __RingIO_writerRelease
87e2142c   __RingIO_readerRelease
87e217fc   __RingIO_writerSetvAttribute
87e21cec   __RingIO_readerGetvAttribute
87e221c0   __RingIO_writerFlush
87e229b8   __RingIO_readerFlush
87e231d0   __RingIO_writerCancel
87e23670   __RingIO_readerCancel
87e23834   __RingIO_callNotifier
87e23b20   __RingIO_checkNotifier
87e23d34   __RingIO_initInstance
87e23f00   __RingIO_getFirstAcquiredAttr
87e24060   __RingIO_getFirstAttr
87e2421c   __RingIO_releaseAttribute
87e24474   __RingIO_getContiguousDataSize
87e24744   __RingIO_updateAttributes
87e24a40   __RingIO_invalidateDataBuffer
87e24c20   _mult_dsp
87e259cc   _Task_execute
87e26400   _Task_delete
87e26498   _Task_create
87e2675c   _IPS_init
87e26a2c   _IPS_exit
87e26ba4   _IPS_register
87e2711c   _IPS_unregister
87e27650   _IPS_notify
87e27e98   _IPS_setReserved
87e27f38   _IPS_clearReserved
87e27fd8   _IPS_isNotReserved
87e28060   _retModel
87e284ec   _retEpan
87e28760   _retCandidate
87e288b0   _pdf_representation_target
87e289fc   _pdf_representation
87e28b3c   _initWeight
87e28d68   _initTarget
87e28e38   _HC_pdf_representation_target
87e28fc0   _HC_Epanechnikov_kernel
87e292e0   _Epanechnikov_kernel
87e295f0   _CalcWeight
87e2990c   _MPCS_create
87e2a0a4   _MPCS_delete
87e2a680   _MPCS_open
87e2a7e4   _MPCS_close
87e2a908   _MPCS_enter
87e2abac   _MPCS_leave
87e2ae24   _SMAPOOL_init
87e2ae48   _SMAPOOL_open
87e2afd0   _SMAPOOL_alloc
87e2b3b8   _SMAPOOL_free
87e2b7fc   __DSPLINK_init
87e2bf08   _POOL_open
87e2c06c   _MPCS_init
87e2c250   _MPCS_exit
87e2c2e0   __MPCS_open
87e2c740   _NOTIFY_register
87e2c8fc   _NOTIFY_unregister
87e2cb28   _NOTIFY_notify
87e2cc60   __divf
87e2d1cc   _MPLIST_init
87e2d3b0   _MPLIST_exit
87e2d440   __mpyf
87e2d640   _HAL_intInit
87e2d6b8   _HAL_intRegister
87e2d800   _HAL_intEnable
87e2d848   _HAL_intDisable
87e2d890   _HAL_intWaitClear
87e2d8d0   _HAL_intSend
87e2d8f0   _HAL_intClear
87e2d980   _DSPLINKIPS_init
87e2dae0   __IQNsqrt
87e2dc20   _main
87e2dd8c   _NOTIFY_init
87e2dea0   _SHMDRV_init
87e2df08   _SHMDRV_handshake
87e2dfc0   _DSPLINK_init
87e2e0c0   __IQNdiv
87e2e1c0   __cmpd
87e2e2a0   _atoi
87e2e380   _memset
87e2e460   _DSPLINKPOOL_init
87e2e520   __divu
87e2e6a0   _SetReason
87e2e760   _DSPLINKDATA_init
87e2e800   _DSPLINKMQT_init
87e2e8a0   __frcmpyf_div
87e2e940   __remu
87e2e9e0   _memcpy
87e2ea80   _strncpy
87e2eb20   __cmpf
87e2eba0   __fixfu
87e2ec20   __cvtfd
87e2ec80   __frcmpyf
87e2ece0   _strcpy
87e2ed40   _strncmp
87e2ee00   __fltuf
87e2ee80   _HAL_init
87e2eeb4   _HAL_exit
87e2efa0   __nop
87e2efc0   __register_lock
87e2efe0   __register_unlock
87e2f000   ___etext__
87e2f000   _binWidth
87e2f000   etext
87e2f002   _cfgMaxIter
87e2f008   _kernel
87e33df8   _target_model
87e33eb8   _target_candidate
87e33ef8   _IQexpTableMinMax
87e33fe8   _IQexpTableCoeff
87e34010   _IQlog_TableCoeff
87e34038   _IQlogTableCoeff
87e34180   _KNL_queues
87e34220   _KNL_dummy
87e34258   _DSPLINKPOOL_ctrlPtr
87e342d8   _TSK_ATTRS
87e342f4   _TSK_config
87e34314   _TSK_timerSem
87e34334   __BCACHE_emifAddr
87e34338   _OBJ_table
87e34370   _OBJ_segtab
87e3438c   __TSK_mutex
87e343b4   __MEM_mutex
87e343dc   _CLK_inputClock
87e343e0   _SYS_exitStack
87e34400   _SamplePoolParams
87e34408   _pool_notify_Pools
87e34418   _POOL_config
87e34434   _dspColor
87e34438   _dspResFrame
87e3443c   _dspRectangle
87e34440   _function
87e34448   _EXC_status
87e34468   _FAIL_Set
87e3446c   _FAIL_File
87e34470   _FAIL_Line
87e34474   _FAIL_Code
87e34478   _HWI_ATTRS
87e34490   __BCACHE_readTable
87e3449c   _MPCSXFER_BufferSize
87e344a0   _MPCSXFER_NumIterations
87e344a4   _MPCS_ctrlPtr
87e344a8   _MPCS_csObj
87e344ac   _MPLIST_ctrlPtr
87e344b0   _MPLIST_mpcsObj
87e344b4   _NOTIFY_ctrlPtr
87e344b8   _NOTIFY_numIps
87e344bc   _RingIO_ctrlPtr
87e344c0   _RingIO_mpcsObj
87e344c4   __lock
87e344c8   __unlock
87e344d8   _DSPLINKDATA_ctrlPtr
87e344e0   _DSPLINKMQT_ctrlPtr
87e344e4   _CLK_gptimer_enablemask
87e344ec   KNL_swi$sts$stsobj
87e344ec   STS_A_TABBEG
87e344ec   _STS_A_TABBEG
87e344f0   KNL_swi$sts
87e344fc   IDL_A_TABBEG
87e344fc   IDL_END
87e344fc   STS_A_TABEND
87e344fc   _STS_A_TABEND
87e34500   _EXC_nmi
87e34534   _EXC_internal
87e347e0   _EXC_init
87e34820   _EXC_getLastStatus
87e34840   _EXC_external
87e34874   _EXC_exceptionHandler
87e349f0   _EXC_clearLastStatus
87e34a20   CLK_HOOKFXN
87e34a20   HWI_F_dispatch
87e34a20   _HWI_F_dispatch
87e34a20   __HWI_lat1beg
87e34ba8   __HWI_lat1end
87e34ba8   __HWI_lat2beg
87e34d10   __HWI_lat2end2
87e34d40   __HWI_lat3end2
87e34d84   __HWI_lat2end1
87e34da0   __HWI_lat3beg
87e34f00   SWI_F_enable
87e34f00   __SWI_lat3beg
87e34f6c   __SWI_lat3end
87e34f70   SWI_F_post
87e34f70   _SWI_post
87e35078   __SWI_lat1beg
87e350e4   SWI_EXECFXN
87e350e4   SWI_F_exec
87e3510c   SWI_F_iexec
87e35124   __SWI_lat1end
87e35128   __SWI_lat2beg
87e35188   __SWI_lat2end
87e3518c   SWI_F_run
87e3518c   SWI_RUNFXN
87e353c0   PRD_F_swi
87e35644   PRD_F_tick
87e35740   _TSK_create
87e35a80   _KNL_run
87e35cc0   _SEM_pendEnterKnl
87e35ec0   _CLK_stop
87e35f24   _CLK_start
87e360c0   _MEM_alloc
87e362a0   _C62_plug
87e362a0   _C64_plug
87e362a8   _C62_dispatchPlug
87e362a8   _C64_dispatchPlug
87e36480   _EXC_dispatch
87e36644   _EXC_setReturnPtr
87e3682c   PRD_THOOKFXN
87e3682c   _KNL_tick
87e36840   _MEM_free
87e36a00   __SEM_dopost
87e36bc0   CLK_F_getltime
87e36bd0   CLK_F_isr
87e36d20   CLK_F_itime
87e36d20   _CLK_F_itime
87e36d20   _CLK_itime
87e36d3c   __CLK_lat1beg
87e36d60   __CLK_lat1end
87e36d80   _TSK_setup
87e36f20   _KNL_saveIsrFrame
87e36fcc   _KNL_switch
87e37078   KNL_glue
87e370a0   __auto_init
87e371e0   _KNL_ready
87e37320   _TSK_exit
87e37460   _BCACHE_setSize
87e374a4   _BCACHE_setMar
87e374f4   _BCACHE_bootInit
87e374f4   _BCACHE_setCacheToSram
87e37524   _BCACHE_getSize
87e37574   _BCACHE_getMar
87e375cc   _CLK_reconfig
87e37744   _GBL_cacheInit64P
87e37800   _KNL_check
87e3784c   __KNL_lat1beg
87e378c8   _KNL_idle
87e378c8   __KNL_lat1end
87e378f0   _KNL_max
87e379c4   _TSK_startup
87e37b0c   _BCACHE_wbInv
87e37b20   _BCACHE_wb
87e37b30   _BCACHE_inv
87e37b40   _SEM_post
87e37b40   _SEM_postBinary
87e37c20   _KNL_exit
87e37c60   _KNL_enter
87e37ce0   _KNL_start
87e37d80   _SEM_postEnterKnl
87e37e20   _SYS_exit
87e37ec0   _HWI_dispatchPlug
87e37f40   _HWI_eventMap
87e37fc0   _KNL_ipost
87e38040   _KNL_post
87e380c0   _LCK_post
87e380e0   _LCK_pend
87e38140   LOG_F_event
87e38140   _LOG_event
87e38140   __LOG_lat1beg
87e381c0   _OBJ_create
87e3828c   _BCACHE_wbInvAll
87e382a0   _BCACHE_wbAll
87e382b0   _BCACHE_invL1pAll
87e382c0   _BCACHE_wait
87e38340   _MEM_valloc
87e383a0   _SYS_error
87e38400   FXN_F_nop
87e38404   FXN_F_run
87e38404   _FXN_F_run
87e38440   FXN_F_zero
87e38440   _FXN_F_zero
87e38460   _HWI_disable
87e38478   _HWI_enable
87e3848c   _HWI_restore
87e384c0   _OBJ_delete
87e38520   _SEM_pend
87e38580   STS_F_delta
87e38580   _STS_delta
87e385ac   STS_F_add
87e385ac   _STS_add
87e385c8   STS_F_reset
87e385c8   _STS_reset
87e385e0   _SWI_disable
87e38604   _SWI_enable
87e38640   _SYS_abort
87e386a0   SYS_PUTCFXN
87e386a0   _UTL_doPutc
87e38700   _C62_disableIER
87e38700   _C64_disableIER
87e38718   _C62_enableIER
87e38718   _C64_enableIER
87e3872c   _C62_clearIFR
87e3872c   _C64_clearIFR
87e38740   _QUE_get
87e38740   __QUE_lat1beg
87e38760   __QUE_lat1end
87e38768   _QUE_put
87e38768   __QUE_lat2beg
87e38774   __QUE_lat2end
87e38780   SYS_ABORTFXN
87e38780   _UTL_doAbort
87e387c0   GBL_USERINITFXN
87e387c0   GIO_CREATEFXN
87e387c0   GIO_DELETEFXN
87e387c0   GIO_PENDFXN
87e387c0   GIO_POSTFXN
87e387c0   PWRM_PWRM_SHAREDRESOURCEFXN
87e387c0   PWRM_PWRM_SLOTHOOKFXN
87e387c0   TSK_VCREATEFXN
87e387c0   TSK_VDELETEFXN
87e387c0   TSK_VEXITFXN
87e387c0   _FXN_F_nop
87e387e0   _GBL_getVersion
87e38800   _HOOK_setenv
87e38820   IDL_F_loop
87e38820   _IDL_loop
87e38840   _STS_set
87e38860   SYS_ERRORFXN
87e38860   _UTL_doError
87e38880   SYS_EXITFXN
87e38880   _UTL_halt
87e388a0   CLK_TIMEFXN
87e388a0   _CLK_gethtime
87e388c0   GBL_stackbeg
87e388c0   _HWI_STKTOP
87e388c0   __stack
87e398b8   _HWI_STKBOTTOM
87e398bf   GBL_stackend
87e398c0   ___cinit__
87e398c0   cinit
87e3a63c   IDL_A_CALBEG
87e3a63c   IDL_END$
87e3a640   _IQdivTable
87e3aa48   _IQisqrtTable
87e3ade0   __ctypes_
87e3b320   _SMAPOOL_FXNS
87e3b335   KNL_swi$sts$maxfmt
87e3b338   CLK_A_TABBEG
87e3b338   PRD_clock
87e3b338   _PRD_clock
87e3b33c   CLK_null
87e3b33d   KNL_swi$sts$sumfmt
87e3b340   BIOS_init
87e3b340   _BIOS_init
87e3b345   KNL_swi$sts$avgfmt
87e3b5a8   BIOS_start
87e3b5a8   _BIOS_start
87e3b640   _POOL_init
87e3b760   _c_int00
87e3b820   _MEM_init
87e3b8c0   _TSK_init
87e3b920   _OBJ_init
87e3b940   TSK_idle$stack
87e3bcd8   TSK_idle$stkptr
87e3bd40   $bss
87e3bd40   .bss
87e3bd40   _HWI_dispatchTab
87e3bd40   ___bss__
87e3be40   IDL_D_tabbeg
87e3be44   IDL_D_calibrate
87e3be48   IDL_D_calbeg
87e3be4c   LOG_D_system
87e3be4c   _LOG_D_system
87e3be50   PIP_D_tabbeg
87e3be54   PIP_D_tablen
87e3be58   CLK_R_time
87e3be5c   CLK_D_timefxn
87e3be60   CLK_D_tabbeg
87e3be64   CLK_D_isrhook
87e3be68   CLK_D_idletime
87e3be6c   _CLK_htimeDiv
87e3be70   _CLK_htimeMult
87e3be74   _CLK_ltimeDiv
87e3be78   _CLK_ltimeMult
87e3be7c   _CLK_D_dirty
87e3be80   _CLK_D_prd
87e3be84   _CLK_D_tddr
87e3be88   _CLK_D_countspms
87e3be8c   PRD_D_tick
87e3be8c   _PRD_D_tick
87e3be90   PRD_D_cur
87e3be94   PRD_D_elapsed
87e3be98   PRD_D_prevtim
87e3be9c   PRD_D_scalar
87e3bea0   PRD_D_swihandle
87e3bea4   PRD_D_tabbeg
87e3bea8   PRD_D_tablen
87e3beac   PRD_D_thook
87e3beb0   RTA_D_fromHost
87e3beb4   RTA_D_toHost
87e3beb8   RTA_D_logval
87e3bec8   RTA_D_stsval
87e3bed4   HST_D_chanmask
87e3bed8   HST_D_tabbeg
87e3bedc   HST_D_tabend
87e3bee0   _GBL_procId
87e3bee4   _GBL_clkIn
87e3bee8   _GBL_freq
87e3beec   _MEM_D_NUMSEGMENTS
87e3bef0   _MEM_D_memtab
87e3bef4   _MEM_D_freelist
87e3bef8   _MEM_D_lockaddr
87e3befc   _MEM_D_unlockaddr
87e3bf00   _SYS
87e3bf04   __HOOK_knlId
87e3bf08   __HOOK_NUMHOOKS
87e3bf0c   SWI_D_runaddr
87e3bf0c   _SWI_D_runaddr
87e3bf0c   _SWI_data
87e3bf10   SWI_D_execaddr
87e3bf10   _SWI_D_execaddr
87e3bf14   SWI_D_curmask
87e3bf14   _SWI_D_curmask
87e3bf18   SWI_D_curset
87e3bf18   _SWI_D_curset
87e3bf1c   SWI_D_lock
87e3bf1c   _SWI_D_lock
87e3bf20   SWI_D_curmbox
87e3bf24   SWI_D_curfxn
87e3bf24   _SWI_D_curfxn
87e3bf28   SWI_D_rdybeg
87e3bf28   _SWI_D_rdybeg
87e3bf2c   SWI_D_inswi
87e3bf2c   _SWI_D_inswi
87e3bf30   SWI_D_rdytab
87e3bfa8   _KNL_wFlag
87e3bfac   _KNL_wList
87e3bfb0   _KNL_alarm
87e3bfb4   _KNL_setpri
87e3bfb8   _KNL_inactive
87e3bfbc   _KNL_priority
87e3bfc0   _KNL_set
87e3bfc4   _KNL_curtask
87e3bfc8   _KNL_prevtask
87e3bfcc   _KNL_curtime
87e3bfd0   _KNL_swiptr
87e3bfd4   _KNL_curqueue
87e3bfd8   _KNL_maxqueue
87e3bfdc   _KNL_tswitchfxn
87e3bfe0   _KNL_tcreatefxn
87e3bfe4   _KNL_tdeletefxn
87e3bfe8   _KNL_treadyfxn
87e3bfec   _KNL_idlefxn
87e3bff0   _EXC_sysTrapTable
87e3bff8   _EXC_returnPtr
87e3c010   HWI_D_spsave
87e3c010   _HWI_D_spsave
87e3c010   _HWI_data
87e3c01c   _HWI_D_inhwi
87e3c020   HWI_D_bss
87e3c024   HWI_D_ccmask
87e3c028   _EXC_exceptionHook
87e3c02c   _EXC_internalHook
87e3c030   _EXC_externalHook
87e3c034   _EXC_nmiHook
87e3c038   _MEM_memtab
87e3c044   DDR2
87e3c044   HST_DSMBUFSEG
87e3c044   MEM_MALLOCSEG
87e3c044   MEM_SEGZERO
87e3c044   RTDX_DATAMEMSEG
87e3c044   TSK_STACKSEG
87e3c044   _DDR2
87e3c048   _TSK_nTasks
87e3c04c   _TSK_pid
87e3c050   _TSK
87e3c054   _CLK_DFLTMICROSECS
87e3c058   _CLK_D_microseconds
87e3c05c   _SYS_exitStackPtr
87e3c060   _SYS_exitStackTop
87e3c064   _CLK_htimePerLtime
87e3c06c   _MEM
87e3c070   _POOL
87e3c076   ___end__
87e3c076   end
87e3c078   _SYS_PUTCBEG
87e3c277   _SYS_PUTCEND
87e3c280   trace$buf
87e3c300   LOG_system$buf
87e3c400   HWI_A_VECS
87e3c400   hwi0
87e3c420   hwi1
87e3c440   hwi2
87e3c460   hwi3
87e3c480   hwi4
87e3c4a0   hwi5
87e3c4c0   hwi6
87e3c4e0   hwi7
87e3c500   hwi8
87e3c520   hwi9
87e3c540   hwi10
87e3c560   hwi11
87e3c580   hwi12
87e3c5a0   hwi13
87e3c5c0   hwi14
87e3c5e0   hwi15
87e3c600   _DSPLINK_shmBaseAddress
87e3c608   _DSPLINK_shmBaseAddress_pad
87e3c690   TSK_idle
87e3c690   _TSK_idle
87e3c7a8   LOG_A_TABBEG
87e3c7a8   LOG_system
87e3c7a8   _LOG_A_TABBEG
87e3c7a8   _LOG_system
87e3c7c0   _trace
87e3c7c0   trace
87e3c7d8   KNL_swi
87e3c7d8   LOG_A_TABEND
87e3c7d8   SWI_A_TABBEG
87e3c7d8   _KNL_swi
87e3c7d8   _LOG_A_TABEND
87e3c804   SWI_A_TABEND
87e3c804   SYS$config
87e3c814   TRC_cinit
87e3c818   TRC_R_mask
87e3c818   _TRC_R_mask
87e3c81c   GBL_initdone
ffffffff   CACHE_L1D
ffffffff   CACHE_L1P
ffffffff   CACHE_L2
ffffffff   DSPLINKMEM
ffffffff   ECM_EVTMASK0
ffffffff   ECM_EVTMASK1
ffffffff   ECM_EVTMASK2
ffffffff   ECM_EVTMASK3
ffffffff   IRAM
ffffffff   L1DSRAM
ffffffff   POOLMEM
ffffffff   RESET_VECTOR
ffffffff   _CACHE_L1D
ffffffff   _CACHE_L1P
ffffffff   _CACHE_L2
ffffffff   _DSPLINKMEM
ffffffff   _IRAM
ffffffff   _L1DSRAM
ffffffff   _POOLMEM
ffffffff   _RESET_VECTOR
ffffffff   ___TI_pprof_out_hndl
ffffffff   ___TI_prof_data_size
ffffffff   ___TI_prof_data_start
ffffffff   ___binit__
ffffffff   ___c_args__
ffffffff   ___pinit__
ffffffff   binit
ffffffff   pinit

[1055 symbols]
