******************************************************************************
               TMS320C6x Linker Unix v6.1.17                   
******************************************************************************
>> Linked Sat Jun 10 03:24:41 2017

OUTPUT FILE NAME:   <Release/pool_notify.out>
ENTRY POINT SYMBOL: "_c_int00"  address: 87e3a180


MEMORY CONFIGURATION

         name            origin    length      used     unused   attr    fill
----------------------  --------  ---------  --------  --------  ----  --------
  IRAM                  107f8000   00010000  00000000  00010000  RWIX
  CACHE_L2              10808000   00008000  00000000  00008000  RWIX
  CACHE_L1P             10e04000   00004000  00000000  00004000  RWIX
  L1DSRAM               10f04000   00004000  00000000  00004000  RWIX
  CACHE_L1D             10f10000   00008000  00000000  00008000  RWIX
  RESET_VECTOR          87e00000   00000080  00000000  00000080  RWIX
  DDR2                  87e00080   000fff80  0003b1a9  000c4dd7  RWIX
  DSPLINKMEM            87f00000   00030000  00000000  00030000  RWIX
  POOLMEM               87f30000   000d0000  00000000  000d0000  RWIX


SECTION ALLOCATION MAP

 output                                  attributes/
section   page    origin      length       input sections
--------  ----  ----------  ----------   ----------------
.vers      0    00000000    00000040     COPY SECTION
                  00000000    00000040     pool_notifycfg.obj (.vers)

.pinit     0    87e00080    00000000     UNINITIALIZED

.prd       0    87e00080    00000000     UNINITIALIZED

.data      0    87e00080    00000000     UNINITIALIZED

.hst       0    87e00080    00000000     UNINITIALIZED

.pip       0    87e00080    00000000     UNINITIALIZED

.DDR2$heap 
*          0    87e00080    00020000     UNINITIALIZED
                  87e00080    00020000     --HOLE--

.far       0    87e20080    0000a2ca     UNINITIALIZED
                  87e20080    00009ce8     dspMeanshift.obj (.far)
                  87e29d68    00000168     IQmath_RAM_c64x+.lib : IQmathTables.obj (.far)
                  87e29ed0    00000120     dsplink.lib : ips.obj (.far)
                  87e29ff0    000000d8     bios.a64P : knl.o64P (.far)
                  87e2a0c8    00000080     dsplinkpool.lib : dsplinkpool.obj (.far)
                  87e2a148    0000005c     bios.a64P : tsk.o64P (.far)
                  87e2a1a4    00000004     bios3430.a64P : bcache_wait.o64P (.far)
                  87e2a1a8    00000054     bios.a64P : obj_init.o64P (.far)
                  87e2a1fc    00000050               : tsk_stup.o64P (.far)
                  87e2a24c    00000004     bios3430.a64P : clk2430_data.o64P (.far)
                  87e2a250    00000020     bios.a64P : sys.o64P (.far)
                  87e2a270    00000020     pool_notify_config.obj (.far)
                  87e2a290    00000014     dsplink.lib : hal_interrupt.obj (.far)
                  87e2a2a4    00000014     task.obj (.far)
                  87e2a2b8    00000010     bios.a64P : exc.o64P (.far)
                  87e2a2c8    00000010               : knl_tick.o64P (.far)
                  87e2a2d8    0000000c               : hwi_disp.o64P (.far)
                  87e2a2e4    0000000c               : utl_putc.o64P (.far)
                  87e2a2f0    0000000c     bios3430.a64P : bcache_table.o64P (.far)
                  87e2a2fc    00000008     dsp_main.obj (.far)
                  87e2a304    00000008     dsplinkmpcs.lib : _mpcs.obj (.far)
                  87e2a30c    00000008     dsplinkmplist.lib : _mplist.obj (.far)
                  87e2a314    00000008     dsplinknotify.lib : _notify.obj (.far)
                  87e2a31c    00000008     dsplinkringio.lib : ringio.obj (.far)
                  87e2a324    00000008     rts64plus.lib : _lock.obj (.far)
                  87e2a32c    00000004     dsplink.lib : shm_drv.obj (.far)
                  87e2a330    00000008     rts64plus.lib : divf.obj (.far)
                  87e2a338    00000004     dsplinkdata.lib : dsplinkdata.obj (.far)
                  87e2a33c    00000004     dsplinkmpcs.lib : mpcs.obj (.far)
                  87e2a340    00000004     dsplinkmsg.lib : dsplinkmqt.obj (.far)
                  87e2a344    00000004     pool_notifycfg.obj (.far)
                  87e2a348    00000002     dsplink.lib : dsplink.obj (.far)

.sts       0    87e2a34c    00000010     
                  87e2a34c    00000010     pool_notifycfg.obj (.sts)

.idl       0    87e2a35c    00000004     UNINITIALIZED
                  87e2a35c    00000004     pool_notifycfg.obj (.idl)

.text      0    87e2a360    00008ec0     
                  87e2a360    00003060     dsplinkringio.lib : _ringio.obj (.text)
                  87e2d3c0    00000e60     dsplinkmpcs.lib : mpcs.obj (.text)
                  87e2e220    00000d40     dsplink.lib : ips.obj (.text)
                  87e2ef60    00000b60     dspMeanshift.obj (.text)
                  87e2fac0    00000b20     task.obj (.text)
                  87e305e0    000005a0     dsplink.lib : dsplink.obj (.text)
                  87e30b80    00000540     dsplinkpool.lib : sma_pool.obj (.text)
                  87e310c0    00000500     rts64plus.lib : divf.obj (.text:__divf)
                  87e315c0    00000460     dsplinkmpcs.lib : _mpcs.obj (.text)
                  87e31a20    00000200     rts64plus.lib : mpyf.obj (.text:__mpyf)
                  87e31c20    00000200     dsplinkmplist.lib : _mplist.obj (.text)
                  87e31e20    000001c0     dsplink.lib : hal_interrupt.obj (.text:DSPLINK_init)
                  87e31fe0    00000140     IQmath_c64x+.lib : IQNsqrt.obj (.text)
                  87e32120    00000120     dsplinknotify.lib : notify.obj (.text)
                  87e32240    00000100     IQmath_c64x+.lib : IQNdiv.obj (.text)
                  87e32340    00000100     dsp_main.obj (.text)
                  87e32440    00000100     dsplink.lib : hal_interrupt.obj (.text)
                  87e32540    000000e0                 : shm_drv.obj (.text:DSPLINK_init)
                  87e32620    000000e0     rts64plus.lib : cmpd.obj (.text:__cmpd)
                  87e32700    000000e0                   : atoi.obj (.text:_atoi)
                  87e327e0    000000e0                   : memset.obj (.text:_memset)
                  87e328c0    000000c0     dsplink.lib : dsplink.obj (.text:DSPLINK_init)
                  87e32980    000000c0     rts64plus.lib : divu.obj (.text:__divu)
                  87e32a40    000000c0     bios.a64P : tsk_stup.o64P (.text)
                  87e32b00    000000c0     dsplinknotify.lib : _notify.obj (.text)
                  87e32bc0    000000a0     dsplink.lib : dsplinkips.obj (.text:DSPLINK_init)
                  87e32c60    000000a0     dsplinkpool.lib : dsplinkpool.obj (.text:DSPLINK_init)
                  87e32d00    000000a0     rts64plus.lib : frcmpyf_div.obj (.text:__frcmpyf_div)
                  87e32da0    000000a0                   : remu.obj (.text:__remu)
                  87e32e40    000000a0                   : memcpy64.obj (.text:_memcpy)
                  87e32ee0    00000080                   : cmpf.obj (.text:__cmpf)
                  87e32f60    00000080                   : fixfu.obj (.text:__fixfu)
                  87e32fe0    00000060                   : cvtfd.obj (.text:__cvtfd)
                  87e33040    00000060                   : frcmpyf.obj (.text:__frcmpyf)
                  87e330a0    00000040     dsplinkdata.lib : dsplinkdata.obj (.text:DSPLINK_init)
                  87e330e0    00000040     dsplinkmsg.lib : dsplinkmqt.obj (.text:DSPLINK_init)
                  87e33120    00000040     rts64plus.lib : fltuf.obj (.text:__fltuf)
                  87e33160    00000040     dsplink.lib : hal.obj (.text)
                  87e331a0    00000020     rts64plus.lib : divf.obj (.text:___isnanf)
                  87e331c0    00000020                   : _lock.obj (.text:__nop)
                  87e331e0    00000020                   : _lock.obj (.text:__register_lock)
                  87e33200    00000020                   : _lock.obj (.text:__register_unlock)

.bios      0    87e33220    000043c0     
                  87e33220    00000520     bios.a64P : exc.o64P (.bios)
                  87e33740    000004e0               : hwi_disp_asm.o64P (.bios)
                  87e33c20    000004c0               : swi.o64P (.bios)
                  87e340e0    00000380               : prd.o64P (.bios)
                  87e34460    00000340               : tsk_crea.o64P (.bios)
                  87e347a0    00000240               : knl_run.o64P (.bios)
                  87e349e0    00000200               : sem_pend.o64P (.bios)
                  87e34be0    00000200     bios3430.a64P : clk2430.o64P (.bios)
                  87e34de0    000001e0     bios.a64P : mem_allo.o64P (.bios:.near)
                  87e34fc0    000001e0               : c62_plug.o64P (.bios)
                  87e351a0    000001e0               : exc_asm.o64P (.bios)
                  87e35380    000001e0               : knl_tick.o64P (.bios)
                  87e35560    000001c0               : mem_free.o64P (.bios:.near)
                  87e35720    000001c0               : sem_dopo.o64P (.bios)
                  87e358e0    000001c0     bios3430.a64P : clk.o64P (.bios)
                  87e35aa0    000001a0     bios.a64P : tsk_setu.o64P (.bios)
                  87e35c40    00000180               : knl_swit.o64P (.bios)
                  87e35dc0    00000140               : autoinit.o64P (.bios)
                  87e35f00    00000140               : knl_read.o64P (.bios)
                  87e36040    00000140               : tsk_exit.o64P (.bios)
                  87e36180    00000140     bios3430.a64P : bcache_init.o64P (.bios)
                  87e362c0    00000140                   : clk2430_reconfig.o64P (.bios)
                  87e36400    00000120     bios.a64P : gbl_cacheinit64P.o64P (.bios)
                  87e36520    00000120               : knl_chec.o64P (.bios)
                  87e36640    00000120               : tsk_stup.o64P (.bios)
                  87e36760    00000100     bios3430.a64P : bcache_block.o64P (.bios)
                  87e36860    000000e0     bios.a64P : sem_post_asm.o64P (.bios)
                  87e36940    000000c0               : knl_exit.o64P (.bios)
                  87e36a00    000000a0               : knl_star.o64P (.bios)
                  87e36aa0    000000a0               : sem_post.o64P (.bios)
                  87e36b40    000000a0               : sys_exit.o64P (.bios)
                  87e36be0    00000080               : hwi_disp.o64P (.bios)
                  87e36c60    00000080               : hwi_eventmap64P.o64P (.bios)
                  87e36ce0    00000080               : knl_ipos.o64P (.bios)
                  87e36d60    00000080               : knl_post.o64P (.bios)
                  87e36de0    00000080               : lck.o64P (.bios)
                  87e36e60    00000080               : log.o64P (.bios)
                  87e36ee0    00000080               : obj_crea.o64P (.bios)
                  87e36f60    00000080     bios3430.a64P : bcache_all.o64P (.bios)
                  87e36fe0    00000080                   : bcache_wait.o64P (.bios)
                  87e37060    00000060     bios.a64P : mem_vall.o64P (.bios:.near)
                  87e370c0    00000060               : sys_erro.o64P (.bios:.near)
                  87e37120    00000060               : fxn.o64P (.bios)
                  87e37180    00000060               : hwi_c.o64P (.bios)
                  87e371e0    00000060               : obj_dele.o64P (.bios)
                  87e37240    00000060               : sem_pend_counting.o64P (.bios)
                  87e372a0    00000060               : sts.o64P (.bios)
                  87e37300    00000060               : swi_disable.o64P (.bios)
                  87e37360    00000060               : sys_abor.o64P (.bios)
                  87e373c0    00000060               : utl_putc.o64P (.bios)
                  87e37420    00000040               : c62_c.o64P (.bios)
                  87e37460    00000040               : que_get.o64P (.bios)
                  87e374a0    00000040               : utl_doab.o64P (.bios)
                  87e374e0    00000020               : fxn_c.o64P (.bios)
                  87e37500    00000020               : gbl_vers.o64P (.bios)
                  87e37520    00000020               : hook_setenv.o64P (.bios)
                  87e37540    00000020               : idl.o64P (.bios)
                  87e37560    00000020               : sts_set.o64P (.bios)
                  87e37580    00000020               : utl_doer.o64P (.bios)
                  87e375a0    00000020               : utl_halt.o64P (.bios)
                  87e375c0    00000020     bios3430.a64P : clk2430_gethtime.o64P (.bios)

.stack     0    87e375e0    00001000     UNINITIALIZED
                  87e375e0    00001000     --HOLE--

.cinit     0    87e385e0    00000d7c     
                  87e385e0    0000030c     pool_notifycfg.obj (.cinit)
                  87e388ec    00000004     --HOLE-- [fill = 0]
                  87e388f0    0000026c     bios.a64P : biosdata.o64P (.cinit)
                  87e38b5c    00000004     --HOLE-- [fill = 0]
                  87e38b60    000001a4               : knl.o64P (.cinit)
                  87e38d04    00000004     --HOLE-- [fill = 0]
                  87e38d08    00000188     IQmath_RAM_c64x+.lib : IQmathTables.obj (.cinit)
                  87e38e90    000000b0     bios.a64P : swi.o64P (.cinit)
                  87e38f40    00000070               : tsk.o64P (.cinit)
                  87e38fb0    00000060               : tsk_stup.o64P (.cinit)
                  87e39010    0000003c               : exc.o64P (.cinit)
                  87e3904c    00000004     --HOLE-- [fill = 0]
                  87e39050    0000003c     dspMeanshift.obj (.cinit)
                  87e3908c    00000004     --HOLE-- [fill = 0]
                  87e39090    00000036     pool_notify_config.obj (.cinit)
                  87e390c6    00000002     --HOLE-- [fill = 0]
                  87e390c8    00000034     bios.a64P : hwi.o64P (.cinit)
                  87e390fc    00000004     --HOLE-- [fill = 0]
                  87e39100    0000002c               : utl_putc.o64P (.cinit)
                  87e3912c    00000004     --HOLE-- [fill = 0]
                  87e39130    00000028     dsplink.lib : ips.obj (.cinit)
                  87e39158    00000024     bios.a64P : obj_init.o64P (.cinit)
                  87e3917c    00000004     --HOLE-- [fill = 0]
                  87e39180    0000001c               : exc_asm.o64P (.cinit)
                  87e3919c    00000004     --HOLE-- [fill = 0]
                  87e391a0    0000001c               : sys.o64P (.cinit)
                  87e391bc    00000004     --HOLE-- [fill = 0]
                  87e391c0    0000001c     dsplinkmpcs.lib : _mpcs.obj (.cinit)
                  87e391dc    00000004     --HOLE-- [fill = 0]
                  87e391e0    0000001c     dsplinkmplist.lib : _mplist.obj (.cinit)
                  87e391fc    00000004     --HOLE-- [fill = 0]
                  87e39200    0000001c     dsplinknotify.lib : _notify.obj (.cinit)
                  87e3921c    00000004     --HOLE-- [fill = 0]
                  87e39220    0000001c     dsplinkringio.lib : ringio.obj (.cinit)
                  87e3923c    00000004     --HOLE-- [fill = 0]
                  87e39240    0000001c     rts64plus.lib : _lock.obj (.cinit)
                  87e3925c    00000004     --HOLE-- [fill = 0]
                  87e39260    0000001c     task.obj (.cinit)
                  87e3927c    00000004     --HOLE-- [fill = 0]
                  87e39280    00000018     bios.a64P : knl_tick.o64P (.cinit)
                  87e39298    00000014               : hwi_disp.o64P (.cinit)
                  87e392ac    00000004     --HOLE-- [fill = 0]
                  87e392b0    00000014     bios3430.a64P : bcache_table.o64P (.cinit)
                  87e392c4    00000004     --HOLE-- [fill = 0]
                  87e392c8    00000010     rts64plus.lib : divf.obj (.cinit)
                  87e392d8    0000000c     bios.a64P : knl_star.o64P (.cinit)
                  87e392e4    00000004     --HOLE-- [fill = 0]
                  87e392e8    0000000c               : knl_swit.o64P (.cinit)
                  87e392f4    00000004     --HOLE-- [fill = 0]
                  87e392f8    0000000c               : pool.o64P (.cinit)
                  87e39304    00000004     --HOLE-- [fill = 0]
                  87e39308    0000000c     bios3430.a64P : bcache_wait.o64P (.cinit)
                  87e39314    00000004     --HOLE-- [fill = 0]
                  87e39318    0000000c     dsplink.lib : shm_drv.obj (.cinit)
                  87e39324    00000004     --HOLE-- [fill = 0]
                  87e39328    0000000c     dsplinkmsg.lib : dsplinkmqt.obj (.cinit)
                  87e39334    00000004     --HOLE-- [fill = 0]
                  87e39338    0000000a     bios.a64P : pool_init.o64P (.cinit)
                  87e39342    00000006     --HOLE-- [fill = 0]
                  87e39348    0000000a     dsplink.lib : dsplink.obj (.cinit)
                  87e39352    00000006     --HOLE-- [fill = 0]
                  87e39358    00000004     (.pad.cinit) [fill = 0]

.idlcal    0    87e3935c    00000004     UNINITIALIZED
                  87e3935c    00000004     pool_notifycfg.obj (.idlcal)

.const     0    87e39360    00000a0d     
                  87e39360    00000404     IQmath_RAM_c64x+.lib : IQmathTables.obj (.const:_IQdivTable)
                  87e39764    00000004     bios.a64P : mem_allo.o64P (.const)
                  87e39768    00000204     IQmath_RAM_c64x+.lib : IQmathTables.obj (.const:_IQisqrtTable)
                  87e3996c    00000193     bios.a64P : exc.o64P (.const)
                  87e39aff    00000001     --HOLE-- [fill = 0]
                  87e39b00    00000101     rts64plus.lib : ctype.obj (.const:__ctypes_)
                  87e39c01    0000004e     bios.a64P : pool_init.o64P (.const)
                  87e39c4f    0000004e               : tsk_stup.o64P (.const)
                  87e39c9d    00000023               : utl_doab.o64P (.const)
                  87e39cc0    00000022               : utl_doer.o64P (.const)
                  87e39ce2    00000019     dsplinkmplist.lib : _mplist.obj (.const:.string)
                  87e39cfb    00000019     dsplinkringio.lib : _ringio.obj (.const:.string)
                  87e39d14    00000012     dsplinkmpcs.lib : _mpcs.obj (.const:.string)
                  87e39d26    00000012                     : mpcs.obj (.const:.string)
                  87e39d38    00000012     dsplinkpool.lib : sma_pool.obj (.const:.string)
                  87e39d4a    00000002     --HOLE-- [fill = 0]
                  87e39d4c    00000010                     : sma_pool.obj (.const)
                  87e39d5c    0000000b     dsplink.lib : dsplink.obj (.const:.string)
                  87e39d67    00000004     bios.a64P : mem_free.o64P (.const)
                  87e39d6b    00000001     --HOLE-- [fill = 0]
                  87e39d6c    00000001               : tsk.o64P (.const)

.printf    0    87e39d6d    0000001a     COPY SECTION
                  87e39d6d    0000001a     pool_notifycfg.obj (.printf)

.sys       0    87e39d70    00000010     UNINITIALIZED
                  87e39d70    00000010     pool_notifycfg.obj (.sys)

.sysinit   0    87e39d80    000005e0     
                  87e39d80    000002e0     pool_notifycfg.obj (.sysinit)
                  87e3a060    00000120     bios.a64P : pool_init.o64P (.sysinit)
                  87e3a180    000000c0               : boot.o64P (.sysinit)
                  87e3a240    000000a0               : mem_init.o64P (.sysinit)
                  87e3a2e0    00000060               : tsk_init.o64P (.sysinit)
                  87e3a340    00000020               : obj_init.o64P (.sysinit)

.TSK_idle$stk 
*          0    87e3a360    00000400     UNINITIALIZED
                  87e3a360    00000400     pool_notifycfg.obj (.TSK_idle$stk)

.bss       0    87e3a760    00000336     UNINITIALIZED
                  87e3a760    00000100     bios.a64P : hwi_disp_asm.o64P (.bss)
                  87e3a860    000000cc               : biosdata.o64P (.bss)
                  87e3a92c    0000009c               : swi.o64P (.bss)
                  87e3a9c8    00000048               : knl.o64P (.bss)
                  87e3aa10    00000020               : exc_asm.o64P (.bss)
                  87e3aa30    00000018               : hwi.o64P (.bss)
                  87e3aa48    00000010               : exc.o64P (.bss)
                  87e3aa58    00000010     pool_notifycfg.obj (.bss)
                  87e3aa68    0000000c     bios.a64P : tsk.o64P (.bss)
                  87e3aa74    00000008               : clk_data.o64P (.bss)
                  87e3aa7c    00000008               : sys.o64P (.bss)
                  87e3aa84    00000004               : clk_data2.o64P (.bss)
                  87e3aa88    00000004               : knl_star.o64P (.bss)
                  87e3aa8c    00000004               : mem_asm.o64P (.bss)
                  87e3aa90    00000004               : pool.o64P (.bss)
                  87e3aa94    00000002               : pool_init.o64P (.bss)

.tsk       0    87e3aa98    00000060     UNINITIALIZED
                  87e3aa98    00000060     pool_notifycfg.obj (.tsk)

.clk       0    87e3aaf8    00000008     UNINITIALIZED
                  87e3aaf8    00000008     pool_notifycfg.obj (.clk)

.LOG_system$buf 
*          0    87e3ab00    00000100     UNINITIALIZED
                  87e3ab00    00000100     pool_notifycfg.obj (.LOG_system$buf)

.hwi_vec   0    87e3ac00    00000200     
                  87e3ac00    00000200     pool_notifycfg.obj (.hwi_vec)

.trace     0    87e3ae00    00000200     
                  87e3ae00    00000200     --HOLE-- [fill = 00000000]

.data:DSPLINK_shmBaseAddress 
*          0    87e3b000    00000084     
                  87e3b000    00000084     dsplink.lib : dsplink.obj (.data:DSPLINK_shmBaseAddress) [fill = c3f05000]

.args      0    87e3b084    00000050     
                  87e3b084    00000050     --HOLE-- [fill = 0]

.swi       0    87e3b0d4    0000002c     UNINITIALIZED
                  87e3b0d4    0000002c     pool_notifycfg.obj (.swi)

.trace$buf 
*          0    87e3b100    00000080     UNINITIALIZED
                  87e3b100    00000080     pool_notifycfg.obj (.trace$buf)

.switch    0    87e3b180    0000003c     
                  87e3b180    0000002c     task.obj (.switch)
                  87e3b1ac    00000010     dsplinkringio.lib : _ringio.obj (.switch)

.gblinit   0    87e3b1bc    00000034     
                  87e3b1bc    00000034     pool_notifycfg.obj (.gblinit)

.log       0    87e3b1f0    00000030     
                  87e3b1f0    00000030     pool_notifycfg.obj (.log)

.trcdata   0    87e3b220    0000000c     
                  87e3b220    0000000c     bios.a64P : trc.o64P (.trcdata)

.mem       0    87e3b22c    00000004     UNINITIALIZED
                  87e3b22c    00000004     pool_notifycfg.obj (.mem)


GLOBAL SYMBOLS: SORTED ALPHABETICALLY BY Name 

address    name
--------   ----
87e3a760   $bss
87e3a760   .bss
87e00080   .data
87e2a360   .text
87e39d80   BIOS_init
87e39fcc   BIOS_start
00000000   BUF$
00000001   BUF_ENABLED
ffffffff   CACHE_L1D
ffffffff   CACHE_L1P
ffffffff   CACHE_L2
00000001   CLK$
87e3aaf8   CLK_A_TABBEG
00000001   CLK_CALDIV
00000001   CLK_CALMULT
00050910   CLK_COUNTSPMS
00000005   CLK_COUNTSPMSHIGH
87e3a888   CLK_D_idletime
87e3a884   CLK_D_isrhook
87e3a880   CLK_D_tabbeg
87e3a87c   CLK_D_timefxn
00000001   CLK_ENABLEHTIME
87e358e0   CLK_F_getltime
87e358f0   CLK_F_isr
87e35a40   CLK_F_itime
87e33740   CLK_HOOKFXN
00000001   CLK_HTIMEDIV
00000001   CLK_HTIMEMULT
00050910   CLK_HTIMEPERLTIME
00004b00   CLK_INPUTCLK
00004000   CLK_INTBIT
00000001   CLK_LTIMEDIV
00050910   CLK_LTIMEMULT
000003e8   CLK_MICROSECS
00004b00   CLK_PRD
00000000   CLK_PRDHIGH
49038000   CLK_REGS
00000000   CLK_RESETTIMER
87e3a878   CLK_R_time
00000020   CLK_TCR
00000000   CLK_TDDR
00000000   CLK_TDDRHIGH
87e375c0   CLK_TIMEFXN
00000000   CLK_TIMERNUM
00000005   CLK_TIMMODE
00000001   CLK_USETIMER
87e3aafc   CLK_null
87e3aa64   DDR2
87e00080   DDR2$B
00020000   DDR2$L
00000000   DEV$
00000000   DGN$
00000000   DHL$
00000000   DHL_gChannelsAvailable
00000000   DIO$
00000000   DIO_NUMSWIBASE
00000000   DIO_NUMTSKBASE
00000000   DIO_STATIC
00000000   DPI$
ffffffff   DSPLINKMEM
00000000   ECM$
00000000   ECM_ENABLE
ffffffff   ECM_EVTMASK0
ffffffff   ECM_EVTMASK1
ffffffff   ECM_EVTMASK2
ffffffff   ECM_EVTMASK3
0000000a   EVENT10
00000064   EVENT100
00000065   EVENT101
00000066   EVENT102
00000067   EVENT103
00000068   EVENT104
00000069   EVENT105
0000006a   EVENT106
0000006b   EVENT107
0000006c   EVENT108
0000006d   EVENT109
0000000b   EVENT11
0000006e   EVENT110
0000006f   EVENT111
00000070   EVENT112
00000071   EVENT113
00000072   EVENT114
00000073   EVENT115
00000074   EVENT116
00000075   EVENT117
00000076   EVENT118
00000077   EVENT119
0000000c   EVENT12
00000078   EVENT120
00000079   EVENT121
0000007a   EVENT122
0000007b   EVENT123
0000007c   EVENT124
0000007d   EVENT125
0000007e   EVENT126
0000007f   EVENT127
0000000d   EVENT13
0000000e   EVENT14
0000000f   EVENT15
00000010   EVENT16
00000011   EVENT17
00000012   EVENT18
00000013   EVENT19
00000014   EVENT20
00000015   EVENT21
00000016   EVENT22
00000017   EVENT23
00000018   EVENT24
00000019   EVENT25
0000001a   EVENT26
0000001b   EVENT27
0000001c   EVENT28
0000001d   EVENT29
0000001e   EVENT30
0000001f   EVENT31
00000020   EVENT32
00000021   EVENT33
00000022   EVENT34
00000023   EVENT35
00000024   EVENT36
00000025   EVENT37
00000026   EVENT38
00000027   EVENT39
00000004   EVENT4
00000028   EVENT40
00000029   EVENT41
0000002a   EVENT42
0000002b   EVENT43
0000002c   EVENT44
0000002d   EVENT45
0000002e   EVENT46
0000002f   EVENT47
00000030   EVENT48
00000031   EVENT49
00000005   EVENT5
00000032   EVENT50
00000033   EVENT51
00000034   EVENT52
00000035   EVENT53
00000036   EVENT54
00000037   EVENT55
00000038   EVENT56
00000039   EVENT57
0000003a   EVENT58
0000003b   EVENT59
00000006   EVENT6
0000003c   EVENT60
0000003d   EVENT61
0000003e   EVENT62
0000003f   EVENT63
00000040   EVENT64
00000041   EVENT65
00000042   EVENT66
00000043   EVENT67
00000044   EVENT68
00000045   EVENT69
00000007   EVENT7
00000046   EVENT70
00000047   EVENT71
00000048   EVENT72
00000049   EVENT73
0000004a   EVENT74
0000004b   EVENT75
0000004c   EVENT76
0000004d   EVENT77
0000004e   EVENT78
0000004f   EVENT79
00000008   EVENT8
00000050   EVENT80
00000051   EVENT81
00000052   EVENT82
00000053   EVENT83
00000054   EVENT84
00000055   EVENT85
00000056   EVENT86
00000057   EVENT87
00000058   EVENT88
00000059   EVENT89
00000009   EVENT9
0000005a   EVENT90
0000005b   EVENT91
0000005c   EVENT92
0000005d   EVENT93
0000005e   EVENT94
0000005f   EVENT95
00000060   EVENT96
00000061   EVENT97
00000062   EVENT98
00000063   EVENT99
87e37120   FXN_F_nop
87e37124   FXN_F_run
87e37160   FXN_F_zero
00000001   GBL$
00005205   GBL_A_VERSION
00000000   GBL_BCACHEREADADDR0
00000000   GBL_BCACHEREADADDR1
00000000   GBL_BCACHEREADADDR2
00000000   GBL_BIGENDIAN
00000000   GBL_CACHE
00000000   GBL_CALLCSLCFGINIT
00004e20   GBL_CLKIN
00000d66   GBL_CLKTYPE
00001963   GBL_DSPSUBTYPE
0000003e   GBL_DSPTYPE
00000000   GBL_ENABLEINST
00000000   GBL_ENABLE_SK
00000042   GBL_FOOTPRINT
00050910   GBL_FREQ
00000000   GBL_GEMTRUECOMPEN
00000007   GBL_L1DMODE
00000003   GBL_L1PMODE
00000001   GBL_L2CONFIGURE
00000000   GBL_L2MAR0_31
00000080   GBL_L2MAR128_159
00000000   GBL_L2MAR160_191
00000000   GBL_L2MAR192_223
00000000   GBL_L2MAR224_255
00000000   GBL_L2MAR32_63
00000000   GBL_L2MAR64_95
00000000   GBL_L2MAR96_127
00000001   GBL_L2MODE
00000000   GBL_NULL
00000000   GBL_PROCID
00000000   GBL_ROM
00000000   GBL_SUPPORTCSL
00004000   GBL_TRCMASKVALUE
00000000   GBL_USERINIT
87e374e0   GBL_USERINITFXN
00000001   GBL_boot
87e3b228   GBL_initdone
87e375e0   GBL_stackbeg
87e385df   GBL_stackend
00000000   GIO$
87e374e0   GIO_CREATEFXN
87e374e0   GIO_DELETEFXN
87e374e0   GIO_PENDFXN
87e374e0   GIO_POSTFXN
00000000   HOOK$
00000000   HOOK_KNLID
00000000   HST$
87e00080   HST_A_TABBEG
87e00080   HST_A_TABEND
00000000   HST_DSM
87e3aa64   HST_DSMBUFSEG
00000400   HST_DSMMEMSIZE
87e3a8f4   HST_D_chanmask
87e3a8f8   HST_D_tabbeg
87e3a8fc   HST_D_tabend
00000100   HST_MAXFRAMEALLOWED
00000000   HST_MAXFRAMESET
00000001   HST_NONE
00000000   HST_RTDX
00000001   HWI$
87e3ac00   HWI_A_VECS
00004000   HWI_CFGDISPATCHED
87e3aa40   HWI_D_bss
87e3aa44   HWI_D_ccmask
87e3aa30   HWI_D_spsave
00000001   HWI_ENABLE_EXC
87e33740   HWI_F_dispatch
00000000   HWI_GENERATE_RESET_VEC
0000000a   HWI_INT10
00000000   HWI_INT10$hwi
0000000b   HWI_INT11
00000000   HWI_INT11$hwi
0000000c   HWI_INT12
00000000   HWI_INT12$hwi
0000000d   HWI_INT13
00000000   HWI_INT13$hwi
0000000e   HWI_INT14
00000000   HWI_INT14$hwi
0000000f   HWI_INT15
00000000   HWI_INT15$hwi
00000004   HWI_INT4
00000000   HWI_INT4$hwi
00000005   HWI_INT5
00000000   HWI_INT5$hwi
00000006   HWI_INT6
00000000   HWI_INT6$hwi
00000007   HWI_INT7
00000000   HWI_INT7$hwi
00000008   HWI_INT8
00000000   HWI_INT8$hwi
00000009   HWI_INT9
00000000   HWI_INT9$hwi
07060504   HWI_INTRMUX1
0a0a0908   HWI_INTRMUX2
34330d0b   HWI_INTRMUX3
00000001   HWI_NMI
00000000   HWI_NMI$hwi
00000000   HWI_POLARITYMASK
00000002   HWI_RESERVED0
00000000   HWI_RESERVED0$hwi
00000003   HWI_RESERVED1
00000000   HWI_RESERVED1$hwi
00000000   HWI_RESET
00000000   HWI_RESET$hwi
00000000   HWI_ZEROTAB
00000000   IDL$
87e3935c   IDL_A_CALBEG
87e2a35c   IDL_A_TABBEG
00000000   IDL_CALIBRERROR
00000000   IDL_CALIBRFXN
87e3a868   IDL_D_calbeg
87e3a864   IDL_D_calibrate
87e3a860   IDL_D_tabbeg
87e2a35c   IDL_END
87e3935c   IDL_END$
87e37540   IDL_F_loop
00000000   IDL_USECLKIDLTIME
ffffffff   IRAM
00000001   ISRC$
87e35d98   KNL_glue
87e3b0d4   KNL_swi
00000001   KNL_swi$dorta
00000000   KNL_swi$ord
00000000   KNL_swi$pri
87e2a350   KNL_swi$sts
87e39d7d   KNL_swi$sts$avgfmt
00000002   KNL_swi$sts$filter
00000001   KNL_swi$sts$filtmaxmult
00000001   KNL_swi$sts$filtsummult
87e39d6d   KNL_swi$sts$maxfmt
87e2a34c   KNL_swi$sts$stsobj
87e39d75   KNL_swi$sts$sumfmt
00000000   KNL_swi$sts$unittype
00000000   KNL_swi$swi
ffffffff   L1DSRAM
00000001   LCK$
00000001   LOG$
87e3b1f0   LOG_A_TABBEG
87e3b220   LOG_A_TABEND
00000002   LOG_A_TABLEN
87e3a86c   LOG_D_system
00000001   LOG_ENABLED
87e36e60   LOG_F_event
87e3b1f0   LOG_system
87e3ab00   LOG_system$buf
00000000   LOG_system$datatype
00000000   LOG_system$log
00000040   LOG_system$size
00000000   MBX$
00000001   MEM$
87e3aa64   MEM_MALLOCSEG
00000000   MEM_NULL
87e3aa64   MEM_SEGZERO
00000000   MEM_USEMPC
00000001   MEM_gNumHeap
00000000   MSGQ$
00000000   MSGQ_USEMSGQ
00000000   OBJ$
00000000   PIP$
87e00080   PIP_A_TABBEG
87e00080   PIP_A_TABEND
00000000   PIP_A_TABLEN
87e3a870   PIP_D_tabbeg
87e3a874   PIP_D_tablen
00000064   PIP_OBJSIZE
00000000   PIP_gNextId
00000000   PIP_gNumEmbed
00000001   POOL$
ffffffff   POOLMEM
00000001   POOL_USEPOOL
00000001   PRD$
87e00080   PRD_A_TABBEG
87e00080   PRD_A_TABEND
00000000   PRD_A_TABLEN
87e3a8b0   PRD_D_cur
87e3a8b4   PRD_D_elapsed
87e3a8b8   PRD_D_prevtim
87e3a8bc   PRD_D_scalar
87e3a8c0   PRD_D_swihandle
87e3a8c4   PRD_D_tabbeg
87e3a8c8   PRD_D_tablen
87e3a8cc   PRD_D_thook
87e3a8ac   PRD_D_tick
87e340e0   PRD_F_swi
87e34364   PRD_F_tick
00000001   PRD_SCALAR
00000000   PRD_SWIHANDLE
87e3554c   PRD_THOOKFXN
87e3aaf8   PRD_clock
00000001   PWRM$
00000000   PWRM_PWRM_CAPSMASK
0000000a   PWRM_PWRM_CLKTICKSPERSLOT
00000000   PWRM_PWRM_ENABLE
00000000   PWRM_PWRM_LOADENABLE
00000001   PWRM_PWRM_NUMSLOTS
00000000   PWRM_PWRM_RESOURCETRACKING
00000000   PWRM_PWRM_SCALING
87e374e0   PWRM_PWRM_SHAREDRESOURCEFXN
87e374e0   PWRM_PWRM_SLOTHOOKFXN
00000000   PWRM_PWRM_TIMERIDNUM
00000000   PWRM_PWRM_TIMERINTRMASK
00000000   PWRM_PWRM_TIMERWUGENMASK
00000000   PWRM_PWRM_USERRESOURCES
00000000   PWRM_PWRM_USETIMER
00000001   QUE$
ffffffff   RESET_VECTOR
87e3a8d0   RTA_D_fromHost
87e3a8d8   RTA_D_logval
87e3a8e8   RTA_D_stsval
87e3a8d4   RTA_D_toHost
00000000   RTDX$
00000408   RTDX_BUFMEMSIZE
87e3aa64   RTDX_DATAMEMSEG
00000000   RTDX_MODE
00000000   RTDX_USERTDX
00000000   RTDX_USERTEXECUTION
00000000   SEM$
00000000   SIO$
00000000   STS$
87e2a34c   STS_A_TABBEG
87e2a35c   STS_A_TABEND
87e372cc   STS_F_add
87e372a0   STS_F_delta
87e372e8   STS_F_reset
00000001   SWI$
87e3b0d4   SWI_A_TABBEG
87e3b100   SWI_A_TABEND
00000001   SWI_A_TABLEN
87e3a944   SWI_D_curfxn
87e3a934   SWI_D_curmask
87e3a940   SWI_D_curmbox
87e3a938   SWI_D_curset
87e3a930   SWI_D_execaddr
87e3a94c   SWI_D_inswi
87e3a93c   SWI_D_lock
87e3a948   SWI_D_rdybeg
87e3a950   SWI_D_rdytab
87e3a92c   SWI_D_runaddr
00000000   SWI_EHOOKFXN
87e33e04   SWI_EXECFXN
87e33c20   SWI_F_enable
87e33e04   SWI_F_exec
87e33e2c   SWI_F_iexec
87e33c90   SWI_F_post
87e33eac   SWI_F_run
00000000   SWI_IHOOKFXN
87e33eac   SWI_RUNFXN
00000001   SYS$
87e39d70   SYS$config
87e374a0   SYS_ABORTFXN
87e37580   SYS_ERRORFXN
87e375a0   SYS_EXITFXN
87e373c0   SYS_PUTCFXN
87e3b224   TRC_R_mask
87e3b220   TRC_cinit
00000001   TSK$
00000000   TSK_NUM_HOOKS
00000001   TSK_PRIORITY
00000000   TSK_READYFXN
87e3aa64   TSK_STACKSEG
00000400   TSK_STACKSIZE
00000000   TSK_SWITCHFXN
87e374e0   TSK_VCREATEFXN
87e374e0   TSK_VDELETEFXN
87e374e0   TSK_VEXITFXN
87e3aaa4   TSK_idle
00000000   TSK_idle$ord
00000000   TSK_idle$pri
87e3a360   TSK_idle$stack
87e3a6f8   TSK_idle$stkptr
00000000   TSK_idle$tsk
00000000   UDEV$
87e36214   _BCACHE_bootInit
87e36294   _BCACHE_getMar
87e36244   _BCACHE_getSize
87e36850   _BCACHE_inv
87e36fd0   _BCACHE_invL1pAll
87e36214   _BCACHE_setCacheToSram
87e361c4   _BCACHE_setMar
87e36180   _BCACHE_setSize
87e36fe0   _BCACHE_wait
87e36840   _BCACHE_wb
87e36fc0   _BCACHE_wbAll
87e3682c   _BCACHE_wbInv
87e36fac   _BCACHE_wbInvAll
87e39d80   _BIOS_init
87e39fcc   _BIOS_start
87e3744c   _C62_clearIFR
87e37420   _C62_disableIER
87e34fc8   _C62_dispatchPlug
87e37438   _C62_enableIER
87e34fc0   _C62_plug
87e3744c   _C64_clearIFR
87e37420   _C64_disableIER
87e34fc8   _C64_dispatchPlug
87e37438   _C64_enableIER
87e34fc0   _C64_plug
ffffffff   _CACHE_L1D
ffffffff   _CACHE_L1P
ffffffff   _CACHE_L2
00050910   _CLK_COUNTSPMS
87e3aa74   _CLK_DFLTMICROSECS
87e3a8a8   _CLK_D_countspms
87e3a89c   _CLK_D_dirty
87e3aa78   _CLK_D_microseconds
87e3a8a0   _CLK_D_prd
87e3a8a4   _CLK_D_tddr
87e35a40   _CLK_F_itime
00004b00   _CLK_PRD
49038000   _CLK_REGS
00000000   _CLK_TDDR
00000000   _CLK_TIMERNUM
00000001   _CLK_USETIMER
87e375c0   _CLK_gethtime
49038000   _CLK_gptimer
87e2a344   _CLK_gptimer_enablemask
87e3a88c   _CLK_htimeDiv
87e3a890   _CLK_htimeMult
87e3aa84   _CLK_htimePerLtime
87e2a24c   _CLK_inputClock
87e35a40   _CLK_itime
87e3a894   _CLK_ltimeDiv
87e3a898   _CLK_ltimeMult
87e362ec   _CLK_reconfig
87e34c44   _CLK_start
87e34be0   _CLK_stop
87e2f6a8   _CalcWeight
87e3aa64   _DDR2
87e00080   _DDR2_base
00020000   _DDR2_length
87e2a338   _DSPLINKDATA_ctrlPtr
87e330a0   _DSPLINKDATA_init
87e32bc0   _DSPLINKIPS_init
ffffffff   _DSPLINKMEM
87e2a340   _DSPLINKMQT_ctrlPtr
87e330e0   _DSPLINKMQT_init
87e2a0c8   _DSPLINKPOOL_ctrlPtr
87e32c60   _DSPLINKPOOL_init
87e328c0   _DSPLINK_init
87e3b000   _DSPLINK_shmBaseAddress
87e3b008   _DSPLINK_shmBaseAddress_pad
0000000a   _EVENT10
00000064   _EVENT100
00000065   _EVENT101
00000066   _EVENT102
00000067   _EVENT103
00000068   _EVENT104
00000069   _EVENT105
0000006a   _EVENT106
0000006b   _EVENT107
0000006c   _EVENT108
0000006d   _EVENT109
0000000b   _EVENT11
0000006e   _EVENT110
0000006f   _EVENT111
00000070   _EVENT112
00000071   _EVENT113
00000072   _EVENT114
00000073   _EVENT115
00000074   _EVENT116
00000075   _EVENT117
00000076   _EVENT118
00000077   _EVENT119
0000000c   _EVENT12
00000078   _EVENT120
00000079   _EVENT121
0000007a   _EVENT122
0000007b   _EVENT123
0000007c   _EVENT124
0000007d   _EVENT125
0000007e   _EVENT126
0000007f   _EVENT127
0000000d   _EVENT13
0000000e   _EVENT14
0000000f   _EVENT15
00000010   _EVENT16
00000011   _EVENT17
00000012   _EVENT18
00000013   _EVENT19
00000014   _EVENT20
00000015   _EVENT21
00000016   _EVENT22
00000017   _EVENT23
00000018   _EVENT24
00000019   _EVENT25
0000001a   _EVENT26
0000001b   _EVENT27
0000001c   _EVENT28
0000001d   _EVENT29
0000001e   _EVENT30
0000001f   _EVENT31
00000020   _EVENT32
00000021   _EVENT33
00000022   _EVENT34
00000023   _EVENT35
00000024   _EVENT36
00000025   _EVENT37
00000026   _EVENT38
00000027   _EVENT39
00000004   _EVENT4
00000028   _EVENT40
00000029   _EVENT41
0000002a   _EVENT42
0000002b   _EVENT43
0000002c   _EVENT44
0000002d   _EVENT45
0000002e   _EVENT46
0000002f   _EVENT47
00000030   _EVENT48
00000031   _EVENT49
00000005   _EVENT5
00000032   _EVENT50
00000033   _EVENT51
00000034   _EVENT52
00000035   _EVENT53
00000036   _EVENT54
00000037   _EVENT55
00000038   _EVENT56
00000039   _EVENT57
0000003a   _EVENT58
0000003b   _EVENT59
00000006   _EVENT6
0000003c   _EVENT60
0000003d   _EVENT61
0000003e   _EVENT62
0000003f   _EVENT63
00000040   _EVENT64
00000041   _EVENT65
00000042   _EVENT66
00000043   _EVENT67
00000044   _EVENT68
00000045   _EVENT69
00000007   _EVENT7
00000046   _EVENT70
00000047   _EVENT71
00000048   _EVENT72
00000049   _EVENT73
0000004a   _EVENT74
0000004b   _EVENT75
0000004c   _EVENT76
0000004d   _EVENT77
0000004e   _EVENT78
0000004f   _EVENT79
00000008   _EVENT8
00000050   _EVENT80
00000051   _EVENT81
00000052   _EVENT82
00000053   _EVENT83
00000054   _EVENT84
00000055   _EVENT85
00000056   _EVENT86
00000057   _EVENT87
00000058   _EVENT88
00000059   _EVENT89
00000009   _EVENT9
0000005a   _EVENT90
0000005b   _EVENT91
0000005c   _EVENT92
0000005d   _EVENT93
0000005e   _EVENT94
0000005f   _EVENT95
00000060   _EVENT96
00000061   _EVENT97
00000062   _EVENT98
00000063   _EVENT99
87e33710   _EXC_clearLastStatus
87e351a0   _EXC_dispatch
87e33594   _EXC_exceptionHandler
87e3aa48   _EXC_exceptionHook
87e33560   _EXC_external
87e3aa50   _EXC_externalHook
87e33540   _EXC_getLastStatus
87e33500   _EXC_init
87e33254   _EXC_internal
87e3aa4c   _EXC_internalHook
87e33220   _EXC_nmi
87e3aa54   _EXC_nmiHook
87e3aa18   _EXC_returnPtr
87e35364   _EXC_setReturnPtr
87e2a2b8   _EXC_status
87e3aa10   _EXC_sysTrapTable
87e374e0   _FXN_F_nop
87e37124   _FXN_F_run
87e37160   _FXN_F_zero
00000000   _GBL_CACHE
87e36464   _GBL_cacheInit64P
87e3a904   _GBL_clkIn
87e3a908   _GBL_freq
87e37500   _GBL_getVersion
87e3a900   _GBL_procId
87e33188   _HAL_exit
87e33160   _HAL_init
87e32518   _HAL_intClear
87e324ec   _HAL_intDisable
87e324c0   _HAL_intEnable
87e31f40   _HAL_intInit
87e31e20   _HAL_intRegister
87e324b0   _HAL_intSend
87e32440   _HAL_intWaitClear
87e2f14c   _HC_Epanechnikov_kernel
87e2f3f0   _HC_pdf_representation_target
87e37520   _HOOK_setenv
87e00080   _HST_A_TABBEG
87e00080   _HST_A_TABEND
87e2a2d8   _HWI_ATTRS
00004000   _HWI_CFGDISPATCHED
87e3aa3c   _HWI_D_inhwi
87e3aa30   _HWI_D_spsave
87e33740   _HWI_F_dispatch
0000000a   _HWI_INT10
0000000b   _HWI_INT11
0000000c   _HWI_INT12
0000000d   _HWI_INT13
0000000e   _HWI_INT14
0000000f   _HWI_INT15
00000004   _HWI_INT4
00000005   _HWI_INT5
00000006   _HWI_INT6
00000007   _HWI_INT7
00000008   _HWI_INT8
00000009   _HWI_INT9
00000001   _HWI_NMI
00000002   _HWI_RESERVED0
00000003   _HWI_RESERVED1
00000000   _HWI_RESET
87e385d8   _HWI_STKBOTTOM
87e375e0   _HWI_STKTOP
87e3aa30   _HWI_data
87e37180   _HWI_disable
87e36be0   _HWI_dispatchPlug
87e3a760   _HWI_dispatchTab
87e37198   _HWI_enable
87e36c60   _HWI_eventMap
87e371ac   _HWI_restore
87e37540   _IDL_loop
87e2ed98   _IPS_clearReserved
87e2ece4   _IPS_exit
87e2eb80   _IPS_init
87e2e5f8   _IPS_isNotReserved
87e2e974   _IPS_notify
87e2e620   _IPS_register
87e2e5d0   _IPS_setReserved
87e2e220   _IPS_unregister
87e39360   _IQdivTable
87e29e58   _IQexpTableCoeff
87e29d68   _IQexpTableMinMax
87e39768   _IQisqrtTable
87e29ea8   _IQlogTableCoeff
87e29e80   _IQlog_TableCoeff
ffffffff   _IRAM
87e3a9d0   _KNL_alarm
87e36520   _KNL_check
87e3a9f4   _KNL_curqueue
87e3a9e4   _KNL_curtask
87e3a9ec   _KNL_curtime
87e2a090   _KNL_dummy
87e36980   _KNL_enter
87e36940   _KNL_exit
87e365e8   _KNL_idle
87e3aa0c   _KNL_idlefxn
87e3a9d8   _KNL_inactive
87e36ce0   _KNL_ipost
87e36610   _KNL_max
87e3a9f8   _KNL_maxqueue
87e36d60   _KNL_post
87e3a9e8   _KNL_prevtask
87e3a9dc   _KNL_priority
87e29ff0   _KNL_queues
87e35f00   _KNL_ready
87e347a0   _KNL_run
87e35c40   _KNL_saveIsrFrame
87e3a9e0   _KNL_set
87e3a9d4   _KNL_setpri
87e36a00   _KNL_start
87e3b0d4   _KNL_swi
87e3a9f0   _KNL_swiptr
87e35cec   _KNL_switch
87e3aa00   _KNL_tcreatefxn
87e3aa04   _KNL_tdeletefxn
87e3554c   _KNL_tick
87e3aa08   _KNL_treadyfxn
87e3a9fc   _KNL_tswitchfxn
87e3a9c8   _KNL_wFlag
87e3a9cc   _KNL_wList
ffffffff   _L1DSRAM
87e36e00   _LCK_pend
87e36de0   _LCK_post
87e3b1f0   _LOG_A_TABBEG
87e3b220   _LOG_A_TABEND
00000002   _LOG_A_TABLEN
87e3a86c   _LOG_D_system
87e36e60   _LOG_event
87e3b1f0   _LOG_system
87e3aa8c   _MEM
87e3a90c   _MEM_D_NUMSEGMENTS
87e3a914   _MEM_D_freelist
87e3a918   _MEM_D_lockaddr
87e3a910   _MEM_D_memtab
87e3a91c   _MEM_D_unlockaddr
87e34de0   _MEM_alloc
87e35560   _MEM_free
87e3a240   _MEM_init
87e3aa58   _MEM_memtab
87e37060   _MEM_valloc
87e2a2fc   _MPCSXFER_BufferSize
87e2a300   _MPCSXFER_NumIterations
87e2e154   _MPCS_close
87e2dc04   _MPCS_create
87e2a308   _MPCS_csObj
87e2a304   _MPCS_ctrlPtr
87e2d740   _MPCS_delete
87e2d54c   _MPCS_enter
87e319b4   _MPCS_exit
87e31834   _MPCS_init
87e2d420   _MPCS_leave
87e2d3c0   _MPCS_open
87e2a30c   _MPLIST_ctrlPtr
87e31da0   _MPLIST_exit
87e31c20   _MPLIST_init
87e2a310   _MPLIST_mpcsObj
87e2a314   _NOTIFY_ctrlPtr
87e32b00   _NOTIFY_init
87e321d4   _NOTIFY_notify
87e2a318   _NOTIFY_numIps
87e32174   _NOTIFY_register
87e32120   _NOTIFY_unregister
87e36ee0   _OBJ_create
87e371e0   _OBJ_delete
87e3a340   _OBJ_init
87e2a1e0   _OBJ_segtab
87e2a1a8   _OBJ_table
87e00080   _PIP_A_TABBEG
87e00080   _PIP_A_TABEND
87e3aa90   _POOL
ffffffff   _POOLMEM
87e2a288   _POOL_config
87e3a060   _POOL_init
87e30ae4   _POOL_open
87e3a8ac   _PRD_D_tick
87e3aaf8   _PRD_clock
87e37460   _QUE_get
87e37488   _QUE_put
ffffffff   _RESET_VECTOR
87e2a31c   _RingIO_ctrlPtr
87e2d318   _RingIO_exit
87e2d198   _RingIO_init
87e2a320   _RingIO_mpcsObj
87e37240   _SEM_pend
87e349e0   _SEM_pendEnterKnl
87e36860   _SEM_post
87e36860   _SEM_postBinary
87e36aa0   _SEM_postEnterKnl
87e32554   _SHMDRV_handshake
87e32540   _SHMDRV_init
87e39d4c   _SMAPOOL_FXNS
87e30ecc   _SMAPOOL_alloc
87e30cd0   _SMAPOOL_free
87e30cb8   _SMAPOOL_init
87e30b80   _SMAPOOL_open
87e2a34c   _STS_A_TABBEG
87e2a35c   _STS_A_TABEND
87e372cc   _STS_add
87e372a0   _STS_delta
87e372e8   _STS_reset
87e37560   _STS_set
87e3a944   _SWI_D_curfxn
87e3a934   _SWI_D_curmask
87e3a938   _SWI_D_curset
87e3a930   _SWI_D_execaddr
87e3a94c   _SWI_D_inswi
87e3a93c   _SWI_D_lock
87e3a948   _SWI_D_rdybeg
87e3a92c   _SWI_D_runaddr
87e3a92c   _SWI_data
87e37300   _SWI_disable
87e37324   _SWI_enable
87e33c90   _SWI_post
87e3a920   _SYS
87e3ae00   _SYS_PUTCBEG
87e3afff   _SYS_PUTCEND
87e37360   _SYS_abort
87e370c0   _SYS_error
87e36b40   _SYS_exit
87e2a250   _SYS_exitStack
87e3aa7c   _SYS_exitStackPtr
87e3aa80   _SYS_exitStackTop
87e2a270   _SamplePoolParams
87e3b224   _TRC_R_mask
87e3aa70   _TSK
87e2a148   _TSK_ATTRS
87e2a164   _TSK_config
87e34460   _TSK_create
87e36040   _TSK_exit
87e3aaa4   _TSK_idle
87e3a2e0   _TSK_init
87e3aa68   _TSK_nTasks
87e3aa6c   _TSK_pid
87e35aa0   _TSK_setup
87e366e4   _TSK_startup
87e2a184   _TSK_timerSem
87e2fb20   _Task_create
87e30334   _Task_delete
87e2fce4   _Task_execute
87e374a0   _UTL_doAbort
87e37580   _UTL_doError
87e373c0   _UTL_doPutc
87e375a0   _UTL_halt
87e2a1a4   __BCACHE_emifAddr
87e2a2f0   __BCACHE_readTable
87e35a5c   __CLK_lat1beg
87e35a80   __CLK_lat1end
87e305e0   __DSPLINK_init
87e3a928   __HOOK_NUMHOOKS
87e3a924   __HOOK_knlId
87e33740   __HWI_lat1beg
87e338c8   __HWI_lat1end
87e338c8   __HWI_lat2beg
87e33aa4   __HWI_lat2end1
87e33a30   __HWI_lat2end2
87e33ac0   __HWI_lat3beg
87e33a60   __HWI_lat3end2
87e32240   __IQNdiv
87e31fe0   __IQNsqrt
87e3656c   __KNL_lat1beg
87e365e8   __KNL_lat1end
87e36e60   __LOG_lat1beg
87e2a224   __MEM_mutex
87e315c0   __MPCS_open
48004000   __PWRM_CM_BASEADDR
5d000000   __PWRM_IVAMMU_BASEADDR
48306000   __PWRM_PRM_BASEADDR
48002000   __PWRM_SCM_BASEADDR
00000000   __PWRM_TIMERBASEADDR
00000020   __PWRM_TIMERINPUTCLK
00000000   __PWRM_TIMERINTRMASK
0000000a   __PWRM_TIMERPERIOD
00000000   __PWRM_USETIMER
87e37460   __QUE_lat1beg
87e37480   __QUE_lat1end
87e37488   __QUE_lat2beg
87e37494   __QUE_lat2end
87e2cf8c   __RingIO_callNotifier
87e2cea8   __RingIO_checkNotifier
87e2c954   __RingIO_getContiguousDataSize
87e2b940   __RingIO_getFirstAcquiredAttr
87e2a614   __RingIO_getFirstAttr
87e2ab84   __RingIO_initInstance
87e2b9f0   __RingIO_invalidateDataBuffer
87e2ca70   __RingIO_readerAcquire
87e2c7a8   __RingIO_readerCancel
87e2c290   __RingIO_readerFlush
87e2bec8   __RingIO_readerGetvAttribute
87e2bacc   __RingIO_readerRelease
87e2a714   __RingIO_releaseAttribute
87e2b148   __RingIO_updateAttributes
87e2b704   __RingIO_writerAcquire
87e2b318   __RingIO_writerCancel
87e2ac44   __RingIO_writerFlush
87e2a7f8   __RingIO_writerRelease
87e2a360   __RingIO_writerSetvAttribute
87e35720   __SEM_dopost
00001000   __STACK_SIZE
87e33d98   __SWI_lat1beg
87e33e44   __SWI_lat1end
87e33e48   __SWI_lat2beg
87e33ea8   __SWI_lat2end
87e33c20   __SWI_lat3beg
87e33c8c   __SWI_lat3end
87e2a1fc   __TSK_mutex
ffffffff   ___TI_pprof_out_hndl
ffffffff   ___TI_prof_data_size
ffffffff   ___TI_prof_data_start
ffffffff   ___binit__
87e3a760   ___bss__
ffffffff   ___c_args__
87e385e0   ___cinit__
87e00080   ___data__
87e00080   ___edata__
87e3aa96   ___end__
87e33220   ___etext__
ffffffff   ___pinit__
87e2a360   ___text__
87e35dc0   __auto_init
87e32620   __cmpd
87e32ee0   __cmpf
87e39b00   __ctypes_
87e32fe0   __cvtfd
87e310c0   __divf
87e32980   __divu
87e32f60   __fixfu
87e33120   __fltuf
87e33040   __frcmpyf
87e32d00   __frcmpyf_div
87e2a324   __lock
87e31a20   __mpyf
87e331c0   __nop
87e331e0   __register_lock
87e33200   __register_unlock
87e32da0   __remu
87e375e0   __stack
87e2a328   __unlock
87e32700   _atoi
87e24f78   _bin
87e20080   _binWidth
87e3a180   _c_int00
87e20082   _cfgMaxIter
87e2a2a4   _dspColor
87e2a2ac   _dspRectangle
87e2a2a8   _dspResFrame
87e2a2b0   _function
87e2f8b0   _initTarget
87e2f9e0   _initWeight
87e20088   _kernel
87e32340   _main
87e32e40   _memcpy
87e327e0   _memset
87e2f550   _pdf_representation
87e2a278   _pool_notify_Pools
87e24f38   _target_candidate
87e24e78   _target_model
87e3b208   _trace
ffffffff   binit
87e385e0   cinit
87e00080   edata
87e3aa96   end
87e33220   etext
87e3ac00   hwi0
87e3ac20   hwi1
87e3ad40   hwi10
87e3ad60   hwi11
87e3ad80   hwi12
87e3ada0   hwi13
87e3adc0   hwi14
87e3ade0   hwi15
87e3ac40   hwi2
87e3ac60   hwi3
87e3ac80   hwi4
87e3aca0   hwi5
87e3acc0   hwi6
87e3ace0   hwi7
87e3ad00   hwi8
87e3ad20   hwi9
ffffffff   pinit
87e3b208   trace
87e3b100   trace$buf
00000001   trace$datatype
00000000   trace$log
00000020   trace$size


GLOBAL SYMBOLS: SORTED BY Symbol Address 

address    name
--------   ----
00000000   BUF$
00000000   CLK_PRDHIGH
00000000   CLK_RESETTIMER
00000000   CLK_TDDR
00000000   CLK_TDDRHIGH
00000000   CLK_TIMERNUM
00000000   DEV$
00000000   DGN$
00000000   DHL$
00000000   DHL_gChannelsAvailable
00000000   DIO$
00000000   DIO_NUMSWIBASE
00000000   DIO_NUMTSKBASE
00000000   DIO_STATIC
00000000   DPI$
00000000   ECM$
00000000   ECM_ENABLE
00000000   GBL_BCACHEREADADDR0
00000000   GBL_BCACHEREADADDR1
00000000   GBL_BCACHEREADADDR2
00000000   GBL_BIGENDIAN
00000000   GBL_CACHE
00000000   GBL_CALLCSLCFGINIT
00000000   GBL_ENABLEINST
00000000   GBL_ENABLE_SK
00000000   GBL_GEMTRUECOMPEN
00000000   GBL_L2MAR0_31
00000000   GBL_L2MAR160_191
00000000   GBL_L2MAR192_223
00000000   GBL_L2MAR224_255
00000000   GBL_L2MAR32_63
00000000   GBL_L2MAR64_95
00000000   GBL_L2MAR96_127
00000000   GBL_NULL
00000000   GBL_PROCID
00000000   GBL_ROM
00000000   GBL_SUPPORTCSL
00000000   GBL_USERINIT
00000000   GIO$
00000000   HOOK$
00000000   HOOK_KNLID
00000000   HST$
00000000   HST_DSM
00000000   HST_MAXFRAMESET
00000000   HST_RTDX
00000000   HWI_GENERATE_RESET_VEC
00000000   HWI_INT10$hwi
00000000   HWI_INT11$hwi
00000000   HWI_INT12$hwi
00000000   HWI_INT13$hwi
00000000   HWI_INT14$hwi
00000000   HWI_INT15$hwi
00000000   HWI_INT4$hwi
00000000   HWI_INT5$hwi
00000000   HWI_INT6$hwi
00000000   HWI_INT7$hwi
00000000   HWI_INT8$hwi
00000000   HWI_INT9$hwi
00000000   HWI_NMI$hwi
00000000   HWI_POLARITYMASK
00000000   HWI_RESERVED0$hwi
00000000   HWI_RESERVED1$hwi
00000000   HWI_RESET
00000000   HWI_RESET$hwi
00000000   HWI_ZEROTAB
00000000   IDL$
00000000   IDL_CALIBRERROR
00000000   IDL_CALIBRFXN
00000000   IDL_USECLKIDLTIME
00000000   KNL_swi$ord
00000000   KNL_swi$pri
00000000   KNL_swi$sts$unittype
00000000   KNL_swi$swi
00000000   LOG_system$datatype
00000000   LOG_system$log
00000000   MBX$
00000000   MEM_NULL
00000000   MEM_USEMPC
00000000   MSGQ$
00000000   MSGQ_USEMSGQ
00000000   OBJ$
00000000   PIP$
00000000   PIP_A_TABLEN
00000000   PIP_gNextId
00000000   PIP_gNumEmbed
00000000   PRD_A_TABLEN
00000000   PRD_SWIHANDLE
00000000   PWRM_PWRM_CAPSMASK
00000000   PWRM_PWRM_ENABLE
00000000   PWRM_PWRM_LOADENABLE
00000000   PWRM_PWRM_RESOURCETRACKING
00000000   PWRM_PWRM_SCALING
00000000   PWRM_PWRM_TIMERIDNUM
00000000   PWRM_PWRM_TIMERINTRMASK
00000000   PWRM_PWRM_TIMERWUGENMASK
00000000   PWRM_PWRM_USERRESOURCES
00000000   PWRM_PWRM_USETIMER
00000000   RTDX$
00000000   RTDX_MODE
00000000   RTDX_USERTDX
00000000   RTDX_USERTEXECUTION
00000000   SEM$
00000000   SIO$
00000000   STS$
00000000   SWI_EHOOKFXN
00000000   SWI_IHOOKFXN
00000000   TSK_NUM_HOOKS
00000000   TSK_READYFXN
00000000   TSK_SWITCHFXN
00000000   TSK_idle$ord
00000000   TSK_idle$pri
00000000   TSK_idle$tsk
00000000   UDEV$
00000000   _CLK_TDDR
00000000   _CLK_TIMERNUM
00000000   _GBL_CACHE
00000000   _HWI_RESET
00000000   __PWRM_TIMERBASEADDR
00000000   __PWRM_TIMERINTRMASK
00000000   __PWRM_USETIMER
00000000   trace$log
00000001   BUF_ENABLED
00000001   CLK$
00000001   CLK_CALDIV
00000001   CLK_CALMULT
00000001   CLK_ENABLEHTIME
00000001   CLK_HTIMEDIV
00000001   CLK_HTIMEMULT
00000001   CLK_LTIMEDIV
00000001   CLK_USETIMER
00000001   GBL$
00000001   GBL_L2CONFIGURE
00000001   GBL_L2MODE
00000001   GBL_boot
00000001   HST_NONE
00000001   HWI$
00000001   HWI_ENABLE_EXC
00000001   HWI_NMI
00000001   ISRC$
00000001   KNL_swi$dorta
00000001   KNL_swi$sts$filtmaxmult
00000001   KNL_swi$sts$filtsummult
00000001   LCK$
00000001   LOG$
00000001   LOG_ENABLED
00000001   MEM$
00000001   MEM_gNumHeap
00000001   POOL$
00000001   POOL_USEPOOL
00000001   PRD$
00000001   PRD_SCALAR
00000001   PWRM$
00000001   PWRM_PWRM_NUMSLOTS
00000001   QUE$
00000001   SWI$
00000001   SWI_A_TABLEN
00000001   SYS$
00000001   TSK$
00000001   TSK_PRIORITY
00000001   _CLK_USETIMER
00000001   _HWI_NMI
00000001   trace$datatype
00000002   HWI_RESERVED0
00000002   KNL_swi$sts$filter
00000002   LOG_A_TABLEN
00000002   _HWI_RESERVED0
00000002   _LOG_A_TABLEN
00000003   GBL_L1PMODE
00000003   HWI_RESERVED1
00000003   _HWI_RESERVED1
00000004   EVENT4
00000004   HWI_INT4
00000004   _EVENT4
00000004   _HWI_INT4
00000005   CLK_COUNTSPMSHIGH
00000005   CLK_TIMMODE
00000005   EVENT5
00000005   HWI_INT5
00000005   _EVENT5
00000005   _HWI_INT5
00000006   EVENT6
00000006   HWI_INT6
00000006   _EVENT6
00000006   _HWI_INT6
00000007   EVENT7
00000007   GBL_L1DMODE
00000007   HWI_INT7
00000007   _EVENT7
00000007   _HWI_INT7
00000008   EVENT8
00000008   HWI_INT8
00000008   _EVENT8
00000008   _HWI_INT8
00000009   EVENT9
00000009   HWI_INT9
00000009   _EVENT9
00000009   _HWI_INT9
0000000a   EVENT10
0000000a   HWI_INT10
0000000a   PWRM_PWRM_CLKTICKSPERSLOT
0000000a   _EVENT10
0000000a   _HWI_INT10
0000000a   __PWRM_TIMERPERIOD
0000000b   EVENT11
0000000b   HWI_INT11
0000000b   _EVENT11
0000000b   _HWI_INT11
0000000c   EVENT12
0000000c   HWI_INT12
0000000c   _EVENT12
0000000c   _HWI_INT12
0000000d   EVENT13
0000000d   HWI_INT13
0000000d   _EVENT13
0000000d   _HWI_INT13
0000000e   EVENT14
0000000e   HWI_INT14
0000000e   _EVENT14
0000000e   _HWI_INT14
0000000f   EVENT15
0000000f   HWI_INT15
0000000f   _EVENT15
0000000f   _HWI_INT15
00000010   EVENT16
00000010   _EVENT16
00000011   EVENT17
00000011   _EVENT17
00000012   EVENT18
00000012   _EVENT18
00000013   EVENT19
00000013   _EVENT19
00000014   EVENT20
00000014   _EVENT20
00000015   EVENT21
00000015   _EVENT21
00000016   EVENT22
00000016   _EVENT22
00000017   EVENT23
00000017   _EVENT23
00000018   EVENT24
00000018   _EVENT24
00000019   EVENT25
00000019   _EVENT25
0000001a   EVENT26
0000001a   _EVENT26
0000001b   EVENT27
0000001b   _EVENT27
0000001c   EVENT28
0000001c   _EVENT28
0000001d   EVENT29
0000001d   _EVENT29
0000001e   EVENT30
0000001e   _EVENT30
0000001f   EVENT31
0000001f   _EVENT31
00000020   CLK_TCR
00000020   EVENT32
00000020   _EVENT32
00000020   __PWRM_TIMERINPUTCLK
00000020   trace$size
00000021   EVENT33
00000021   _EVENT33
00000022   EVENT34
00000022   _EVENT34
00000023   EVENT35
00000023   _EVENT35
00000024   EVENT36
00000024   _EVENT36
00000025   EVENT37
00000025   _EVENT37
00000026   EVENT38
00000026   _EVENT38
00000027   EVENT39
00000027   _EVENT39
00000028   EVENT40
00000028   _EVENT40
00000029   EVENT41
00000029   _EVENT41
0000002a   EVENT42
0000002a   _EVENT42
0000002b   EVENT43
0000002b   _EVENT43
0000002c   EVENT44
0000002c   _EVENT44
0000002d   EVENT45
0000002d   _EVENT45
0000002e   EVENT46
0000002e   _EVENT46
0000002f   EVENT47
0000002f   _EVENT47
00000030   EVENT48
00000030   _EVENT48
00000031   EVENT49
00000031   _EVENT49
00000032   EVENT50
00000032   _EVENT50
00000033   EVENT51
00000033   _EVENT51
00000034   EVENT52
00000034   _EVENT52
00000035   EVENT53
00000035   _EVENT53
00000036   EVENT54
00000036   _EVENT54
00000037   EVENT55
00000037   _EVENT55
00000038   EVENT56
00000038   _EVENT56
00000039   EVENT57
00000039   _EVENT57
0000003a   EVENT58
0000003a   _EVENT58
0000003b   EVENT59
0000003b   _EVENT59
0000003c   EVENT60
0000003c   _EVENT60
0000003d   EVENT61
0000003d   _EVENT61
0000003e   EVENT62
0000003e   GBL_DSPTYPE
0000003e   _EVENT62
0000003f   EVENT63
0000003f   _EVENT63
00000040   EVENT64
00000040   LOG_system$size
00000040   _EVENT64
00000041   EVENT65
00000041   _EVENT65
00000042   EVENT66
00000042   GBL_FOOTPRINT
00000042   _EVENT66
00000043   EVENT67
00000043   _EVENT67
00000044   EVENT68
00000044   _EVENT68
00000045   EVENT69
00000045   _EVENT69
00000046   EVENT70
00000046   _EVENT70
00000047   EVENT71
00000047   _EVENT71
00000048   EVENT72
00000048   _EVENT72
00000049   EVENT73
00000049   _EVENT73
0000004a   EVENT74
0000004a   _EVENT74
0000004b   EVENT75
0000004b   _EVENT75
0000004c   EVENT76
0000004c   _EVENT76
0000004d   EVENT77
0000004d   _EVENT77
0000004e   EVENT78
0000004e   _EVENT78
0000004f   EVENT79
0000004f   _EVENT79
00000050   EVENT80
00000050   _EVENT80
00000051   EVENT81
00000051   _EVENT81
00000052   EVENT82
00000052   _EVENT82
00000053   EVENT83
00000053   _EVENT83
00000054   EVENT84
00000054   _EVENT84
00000055   EVENT85
00000055   _EVENT85
00000056   EVENT86
00000056   _EVENT86
00000057   EVENT87
00000057   _EVENT87
00000058   EVENT88
00000058   _EVENT88
00000059   EVENT89
00000059   _EVENT89
0000005a   EVENT90
0000005a   _EVENT90
0000005b   EVENT91
0000005b   _EVENT91
0000005c   EVENT92
0000005c   _EVENT92
0000005d   EVENT93
0000005d   _EVENT93
0000005e   EVENT94
0000005e   _EVENT94
0000005f   EVENT95
0000005f   _EVENT95
00000060   EVENT96
00000060   _EVENT96
00000061   EVENT97
00000061   _EVENT97
00000062   EVENT98
00000062   _EVENT98
00000063   EVENT99
00000063   _EVENT99
00000064   EVENT100
00000064   PIP_OBJSIZE
00000064   _EVENT100
00000065   EVENT101
00000065   _EVENT101
00000066   EVENT102
00000066   _EVENT102
00000067   EVENT103
00000067   _EVENT103
00000068   EVENT104
00000068   _EVENT104
00000069   EVENT105
00000069   _EVENT105
0000006a   EVENT106
0000006a   _EVENT106
0000006b   EVENT107
0000006b   _EVENT107
0000006c   EVENT108
0000006c   _EVENT108
0000006d   EVENT109
0000006d   _EVENT109
0000006e   EVENT110
0000006e   _EVENT110
0000006f   EVENT111
0000006f   _EVENT111
00000070   EVENT112
00000070   _EVENT112
00000071   EVENT113
00000071   _EVENT113
00000072   EVENT114
00000072   _EVENT114
00000073   EVENT115
00000073   _EVENT115
00000074   EVENT116
00000074   _EVENT116
00000075   EVENT117
00000075   _EVENT117
00000076   EVENT118
00000076   _EVENT118
00000077   EVENT119
00000077   _EVENT119
00000078   EVENT120
00000078   _EVENT120
00000079   EVENT121
00000079   _EVENT121
0000007a   EVENT122
0000007a   _EVENT122
0000007b   EVENT123
0000007b   _EVENT123
0000007c   EVENT124
0000007c   _EVENT124
0000007d   EVENT125
0000007d   _EVENT125
0000007e   EVENT126
0000007e   _EVENT126
0000007f   EVENT127
0000007f   _EVENT127
00000080   GBL_L2MAR128_159
00000100   HST_MAXFRAMEALLOWED
000003e8   CLK_MICROSECS
00000400   HST_DSMMEMSIZE
00000400   TSK_STACKSIZE
00000408   RTDX_BUFMEMSIZE
00000d66   GBL_CLKTYPE
00001000   __STACK_SIZE
00001963   GBL_DSPSUBTYPE
00004000   CLK_INTBIT
00004000   GBL_TRCMASKVALUE
00004000   HWI_CFGDISPATCHED
00004000   _HWI_CFGDISPATCHED
00004b00   CLK_INPUTCLK
00004b00   CLK_PRD
00004b00   _CLK_PRD
00004e20   GBL_CLKIN
00005205   GBL_A_VERSION
00020000   DDR2$L
00020000   _DDR2_length
00050910   CLK_COUNTSPMS
00050910   CLK_HTIMEPERLTIME
00050910   CLK_LTIMEMULT
00050910   GBL_FREQ
00050910   _CLK_COUNTSPMS
07060504   HWI_INTRMUX1
0a0a0908   HWI_INTRMUX2
34330d0b   HWI_INTRMUX3
48002000   __PWRM_SCM_BASEADDR
48004000   __PWRM_CM_BASEADDR
48306000   __PWRM_PRM_BASEADDR
49038000   CLK_REGS
49038000   _CLK_REGS
49038000   _CLK_gptimer
5d000000   __PWRM_IVAMMU_BASEADDR
87e00080   .data
87e00080   DDR2$B
87e00080   HST_A_TABBEG
87e00080   HST_A_TABEND
87e00080   PIP_A_TABBEG
87e00080   PIP_A_TABEND
87e00080   PRD_A_TABBEG
87e00080   PRD_A_TABEND
87e00080   _DDR2_base
87e00080   _HST_A_TABBEG
87e00080   _HST_A_TABEND
87e00080   _PIP_A_TABBEG
87e00080   _PIP_A_TABEND
87e00080   ___data__
87e00080   ___edata__
87e00080   edata
87e20080   _binWidth
87e20082   _cfgMaxIter
87e20088   _kernel
87e24e78   _target_model
87e24f38   _target_candidate
87e24f78   _bin
87e29d68   _IQexpTableMinMax
87e29e58   _IQexpTableCoeff
87e29e80   _IQlog_TableCoeff
87e29ea8   _IQlogTableCoeff
87e29ff0   _KNL_queues
87e2a090   _KNL_dummy
87e2a0c8   _DSPLINKPOOL_ctrlPtr
87e2a148   _TSK_ATTRS
87e2a164   _TSK_config
87e2a184   _TSK_timerSem
87e2a1a4   __BCACHE_emifAddr
87e2a1a8   _OBJ_table
87e2a1e0   _OBJ_segtab
87e2a1fc   __TSK_mutex
87e2a224   __MEM_mutex
87e2a24c   _CLK_inputClock
87e2a250   _SYS_exitStack
87e2a270   _SamplePoolParams
87e2a278   _pool_notify_Pools
87e2a288   _POOL_config
87e2a2a4   _dspColor
87e2a2a8   _dspResFrame
87e2a2ac   _dspRectangle
87e2a2b0   _function
87e2a2b8   _EXC_status
87e2a2d8   _HWI_ATTRS
87e2a2f0   __BCACHE_readTable
87e2a2fc   _MPCSXFER_BufferSize
87e2a300   _MPCSXFER_NumIterations
87e2a304   _MPCS_ctrlPtr
87e2a308   _MPCS_csObj
87e2a30c   _MPLIST_ctrlPtr
87e2a310   _MPLIST_mpcsObj
87e2a314   _NOTIFY_ctrlPtr
87e2a318   _NOTIFY_numIps
87e2a31c   _RingIO_ctrlPtr
87e2a320   _RingIO_mpcsObj
87e2a324   __lock
87e2a328   __unlock
87e2a338   _DSPLINKDATA_ctrlPtr
87e2a340   _DSPLINKMQT_ctrlPtr
87e2a344   _CLK_gptimer_enablemask
87e2a34c   KNL_swi$sts$stsobj
87e2a34c   STS_A_TABBEG
87e2a34c   _STS_A_TABBEG
87e2a350   KNL_swi$sts
87e2a35c   IDL_A_TABBEG
87e2a35c   IDL_END
87e2a35c   STS_A_TABEND
87e2a35c   _STS_A_TABEND
87e2a360   .text
87e2a360   __RingIO_writerSetvAttribute
87e2a360   ___text__
87e2a614   __RingIO_getFirstAttr
87e2a714   __RingIO_releaseAttribute
87e2a7f8   __RingIO_writerRelease
87e2ab84   __RingIO_initInstance
87e2ac44   __RingIO_writerFlush
87e2b148   __RingIO_updateAttributes
87e2b318   __RingIO_writerCancel
87e2b704   __RingIO_writerAcquire
87e2b940   __RingIO_getFirstAcquiredAttr
87e2b9f0   __RingIO_invalidateDataBuffer
87e2bacc   __RingIO_readerRelease
87e2bec8   __RingIO_readerGetvAttribute
87e2c290   __RingIO_readerFlush
87e2c7a8   __RingIO_readerCancel
87e2c954   __RingIO_getContiguousDataSize
87e2ca70   __RingIO_readerAcquire
87e2cea8   __RingIO_checkNotifier
87e2cf8c   __RingIO_callNotifier
87e2d198   _RingIO_init
87e2d318   _RingIO_exit
87e2d3c0   _MPCS_open
87e2d420   _MPCS_leave
87e2d54c   _MPCS_enter
87e2d740   _MPCS_delete
87e2dc04   _MPCS_create
87e2e154   _MPCS_close
87e2e220   _IPS_unregister
87e2e5d0   _IPS_setReserved
87e2e5f8   _IPS_isNotReserved
87e2e620   _IPS_register
87e2e974   _IPS_notify
87e2eb80   _IPS_init
87e2ece4   _IPS_exit
87e2ed98   _IPS_clearReserved
87e2f14c   _HC_Epanechnikov_kernel
87e2f3f0   _HC_pdf_representation_target
87e2f550   _pdf_representation
87e2f6a8   _CalcWeight
87e2f8b0   _initTarget
87e2f9e0   _initWeight
87e2fb20   _Task_create
87e2fce4   _Task_execute
87e30334   _Task_delete
87e305e0   __DSPLINK_init
87e30ae4   _POOL_open
87e30b80   _SMAPOOL_open
87e30cb8   _SMAPOOL_init
87e30cd0   _SMAPOOL_free
87e30ecc   _SMAPOOL_alloc
87e310c0   __divf
87e315c0   __MPCS_open
87e31834   _MPCS_init
87e319b4   _MPCS_exit
87e31a20   __mpyf
87e31c20   _MPLIST_init
87e31da0   _MPLIST_exit
87e31e20   _HAL_intRegister
87e31f40   _HAL_intInit
87e31fe0   __IQNsqrt
87e32120   _NOTIFY_unregister
87e32174   _NOTIFY_register
87e321d4   _NOTIFY_notify
87e32240   __IQNdiv
87e32340   _main
87e32440   _HAL_intWaitClear
87e324b0   _HAL_intSend
87e324c0   _HAL_intEnable
87e324ec   _HAL_intDisable
87e32518   _HAL_intClear
87e32540   _SHMDRV_init
87e32554   _SHMDRV_handshake
87e32620   __cmpd
87e32700   _atoi
87e327e0   _memset
87e328c0   _DSPLINK_init
87e32980   __divu
87e32b00   _NOTIFY_init
87e32bc0   _DSPLINKIPS_init
87e32c60   _DSPLINKPOOL_init
87e32d00   __frcmpyf_div
87e32da0   __remu
87e32e40   _memcpy
87e32ee0   __cmpf
87e32f60   __fixfu
87e32fe0   __cvtfd
87e33040   __frcmpyf
87e330a0   _DSPLINKDATA_init
87e330e0   _DSPLINKMQT_init
87e33120   __fltuf
87e33160   _HAL_init
87e33188   _HAL_exit
87e331c0   __nop
87e331e0   __register_lock
87e33200   __register_unlock
87e33220   _EXC_nmi
87e33220   ___etext__
87e33220   etext
87e33254   _EXC_internal
87e33500   _EXC_init
87e33540   _EXC_getLastStatus
87e33560   _EXC_external
87e33594   _EXC_exceptionHandler
87e33710   _EXC_clearLastStatus
87e33740   CLK_HOOKFXN
87e33740   HWI_F_dispatch
87e33740   _HWI_F_dispatch
87e33740   __HWI_lat1beg
87e338c8   __HWI_lat1end
87e338c8   __HWI_lat2beg
87e33a30   __HWI_lat2end2
87e33a60   __HWI_lat3end2
87e33aa4   __HWI_lat2end1
87e33ac0   __HWI_lat3beg
87e33c20   SWI_F_enable
87e33c20   __SWI_lat3beg
87e33c8c   __SWI_lat3end
87e33c90   SWI_F_post
87e33c90   _SWI_post
87e33d98   __SWI_lat1beg
87e33e04   SWI_EXECFXN
87e33e04   SWI_F_exec
87e33e2c   SWI_F_iexec
87e33e44   __SWI_lat1end
87e33e48   __SWI_lat2beg
87e33ea8   __SWI_lat2end
87e33eac   SWI_F_run
87e33eac   SWI_RUNFXN
87e340e0   PRD_F_swi
87e34364   PRD_F_tick
87e34460   _TSK_create
87e347a0   _KNL_run
87e349e0   _SEM_pendEnterKnl
87e34be0   _CLK_stop
87e34c44   _CLK_start
87e34de0   _MEM_alloc
87e34fc0   _C62_plug
87e34fc0   _C64_plug
87e34fc8   _C62_dispatchPlug
87e34fc8   _C64_dispatchPlug
87e351a0   _EXC_dispatch
87e35364   _EXC_setReturnPtr
87e3554c   PRD_THOOKFXN
87e3554c   _KNL_tick
87e35560   _MEM_free
87e35720   __SEM_dopost
87e358e0   CLK_F_getltime
87e358f0   CLK_F_isr
87e35a40   CLK_F_itime
87e35a40   _CLK_F_itime
87e35a40   _CLK_itime
87e35a5c   __CLK_lat1beg
87e35a80   __CLK_lat1end
87e35aa0   _TSK_setup
87e35c40   _KNL_saveIsrFrame
87e35cec   _KNL_switch
87e35d98   KNL_glue
87e35dc0   __auto_init
87e35f00   _KNL_ready
87e36040   _TSK_exit
87e36180   _BCACHE_setSize
87e361c4   _BCACHE_setMar
87e36214   _BCACHE_bootInit
87e36214   _BCACHE_setCacheToSram
87e36244   _BCACHE_getSize
87e36294   _BCACHE_getMar
87e362ec   _CLK_reconfig
87e36464   _GBL_cacheInit64P
87e36520   _KNL_check
87e3656c   __KNL_lat1beg
87e365e8   _KNL_idle
87e365e8   __KNL_lat1end
87e36610   _KNL_max
87e366e4   _TSK_startup
87e3682c   _BCACHE_wbInv
87e36840   _BCACHE_wb
87e36850   _BCACHE_inv
87e36860   _SEM_post
87e36860   _SEM_postBinary
87e36940   _KNL_exit
87e36980   _KNL_enter
87e36a00   _KNL_start
87e36aa0   _SEM_postEnterKnl
87e36b40   _SYS_exit
87e36be0   _HWI_dispatchPlug
87e36c60   _HWI_eventMap
87e36ce0   _KNL_ipost
87e36d60   _KNL_post
87e36de0   _LCK_post
87e36e00   _LCK_pend
87e36e60   LOG_F_event
87e36e60   _LOG_event
87e36e60   __LOG_lat1beg
87e36ee0   _OBJ_create
87e36fac   _BCACHE_wbInvAll
87e36fc0   _BCACHE_wbAll
87e36fd0   _BCACHE_invL1pAll
87e36fe0   _BCACHE_wait
87e37060   _MEM_valloc
87e370c0   _SYS_error
87e37120   FXN_F_nop
87e37124   FXN_F_run
87e37124   _FXN_F_run
87e37160   FXN_F_zero
87e37160   _FXN_F_zero
87e37180   _HWI_disable
87e37198   _HWI_enable
87e371ac   _HWI_restore
87e371e0   _OBJ_delete
87e37240   _SEM_pend
87e372a0   STS_F_delta
87e372a0   _STS_delta
87e372cc   STS_F_add
87e372cc   _STS_add
87e372e8   STS_F_reset
87e372e8   _STS_reset
87e37300   _SWI_disable
87e37324   _SWI_enable
87e37360   _SYS_abort
87e373c0   SYS_PUTCFXN
87e373c0   _UTL_doPutc
87e37420   _C62_disableIER
87e37420   _C64_disableIER
87e37438   _C62_enableIER
87e37438   _C64_enableIER
87e3744c   _C62_clearIFR
87e3744c   _C64_clearIFR
87e37460   _QUE_get
87e37460   __QUE_lat1beg
87e37480   __QUE_lat1end
87e37488   _QUE_put
87e37488   __QUE_lat2beg
87e37494   __QUE_lat2end
87e374a0   SYS_ABORTFXN
87e374a0   _UTL_doAbort
87e374e0   GBL_USERINITFXN
87e374e0   GIO_CREATEFXN
87e374e0   GIO_DELETEFXN
87e374e0   GIO_PENDFXN
87e374e0   GIO_POSTFXN
87e374e0   PWRM_PWRM_SHAREDRESOURCEFXN
87e374e0   PWRM_PWRM_SLOTHOOKFXN
87e374e0   TSK_VCREATEFXN
87e374e0   TSK_VDELETEFXN
87e374e0   TSK_VEXITFXN
87e374e0   _FXN_F_nop
87e37500   _GBL_getVersion
87e37520   _HOOK_setenv
87e37540   IDL_F_loop
87e37540   _IDL_loop
87e37560   _STS_set
87e37580   SYS_ERRORFXN
87e37580   _UTL_doError
87e375a0   SYS_EXITFXN
87e375a0   _UTL_halt
87e375c0   CLK_TIMEFXN
87e375c0   _CLK_gethtime
87e375e0   GBL_stackbeg
87e375e0   _HWI_STKTOP
87e375e0   __stack
87e385d8   _HWI_STKBOTTOM
87e385df   GBL_stackend
87e385e0   ___cinit__
87e385e0   cinit
87e3935c   IDL_A_CALBEG
87e3935c   IDL_END$
87e39360   _IQdivTable
87e39768   _IQisqrtTable
87e39b00   __ctypes_
87e39d4c   _SMAPOOL_FXNS
87e39d6d   KNL_swi$sts$maxfmt
87e39d70   SYS$config
87e39d75   KNL_swi$sts$sumfmt
87e39d7d   KNL_swi$sts$avgfmt
87e39d80   BIOS_init
87e39d80   _BIOS_init
87e39fcc   BIOS_start
87e39fcc   _BIOS_start
87e3a060   _POOL_init
87e3a180   _c_int00
87e3a240   _MEM_init
87e3a2e0   _TSK_init
87e3a340   _OBJ_init
87e3a360   TSK_idle$stack
87e3a6f8   TSK_idle$stkptr
87e3a760   $bss
87e3a760   .bss
87e3a760   _HWI_dispatchTab
87e3a760   ___bss__
87e3a860   IDL_D_tabbeg
87e3a864   IDL_D_calibrate
87e3a868   IDL_D_calbeg
87e3a86c   LOG_D_system
87e3a86c   _LOG_D_system
87e3a870   PIP_D_tabbeg
87e3a874   PIP_D_tablen
87e3a878   CLK_R_time
87e3a87c   CLK_D_timefxn
87e3a880   CLK_D_tabbeg
87e3a884   CLK_D_isrhook
87e3a888   CLK_D_idletime
87e3a88c   _CLK_htimeDiv
87e3a890   _CLK_htimeMult
87e3a894   _CLK_ltimeDiv
87e3a898   _CLK_ltimeMult
87e3a89c   _CLK_D_dirty
87e3a8a0   _CLK_D_prd
87e3a8a4   _CLK_D_tddr
87e3a8a8   _CLK_D_countspms
87e3a8ac   PRD_D_tick
87e3a8ac   _PRD_D_tick
87e3a8b0   PRD_D_cur
87e3a8b4   PRD_D_elapsed
87e3a8b8   PRD_D_prevtim
87e3a8bc   PRD_D_scalar
87e3a8c0   PRD_D_swihandle
87e3a8c4   PRD_D_tabbeg
87e3a8c8   PRD_D_tablen
87e3a8cc   PRD_D_thook
87e3a8d0   RTA_D_fromHost
87e3a8d4   RTA_D_toHost
87e3a8d8   RTA_D_logval
87e3a8e8   RTA_D_stsval
87e3a8f4   HST_D_chanmask
87e3a8f8   HST_D_tabbeg
87e3a8fc   HST_D_tabend
87e3a900   _GBL_procId
87e3a904   _GBL_clkIn
87e3a908   _GBL_freq
87e3a90c   _MEM_D_NUMSEGMENTS
87e3a910   _MEM_D_memtab
87e3a914   _MEM_D_freelist
87e3a918   _MEM_D_lockaddr
87e3a91c   _MEM_D_unlockaddr
87e3a920   _SYS
87e3a924   __HOOK_knlId
87e3a928   __HOOK_NUMHOOKS
87e3a92c   SWI_D_runaddr
87e3a92c   _SWI_D_runaddr
87e3a92c   _SWI_data
87e3a930   SWI_D_execaddr
87e3a930   _SWI_D_execaddr
87e3a934   SWI_D_curmask
87e3a934   _SWI_D_curmask
87e3a938   SWI_D_curset
87e3a938   _SWI_D_curset
87e3a93c   SWI_D_lock
87e3a93c   _SWI_D_lock
87e3a940   SWI_D_curmbox
87e3a944   SWI_D_curfxn
87e3a944   _SWI_D_curfxn
87e3a948   SWI_D_rdybeg
87e3a948   _SWI_D_rdybeg
87e3a94c   SWI_D_inswi
87e3a94c   _SWI_D_inswi
87e3a950   SWI_D_rdytab
87e3a9c8   _KNL_wFlag
87e3a9cc   _KNL_wList
87e3a9d0   _KNL_alarm
87e3a9d4   _KNL_setpri
87e3a9d8   _KNL_inactive
87e3a9dc   _KNL_priority
87e3a9e0   _KNL_set
87e3a9e4   _KNL_curtask
87e3a9e8   _KNL_prevtask
87e3a9ec   _KNL_curtime
87e3a9f0   _KNL_swiptr
87e3a9f4   _KNL_curqueue
87e3a9f8   _KNL_maxqueue
87e3a9fc   _KNL_tswitchfxn
87e3aa00   _KNL_tcreatefxn
87e3aa04   _KNL_tdeletefxn
87e3aa08   _KNL_treadyfxn
87e3aa0c   _KNL_idlefxn
87e3aa10   _EXC_sysTrapTable
87e3aa18   _EXC_returnPtr
87e3aa30   HWI_D_spsave
87e3aa30   _HWI_D_spsave
87e3aa30   _HWI_data
87e3aa3c   _HWI_D_inhwi
87e3aa40   HWI_D_bss
87e3aa44   HWI_D_ccmask
87e3aa48   _EXC_exceptionHook
87e3aa4c   _EXC_internalHook
87e3aa50   _EXC_externalHook
87e3aa54   _EXC_nmiHook
87e3aa58   _MEM_memtab
87e3aa64   DDR2
87e3aa64   HST_DSMBUFSEG
87e3aa64   MEM_MALLOCSEG
87e3aa64   MEM_SEGZERO
87e3aa64   RTDX_DATAMEMSEG
87e3aa64   TSK_STACKSEG
87e3aa64   _DDR2
87e3aa68   _TSK_nTasks
87e3aa6c   _TSK_pid
87e3aa70   _TSK
87e3aa74   _CLK_DFLTMICROSECS
87e3aa78   _CLK_D_microseconds
87e3aa7c   _SYS_exitStackPtr
87e3aa80   _SYS_exitStackTop
87e3aa84   _CLK_htimePerLtime
87e3aa8c   _MEM
87e3aa90   _POOL
87e3aa96   ___end__
87e3aa96   end
87e3aaa4   TSK_idle
87e3aaa4   _TSK_idle
87e3aaf8   CLK_A_TABBEG
87e3aaf8   PRD_clock
87e3aaf8   _PRD_clock
87e3aafc   CLK_null
87e3ab00   LOG_system$buf
87e3ac00   HWI_A_VECS
87e3ac00   hwi0
87e3ac20   hwi1
87e3ac40   hwi2
87e3ac60   hwi3
87e3ac80   hwi4
87e3aca0   hwi5
87e3acc0   hwi6
87e3ace0   hwi7
87e3ad00   hwi8
87e3ad20   hwi9
87e3ad40   hwi10
87e3ad60   hwi11
87e3ad80   hwi12
87e3ada0   hwi13
87e3adc0   hwi14
87e3ade0   hwi15
87e3ae00   _SYS_PUTCBEG
87e3afff   _SYS_PUTCEND
87e3b000   _DSPLINK_shmBaseAddress
87e3b008   _DSPLINK_shmBaseAddress_pad
87e3b0d4   KNL_swi
87e3b0d4   SWI_A_TABBEG
87e3b0d4   _KNL_swi
87e3b100   SWI_A_TABEND
87e3b100   trace$buf
87e3b1f0   LOG_A_TABBEG
87e3b1f0   LOG_system
87e3b1f0   _LOG_A_TABBEG
87e3b1f0   _LOG_system
87e3b208   _trace
87e3b208   trace
87e3b220   LOG_A_TABEND
87e3b220   TRC_cinit
87e3b220   _LOG_A_TABEND
87e3b224   TRC_R_mask
87e3b224   _TRC_R_mask
87e3b228   GBL_initdone
ffffffff   CACHE_L1D
ffffffff   CACHE_L1P
ffffffff   CACHE_L2
ffffffff   DSPLINKMEM
ffffffff   ECM_EVTMASK0
ffffffff   ECM_EVTMASK1
ffffffff   ECM_EVTMASK2
ffffffff   ECM_EVTMASK3
ffffffff   IRAM
ffffffff   L1DSRAM
ffffffff   POOLMEM
ffffffff   RESET_VECTOR
ffffffff   _CACHE_L1D
ffffffff   _CACHE_L1P
ffffffff   _CACHE_L2
ffffffff   _DSPLINKMEM
ffffffff   _IRAM
ffffffff   _L1DSRAM
ffffffff   _POOLMEM
ffffffff   _RESET_VECTOR
ffffffff   ___TI_pprof_out_hndl
ffffffff   ___TI_prof_data_size
ffffffff   ___TI_prof_data_start
ffffffff   ___binit__
ffffffff   ___c_args__
ffffffff   ___pinit__
ffffffff   binit
ffffffff   pinit

[1042 symbols]
